Archive member included because of file (symbol)

.\CortexM0\ARM_GCC_484\Debug\PSoC_4_BLE_CapSense_Proximity.a(cyfitter_cfg.o)
                              .\CortexM0\ARM_GCC_484\Debug\Cm0Start.o (cyfitter_cfg)
.\CortexM0\ARM_GCC_484\Debug\PSoC_4_BLE_CapSense_Proximity.a(BLE.o)
                              .\CortexM0\ARM_GCC_484\Debug\main.o (CyBle_Start)
.\CortexM0\ARM_GCC_484\Debug\PSoC_4_BLE_CapSense_Proximity.a(BLE_gatt.o)
                              .\CortexM0\ARM_GCC_484\Debug\BLEApplications.o (cyBle_state)
.\CortexM0\ARM_GCC_484\Debug\PSoC_4_BLE_CapSense_Proximity.a(BLE_eventHandler.o)
                              .\CortexM0\ARM_GCC_484\Debug\PSoC_4_BLE_CapSense_Proximity.a(BLE.o) (cyBle_eventHandlerFlag)
.\CortexM0\ARM_GCC_484\Debug\PSoC_4_BLE_CapSense_Proximity.a(CapSense.o)
                              .\CortexM0\ARM_GCC_484\Debug\main.o (CapSense_Start)
.\CortexM0\ARM_GCC_484\Debug\PSoC_4_BLE_CapSense_Proximity.a(CapSense_CSHL.o)
                              .\CortexM0\ARM_GCC_484\Debug\PSoC_4_BLE_CapSense_Proximity.a(CapSense.o) (CapSense_rawDataIndex)
.\CortexM0\ARM_GCC_484\Debug\PSoC_4_BLE_CapSense_Proximity.a(CapSense_INT.o)
                              .\CortexM0\ARM_GCC_484\Debug\PSoC_4_BLE_CapSense_Proximity.a(CapSense.o) (CapSense_ISR)
.\CortexM0\ARM_GCC_484\Debug\PSoC_4_BLE_CapSense_Proximity.a(CapSense_SMS.o)
                              .\CortexM0\ARM_GCC_484\Debug\PSoC_4_BLE_CapSense_Proximity.a(CapSense_CSHL.o) (CapSense_config)
.\CortexM0\ARM_GCC_484\Debug\PSoC_4_BLE_CapSense_Proximity.a(Status_LED.o)
                              .\CortexM0\ARM_GCC_484\Debug\BLEApplications.o (Status_LED_Write)
.\CortexM0\ARM_GCC_484\Debug\PSoC_4_BLE_CapSense_Proximity.a(CapSense_SampleClk.o)
                              .\CortexM0\ARM_GCC_484\Debug\PSoC_4_BLE_CapSense_Proximity.a(CapSense.o) (CapSense_SampleClk_StartEx)
.\CortexM0\ARM_GCC_484\Debug\PSoC_4_BLE_CapSense_Proximity.a(CapSense_SenseClk.o)
                              .\CortexM0\ARM_GCC_484\Debug\PSoC_4_BLE_CapSense_Proximity.a(CapSense.o) (CapSense_SenseClk_StartEx)
.\CortexM0\ARM_GCC_484\Debug\PSoC_4_BLE_CapSense_Proximity.a(CyBootAsmGnu.o)
                              .\CortexM0\ARM_GCC_484\Debug\PSoC_4_BLE_CapSense_Proximity.a(cyfitter_cfg.o) (CyDelayCycles)
.\CortexM0\ARM_GCC_484\Debug\PSoC_4_BLE_CapSense_Proximity.a(CyLib.o)
                              .\CortexM0\ARM_GCC_484\Debug\PSoC_4_BLE_CapSense_Proximity.a(cyfitter_cfg.o) (CySysClkWriteImoFreq)
.\CortexM0\ARM_GCC_484\Debug\PSoC_4_BLE_CapSense_Proximity.a(cyPm.o)
                              .\CortexM0\ARM_GCC_484\Debug\main.o (CySysPmSleep)
.\CortexM0\ARM_GCC_484\Debug\PSoC_4_BLE_CapSense_Proximity.a(SW2_Switch.o)
                              .\CortexM0\ARM_GCC_484\Debug\main.o (SW2_Switch_ClearInterrupt)
.\CortexM0\ARM_GCC_484\Debug\PSoC_4_BLE_CapSense_Proximity.a(Wakeup_ISR.o)
                              .\CortexM0\ARM_GCC_484\Debug\main.o (Wakeup_ISR_Start)
C:\Program Files (x86)\Cypress\PSoC Creator\3.2\PSoC Creator\psoc\content\cycomponentlibrary\CyComponentLibrary.cylib\BLE_v1_10\Library\gccCyBLEStack_BLE_SOC_PERIPHERAL.a(CyBle.o)
                              .\CortexM0\ARM_GCC_484\Debug\main.o (CyBle_EnterLPM)
C:\Program Files (x86)\Cypress\PSoC Creator\3.2\PSoC Creator\psoc\content\cycomponentlibrary\CyComponentLibrary.cylib\BLE_v1_10\Library\gccCyBLEStack_BLE_SOC_PERIPHERAL.a(CyBleStackMgrIP_Interface.o)
                              C:\Program Files (x86)\Cypress\PSoC Creator\3.2\PSoC Creator\psoc\content\cycomponentlibrary\CyComponentLibrary.cylib\BLE_v1_10\Library\gccCyBLEStack_BLE_SOC_PERIPHERAL.a(CyBle.o) (CyBleStackMgr_BleGetConfigData)
C:\Program Files (x86)\Cypress\PSoC Creator\3.2\PSoC Creator\psoc\content\cycomponentlibrary\CyComponentLibrary.cylib\BLE_v1_10\Library\gccCyBLEStack_BLE_SOC_PERIPHERAL.a(BT_os.o)
                              C:\Program Files (x86)\Cypress\PSoC Creator\3.2\PSoC Creator\psoc\content\cycomponentlibrary\CyComponentLibrary.cylib\BLE_v1_10\Library\gccCyBLEStack_BLE_SOC_PERIPHERAL.a(CyBleStackMgrIP_Interface.o) (bt_stack_init_os)
C:\Program Files (x86)\Cypress\PSoC Creator\3.2\PSoC Creator\psoc\content\cycomponentlibrary\CyComponentLibrary.cylib\BLE_v1_10\Library\gccCyBLEStack_BLE_SOC_PERIPHERAL.a(CyBleStackMgr_StackTaskHandler.o)
                              C:\Program Files (x86)\Cypress\PSoC Creator\3.2\PSoC Creator\psoc\content\cycomponentlibrary\CyComponentLibrary.cylib\BLE_v1_10\Library\gccCyBLEStack_BLE_SOC_PERIPHERAL.a(CyBleStackMgrIP_Interface.o) (CyBle_CreateBleStackTask)
C:\Program Files (x86)\Cypress\PSoC Creator\3.2\PSoC Creator\psoc\content\cycomponentlibrary\CyComponentLibrary.cylib\BLE_v1_10\Library\gccCyBLEStack_BLE_SOC_PERIPHERAL.a(transport_sf.o)
[...]
Memory Configuration

Name             Origin             Length             Attributes
rom              0x00000000         0x00020000         xr
ram              0x20000000         0x00004000         xrw
*default*        0x00000000         0xffffffff

Linker script and memory map

LOAD c:/program files (x86)/cypress/psoc creator/3.2/psoc creator/import/gnu/arm/4.8.4/bin/../lib/gcc/arm-none-eabi/4.8.4/armv6-m/crti.o
LOAD c:/program files (x86)/cypress/psoc creator/3.2/psoc creator/import/gnu/arm/4.8.4/bin/../lib/gcc/arm-none-eabi/4.8.4/armv6-m/crtbegin.o
LOAD c:/program files (x86)/cypress/psoc creator/3.2/psoc creator/import/gnu/arm/4.8.4/bin/../lib/gcc/arm-none-eabi/4.8.4/../../../../arm-none-eabi/lib/armv6-m/crt0.o
START GROUP
LOAD .\CortexM0\ARM_GCC_484\Debug\main.o
LOAD .\CortexM0\ARM_GCC_484\Debug\BLEApplications.o
LOAD .\CortexM0\ARM_GCC_484\Debug\WatchdogTimer.o
LOAD .\CortexM0\ARM_GCC_484\Debug\cymetadata.o
LOAD .\CortexM0\ARM_GCC_484\Debug\Cm0Start.o
LOAD .\CortexM0\ARM_GCC_484\Debug\PSoC_4_BLE_CapSense_Proximity.a
LOAD C:\Program Files (x86)\Cypress\PSoC Creator\3.2\PSoC Creator\psoc\content\cycomponentlibrary\CyComponentLibrary.cylib\BLE_v1_10\Library\gccCyBLEStack_BLE_SOC_PERIPHERAL.a
LOAD C:\Program Files (x86)\Cypress\PSoC Creator\3.2\PSoC Creator\psoc\content\cycomponentlibrary\CyComponentLibrary.cylib\CapSense_CSD_P4_v2_10\PSoC4\Library\CapsenseP4Library_GCC.a
LOAD C:\Program Files (x86)\Cypress\PSoC Creator\3.2\PSoC Creator\psoc\content\cycomponentlibrary\CyComponentLibrary.cylib\CortexM0\ARM_GCC_484\Debug\CyComponentLibrary.a
END GROUP
START GROUP
LOAD c:/program files (x86)/cypress/psoc creator/3.2/psoc creator/import/gnu/arm/4.8.4/bin/../lib/gcc/arm-none-eabi/4.8.4/armv6-m\libgcc.a
LOAD c:/program files (x86)/cypress/psoc creator/3.2/psoc creator/import/gnu/arm/4.8.4/bin/../lib/gcc/arm-none-eabi/4.8.4/../../../../arm-none-eabi/lib/armv6-m\libg_s.a
LOAD c:/program files (x86)/cypress/psoc creator/3.2/psoc creator/import/gnu/arm/4.8.4/bin/../lib/gcc/arm-none-eabi/4.8.4/../../../../arm-none-eabi/lib/armv6-m\libc_s.a
END GROUP
START GROUP
LOAD c:/program files (x86)/cypress/psoc creator/3.2/psoc creator/import/gnu/arm/4.8.4/bin/../lib/gcc/arm-none-eabi/4.8.4/armv6-m\libgcc.a
LOAD c:/program files (x86)/cypress/psoc creator/3.2/psoc creator/import/gnu/arm/4.8.4/bin/../lib/gcc/arm-none-eabi/4.8.4/../../../../arm-none-eabi/lib/armv6-m\libc_s.a
END GROUP
LOAD c:/program files (x86)/cypress/psoc creator/3.2/psoc creator/import/gnu/arm/4.8.4/bin/../lib/gcc/arm-none-eabi/4.8.4/armv6-m/crtend.o
LOAD c:/program files (x86)/cypress/psoc creator/3.2/psoc creator/import/gnu/arm/4.8.4/bin/../lib/gcc/arm-none-eabi/4.8.4/armv6-m/crtn.o
START GROUP
LOAD c:/program files (x86)/cypress/psoc creator/3.2/psoc creator/import/gnu/arm/4.8.4/bin/../lib/gcc/arm-none-eabi/4.8.4/armv6-m\libgcc.a
LOAD c:/program files (x86)/cypress/psoc creator/3.2/psoc creator/import/gnu/arm/4.8.4/bin/../lib/gcc/arm-none-eabi/4.8.4/../../../../arm-none-eabi/lib/armv6-m\libc.a
LOAD c:/program files (x86)/cypress/psoc creator/3.2/psoc creator/import/gnu/arm/4.8.4/bin/../lib/gcc/arm-none-eabi/4.8.4/../../../../arm-none-eabi/lib/armv6-m\libnosys.a
END GROUP
                0x00000000                CY_APPL_ORIGIN = 0x0
                0x00000080                CY_FLASH_ROW_SIZE = 0x80
                0x00000001                CY_APPL_NUM = 0x1
                0x00000040                CY_METADATA_SIZE = 0x40
                0x20002580                PROVIDE (__cy_heap_start, _end)
                0x00000001                PROVIDE (__cy_region_num, ((__cy_regions_end - __cy_regions) / 0x10))
                0x20004000                PROVIDE (__cy_stack, (ORIGIN (ram) + 0x4000))
                0x20003800                PROVIDE (__cy_heap_end, (__cy_stack - 0x800))

.cybootloader   0x00000000        0x0
 *(.cybootloader)
                0x00000000                appl1_start = CY_APPL_ORIGIN?CY_APPL_ORIGIN:ALIGN (CY_FLASH_ROW_SIZE)
                0x0000ff80                appl2_start = (appl1_start + ALIGN ((((0x20000 - appl1_start) - (0x2 * CY_FLASH_ROW_SIZE)) / 0x2), CY_FLASH_ROW_SIZE))
                0x00000000                appl_start = (CY_APPL_NUM == 0x1)?appl1_start:appl2_start

.text           0x00000000     0x3158
 CREATE_OBJECT_SYMBOLS
                0x00000000                PROVIDE (__cy_interrupt_vector, RomVectors)
 *(.romvectors)
 .romvectors    0x00000000       0x10 .\CortexM0\ARM_GCC_484\Debug\Cm0Start.o
                0x00000000                RomVectors
                0x00000001                ASSERT ((. != __cy_interrupt_vector), No interrupt vector)
                0x00000001                ASSERT (CY_APPL_ORIGIN?(SIZEOF (.cybootloader) <= CY_APPL_ORIGIN):0x1, Wrong image location)
                0x00000010                PROVIDE (__cy_reset, Reset)
 *(.text.Reset)
 .text.Reset    0x00000010        0x8 .\CortexM0\ARM_GCC_484\Debug\Cm0Start.o
                0x00000010                Reset
                0x00000001                ASSERT ((. != __cy_reset), No reset code)
 *(.psocinit)
 .psocinit      0x00000018      0x24c .\CortexM0\ARM_GCC_484\Debug\PSoC_4_BLE_CapSense_Proximity.a(cyfitter_cfg.o)
                0x00000104                cyfitter_cfg
                0x00000264                . = MAX (., 0x100)
 *(.text .text.* .gnu.linkonce.t.*)
 .text          0x00000264       0x60 c:/program files (x86)/cypress/psoc creator/3.2/psoc creator/import/gnu/arm/4.8.4/bin/../lib/gcc/arm-none-eabi/4.8.4/armv6-m/crtbegin.o
 .text.main     0x000002c4      0x104 .\CortexM0\ARM_GCC_484\Debug\main.o
                0x000002c4                main
 .text.InitializeSystem
                0x000003c8       0x2c .\CortexM0\ARM_GCC_484\Debug\main.o
                0x000003c8                InitializeSystem
 .text.HandleCapSenseProximity
                0x000003f4       0x58 .\CortexM0\ARM_GCC_484\Debug\main.o
                0x000003f4                HandleCapSenseProximity
 .text.CustomEventHandler
                0x0000044c       0xe0 .\CortexM0\ARM_GCC_484\Debug\BLEApplications.o
                0x0000044c                CustomEventHandler
 .text.SendDataOverCapSenseNotification
                0x0000052c       0x48 .\CortexM0\ARM_GCC_484\Debug\BLEApplications.o
                0x0000052c                SendDataOverCapSenseNotification
 .text.UpdateNotificationCCCD
                0x00000574       0x5c .\CortexM0\ARM_GCC_484\Debug\BLEApplications.o
                0x00000574                UpdateNotificationCCCD
 .text.HandleStatusLED
                0x000005d0       0xc4 .\CortexM0\ARM_GCC_484\Debug\BLEApplications.o
                0x000005d0                HandleStatusLED
 .text.WatchdogTimer_Isr
                0x00000694       0x20 .\CortexM0\ARM_GCC_484\Debug\WatchdogTimer.o
                0x00000694                WatchdogTimer_Isr
 .text.WatchdogTimer_Start
                0x000006b4       0x48 .\CortexM0\ARM_GCC_484\Debug\WatchdogTimer.o
                0x000006b4                WatchdogTimer_Start
 .text.WatchdogTimer_GetTimestamp
                0x000006fc       0x14 .\CortexM0\ARM_GCC_484\Debug\WatchdogTimer.o
                0x000006fc                WatchdogTimer_GetTimestamp
 .text.IntDefaultHandler
                0x00000710        0x8 .\CortexM0\ARM_GCC_484\Debug\Cm0Start.o
                0x00000710                IntDefaultHandler
 .text.Start_c  0x00000718       0x98 .\CortexM0\ARM_GCC_484\Debug\Cm0Start.o
                0x00000718                Start_c
 .text.initialize_psoc
                0x000007b0       0x70 .\CortexM0\ARM_GCC_484\Debug\Cm0Start.o
                0x000007b0                initialize_psoc
 .text.CYMEMZERO
                0x00000820       0x20 .\CortexM0\ARM_GCC_484\Debug\PSoC_4_BLE_CapSense_Proximity.a(cyfitter_cfg.o)
 .text.cfg_write_bytes32
                0x00000840       0x80 .\CortexM0\ARM_GCC_484\Debug\PSoC_4_BLE_CapSense_Proximity.a(cyfitter_cfg.o)
 .text.AnalogSetDefault
                0x000008c0       0x2c .\CortexM0\ARM_GCC_484\Debug\PSoC_4_BLE_CapSense_Proximity.a(cyfitter_cfg.o)
 .text.SetAnalogRoutingPumps
                0x000008ec       0x70 .\CortexM0\ARM_GCC_484\Debug\PSoC_4_BLE_CapSense_Proximity.a(cyfitter_cfg.o)
                0x000008ec                SetAnalogRoutingPumps
 .text.CyBle_Init
                0x0000095c       0x2c .\CortexM0\ARM_GCC_484\Debug\PSoC_4_BLE_CapSense_Proximity.a(BLE.o)
                0x0000095c                CyBle_Init
 .text.CyBle_ServiceInit
                0x00000988        0x8 .\CortexM0\ARM_GCC_484\Debug\PSoC_4_BLE_CapSense_Proximity.a(BLE.o)
                0x00000988                CyBle_ServiceInit
 .text.CyBle_Start
                0x00000990       0x90 .\CortexM0\ARM_GCC_484\Debug\PSoC_4_BLE_CapSense_Proximity.a(BLE.o)
                0x00000990                CyBle_Start
 .text.CyBle_Stop
                0x00000a20       0x1c .\CortexM0\ARM_GCC_484\Debug\PSoC_4_BLE_CapSense_Proximity.a(BLE.o)
                0x00000a20                CyBle_Stop
 .text.CyBle_GappStartAdvertisement
                0x00000a3c       0xc8 .\CortexM0\ARM_GCC_484\Debug\PSoC_4_BLE_CapSense_Proximity.a(BLE.o)
                0x00000a3c                CyBle_GappStartAdvertisement
 .text.CyBle_Get16ByPtr
                0x00000b04       0x24 .\CortexM0\ARM_GCC_484\Debug\PSoC_4_BLE_CapSense_Proximity.a(BLE.o)
                0x00000b04                CyBle_Get16ByPtr
 .text.CyBle_GattsWriteEventHandler
                0x00000b28       0xa0 .\CortexM0\ARM_GCC_484\Debug\PSoC_4_BLE_CapSense_Proximity.a(BLE_gatt.o)
                0x00000b28                CyBle_GattsWriteEventHandler
 .text.CyBle_WriteReqHandler
                0x00000bc8       0x70 .\CortexM0\ARM_GCC_484\Debug\PSoC_4_BLE_CapSense_Proximity.a(BLE_eventHandler.o)
 .text.CyBle_ValueConfirmation
                0x00000c38       0x10 .\CortexM0\ARM_GCC_484\Debug\PSoC_4_BLE_CapSense_Proximity.a(BLE_eventHandler.o)
 .text.CyBle_GattDisconnectEventHandler
                0x00000c48       0x18 .\CortexM0\ARM_GCC_484\Debug\PSoC_4_BLE_CapSense_Proximity.a(BLE_eventHandler.o)
 .text.CyBle_TimeOutEventHandler
                0x00000c60       0x10 .\CortexM0\ARM_GCC_484\Debug\PSoC_4_BLE_CapSense_Proximity.a(BLE_eventHandler.o)
 .text.CyBle_GattConnectReqHandler
                0x00000c70        0x8 .\CortexM0\ARM_GCC_484\Debug\PSoC_4_BLE_CapSense_Proximity.a(BLE_eventHandler.o)
 .text.CyBle_IsDeviceAddressValid
                0x00000c78       0x60 .\CortexM0\ARM_GCC_484\Debug\PSoC_4_BLE_CapSense_Proximity.a(BLE_eventHandler.o)
 .text.CyBle_L2Cap_ConnParamUpdateRspEventHandler
                0x00000cd8       0x14 .\CortexM0\ARM_GCC_484\Debug\PSoC_4_BLE_CapSense_Proximity.a(BLE_eventHandler.o)
 .text.CyBle_GapConnUpdateCompleteEventHandler
                0x00000cec       0x10 .\CortexM0\ARM_GCC_484\Debug\PSoC_4_BLE_CapSense_Proximity.a(BLE_eventHandler.o)
 .text.CyBle_EventHandler
                0x00000cfc      0x288 .\CortexM0\ARM_GCC_484\Debug\PSoC_4_BLE_CapSense_Proximity.a(BLE_eventHandler.o)
                0x00000cfc                CyBle_EventHandler
 .text.CapSense_Init
                0x00000f84       0x3c .\CortexM0\ARM_GCC_484\Debug\PSoC_4_BLE_CapSense_Proximity.a(CapSense.o)
                0x00000f84                CapSense_Init
 .text.CapSense_CsdHwBlockInit
                0x00000fc0       0xbc .\CortexM0\ARM_GCC_484\Debug\PSoC_4_BLE_CapSense_Proximity.a(CapSense.o)
                0x00000fc0                CapSense_CsdHwBlockInit
 .text.CapSense_Enable
                0x0000107c       0x54 .\CortexM0\ARM_GCC_484\Debug\PSoC_4_BLE_CapSense_Proximity.a(CapSense.o)
                0x0000107c                CapSense_Enable
 .text.CapSense_Start
                0x000010d0       0x44 .\CortexM0\ARM_GCC_484\Debug\PSoC_4_BLE_CapSense_Proximity.a(CapSense.o)
                0x000010d0                CapSense_Start
 .text.CapSense_FindNextSensor
                0x00001114       0x48 .\CortexM0\ARM_GCC_484\Debug\PSoC_4_BLE_CapSense_Proximity.a(CapSense.o)
                0x00001114                CapSense_FindNextSensor
 .text.CapSense_ScanSensor
                0x0000115c       0x34 .\CortexM0\ARM_GCC_484\Debug\PSoC_4_BLE_CapSense_Proximity.a(CapSense.o)
                0x0000115c                CapSense_ScanSensor
 .text.CapSense_ScanWidget
                0x00001190       0xdc .\CortexM0\ARM_GCC_484\Debug\PSoC_4_BLE_CapSense_Proximity.a(CapSense.o)
                0x00001190                CapSense_ScanWidget
 .text.CapSense_IsBusy
                0x0000126c       0x1c .\CortexM0\ARM_GCC_484\Debug\PSoC_4_BLE_CapSense_Proximity.a(CapSense.o)
                0x0000126c                CapSense_IsBusy
 .text.CapSense_ReadSensorRaw
                0x00001288       0x1c .\CortexM0\ARM_GCC_484\Debug\PSoC_4_BLE_CapSense_Proximity.a(CapSense.o)
                0x00001288                CapSense_ReadSensorRaw
 .text.CapSense_ClearSensors
                0x000012a4       0x28 .\CortexM0\ARM_GCC_484\Debug\PSoC_4_BLE_CapSense_Proximity.a(CapSense.o)
                0x000012a4                CapSense_ClearSensors
 .text.CapSense_EnableSensor
                0x000012cc       0xb4 .\CortexM0\ARM_GCC_484\Debug\PSoC_4_BLE_CapSense_Proximity.a(CapSense.o)
                0x000012cc                CapSense_EnableSensor
 .text.CapSense_DisableSensor
                0x00001380      0x100 .\CortexM0\ARM_GCC_484\Debug\PSoC_4_BLE_CapSense_Proximity.a(CapSense.o)
                0x00001380                CapSense_DisableSensor
 .text.CapSense_PreScan
                0x00001480      0x1c8 .\CortexM0\ARM_GCC_484\Debug\PSoC_4_BLE_CapSense_Proximity.a(CapSense.o)
                0x00001480                CapSense_PreScan
 .text.CapSense_PostScan
                0x00001648       0xbc .\CortexM0\ARM_GCC_484\Debug\PSoC_4_BLE_CapSense_Proximity.a(CapSense.o)
                0x00001648                CapSense_PostScan
 .text.CapSense_SetShieldDelay
                0x00001704       0x30 .\CortexM0\ARM_GCC_484\Debug\PSoC_4_BLE_CapSense_Proximity.a(CapSense.o)
                0x00001704                CapSense_SetShieldDelay
 .text.CapSense_GetBitValue
                0x00001734       0x44 .\CortexM0\ARM_GCC_484\Debug\PSoC_4_BLE_CapSense_Proximity.a(CapSense.o)
                0x00001734                CapSense_GetBitValue
 .text.CapSense_SetBitValue
                0x00001778       0x68 .\CortexM0\ARM_GCC_484\Debug\PSoC_4_BLE_CapSense_Proximity.a(CapSense.o)
                0x00001778                CapSense_SetBitValue
 .text.CapSense_GetSensorRaw
                0x000017e0       0x50 .\CortexM0\ARM_GCC_484\Debug\PSoC_4_BLE_CapSense_Proximity.a(CapSense.o)
                0x000017e0                CapSense_GetSensorRaw
 .text.CapSense_BaseInit
                0x00001830       0x84 .\CortexM0\ARM_GCC_484\Debug\PSoC_4_BLE_CapSense_Proximity.a(CapSense_CSHL.o)
                0x00001830                CapSense_BaseInit
 .text.CapSense_InitializeSensorBaseline
                0x000018b4       0x2c .\CortexM0\ARM_GCC_484\Debug\PSoC_4_BLE_CapSense_Proximity.a(CapSense_CSHL.o)
                0x000018b4                CapSense_InitializeSensorBaseline
 .text.CapSense_InitializeAllBaselines
                0x000018e0       0x28 .\CortexM0\ARM_GCC_484\Debug\PSoC_4_BLE_CapSense_Proximity.a(CapSense_CSHL.o)
                0x000018e0                CapSense_InitializeAllBaselines
 .text.CapSense_UpdateBaselineNoThreshold
                0x00001908      0x228 .\CortexM0\ARM_GCC_484\Debug\PSoC_4_BLE_CapSense_Proximity.a(CapSense_CSHL.o)
                0x00001908                CapSense_UpdateBaselineNoThreshold
 .text.CapSense_UpdateSensorBaseline
                0x00001b30       0x20 .\CortexM0\ARM_GCC_484\Debug\PSoC_4_BLE_CapSense_Proximity.a(CapSense_CSHL.o)
                0x00001b30                CapSense_UpdateSensorBaseline
 .text.CapSense_UpdateEnabledBaselines
                0x00001b50       0x40 .\CortexM0\ARM_GCC_484\Debug\PSoC_4_BLE_CapSense_Proximity.a(CapSense_CSHL.o)
                0x00001b50                CapSense_UpdateEnabledBaselines
 .text.CapSense_GetDiffCountData
                0x00001b90       0x1c .\CortexM0\ARM_GCC_484\Debug\PSoC_4_BLE_CapSense_Proximity.a(CapSense_CSHL.o)
                0x00001b90                CapSense_GetDiffCountData
 .text.CapSense_EnableWidget
                0x00001bac       0x5c .\CortexM0\ARM_GCC_484\Debug\PSoC_4_BLE_CapSense_Proximity.a(CapSense_CSHL.o)
                0x00001bac                CapSense_EnableWidget
 .text.CapSense_IIR4Filter
                0x00001c08       0x3c .\CortexM0\ARM_GCC_484\Debug\PSoC_4_BLE_CapSense_Proximity.a(CapSense_CSHL.o)
                0x00001c08                CapSense_IIR4Filter
 .text.CapSense_ISR
                0x00001c44       0xd4 .\CortexM0\ARM_GCC_484\Debug\PSoC_4_BLE_CapSense_Proximity.a(CapSense_INT.o)
                0x00001c44                CapSense_ISR
 .text.CapSense_AutoTune
                0x00001d18       0xf4 .\CortexM0\ARM_GCC_484\Debug\PSoC_4_BLE_CapSense_Proximity.a(CapSense_SMS.o)
                0x00001d18                CapSense_AutoTune
 .text.CapSense_UpdateThresholds
                0x00001e0c       0x70 .\CortexM0\ARM_GCC_484\Debug\PSoC_4_BLE_CapSense_Proximity.a(CapSense_SMS.o)
                0x00001e0c                CapSense_UpdateThresholds
 .text.CapSense_SetAnalogSwitchesSrcDirect
                0x00001e7c       0x18 .\CortexM0\ARM_GCC_484\Debug\PSoC_4_BLE_CapSense_Proximity.a(CapSense_SMS.o)
                0x00001e7c                CapSense_SetAnalogSwitchesSrcDirect
 .text.CapSense_DisableBaselineIDAC
                0x00001e94       0x34 .\CortexM0\ARM_GCC_484\Debug\PSoC_4_BLE_CapSense_Proximity.a(CapSense_SMS.o)
                0x00001e94                CapSense_DisableBaselineIDAC
 .text.CapSense_EnableBaselineIDAC
                0x00001ec8       0x8c .\CortexM0\ARM_GCC_484\Debug\PSoC_4_BLE_CapSense_Proximity.a(CapSense_SMS.o)
                0x00001ec8                CapSense_EnableBaselineIDAC
 .text.Status_LED_Write
                0x00001f54       0x4c .\CortexM0\ARM_GCC_484\Debug\PSoC_4_BLE_CapSense_Proximity.a(Status_LED.o)
                0x00001f54                Status_LED_Write
 .text.Status_LED_SetDriveMode
                0x00001fa0       0x30 .\CortexM0\ARM_GCC_484\Debug\PSoC_4_BLE_CapSense_Proximity.a(Status_LED.o)
                0x00001fa0                Status_LED_SetDriveMode
 .text.Status_LED_Read
                0x00001fd0       0x1c .\CortexM0\ARM_GCC_484\Debug\PSoC_4_BLE_CapSense_Proximity.a(Status_LED.o)
                0x00001fd0                Status_LED_Read
 .text.CapSense_SampleClk_StartEx
                0x00001fec       0x2c .\CortexM0\ARM_GCC_484\Debug\PSoC_4_BLE_CapSense_Proximity.a(CapSense_SampleClk.o)
                0x00001fec                CapSense_SampleClk_StartEx
 .text.CapSense_SampleClk_Stop
                0x00002018       0x20 .\CortexM0\ARM_GCC_484\Debug\PSoC_4_BLE_CapSense_Proximity.a(CapSense_SampleClk.o)
                0x00002018                CapSense_SampleClk_Stop
 .text.CapSense_SampleClk_SetFractionalDividerRegister
                0x00002038       0x44 .\CortexM0\ARM_GCC_484\Debug\PSoC_4_BLE_CapSense_Proximity.a(CapSense_SampleClk.o)
                0x00002038                CapSense_SampleClk_SetFractionalDividerRegister
 .text.CapSense_SenseClk_StartEx
                0x0000207c       0x2c .\CortexM0\ARM_GCC_484\Debug\PSoC_4_BLE_CapSense_Proximity.a(CapSense_SenseClk.o)
                0x0000207c                CapSense_SenseClk_StartEx
 .text.CapSense_SenseClk_Stop
                0x000020a8       0x20 .\CortexM0\ARM_GCC_484\Debug\PSoC_4_BLE_CapSense_Proximity.a(CapSense_SenseClk.o)
                0x000020a8                CapSense_SenseClk_Stop
 .text.CapSense_SenseClk_SetFractionalDividerRegister
                0x000020c8       0x44 .\CortexM0\ARM_GCC_484\Debug\PSoC_4_BLE_CapSense_Proximity.a(CapSense_SenseClk.o)
                0x000020c8                CapSense_SenseClk_SetFractionalDividerRegister
 *fill*         0x0000210c        0x4 
 .text          0x00002110       0x20 .\CortexM0\ARM_GCC_484\Debug\PSoC_4_BLE_CapSense_Proximity.a(CyBootAsmGnu.o)
                0x00002110                CyDelayCycles
                0x00002122                CyEnterCriticalSection
                0x0000212a                CyExitCriticalSection
 .text.CySysClkWcoSetHighPowerMode
                0x00002130       0x3c .\CortexM0\ARM_GCC_484\Debug\PSoC_4_BLE_CapSense_Proximity.a(CyLib.o)
 .text.CySysClkWcoSetLowPowerMode
                0x0000216c       0x48 .\CortexM0\ARM_GCC_484\Debug\PSoC_4_BLE_CapSense_Proximity.a(CyLib.o)
 .text.CySysClkWriteSysclkDiv
                0x000021b4       0x44 .\CortexM0\ARM_GCC_484\Debug\PSoC_4_BLE_CapSense_Proximity.a(CyLib.o)
                0x000021b4                CySysClkWriteSysclkDiv
 .text.CySysClkWriteImoFreq
                0x000021f8      0x1e0 .\CortexM0\ARM_GCC_484\Debug\PSoC_4_BLE_CapSense_Proximity.a(CyLib.o)
                0x000021f8                CySysClkWriteImoFreq
 .text.CySysClkEcoStart
                0x000023d8       0x74 .\CortexM0\ARM_GCC_484\Debug\PSoC_4_BLE_CapSense_Proximity.a(CyLib.o)
                0x000023d8                CySysClkEcoStart
 .text.CySysClkEcoReadStatus
                0x0000244c       0x18 .\CortexM0\ARM_GCC_484\Debug\PSoC_4_BLE_CapSense_Proximity.a(CyLib.o)
                0x0000244c                CySysClkEcoReadStatus
 .text.CySysClkWcoStart
                0x00002464       0x20 .\CortexM0\ARM_GCC_484\Debug\PSoC_4_BLE_CapSense_Proximity.a(CyLib.o)
                0x00002464                CySysClkWcoStart
 .text.CySysClkWcoSetPowerMode
                0x00002484       0x40 .\CortexM0\ARM_GCC_484\Debug\PSoC_4_BLE_CapSense_Proximity.a(CyLib.o)
                0x00002484                CySysClkWcoSetPowerMode
 .text.CySysWdtLock
                0x000024c4       0x34 .\CortexM0\ARM_GCC_484\Debug\PSoC_4_BLE_CapSense_Proximity.a(CyLib.o)
                0x000024c4                CySysWdtLock
 .text.CySysWdtLocked
                0x000024f8       0x20 .\CortexM0\ARM_GCC_484\Debug\PSoC_4_BLE_CapSense_Proximity.a(CyLib.o)
 .text.CySysWdtUnlock
                0x00002518       0x4c .\CortexM0\ARM_GCC_484\Debug\PSoC_4_BLE_CapSense_Proximity.a(CyLib.o)
                0x00002518                CySysWdtUnlock
 .text.CySysWdtReadEnabledStatus
                0x00002564       0x30 .\CortexM0\ARM_GCC_484\Debug\PSoC_4_BLE_CapSense_Proximity.a(CyLib.o)
                0x00002564                CySysWdtReadEnabledStatus
 .text.CySysWdtWriteMode
                0x00002594       0x60 .\CortexM0\ARM_GCC_484\Debug\PSoC_4_BLE_CapSense_Proximity.a(CyLib.o)
                0x00002594                CySysWdtWriteMode
 .text.CySysWdtWriteClearOnMatch
                0x000025f4       0x70 .\CortexM0\ARM_GCC_484\Debug\PSoC_4_BLE_CapSense_Proximity.a(CyLib.o)
                0x000025f4                CySysWdtWriteClearOnMatch
 .text.CySysWdtEnable
                0x00002664       0x64 .\CortexM0\ARM_GCC_484\Debug\PSoC_4_BLE_CapSense_Proximity.a(CyLib.o)
                0x00002664                CySysWdtEnable
 .text.CySysWdtWriteMatch
                0x000026c8       0x90 .\CortexM0\ARM_GCC_484\Debug\PSoC_4_BLE_CapSense_Proximity.a(CyLib.o)
                0x000026c8                CySysWdtWriteMatch
 .text.CySysWdtClearInterrupt
                0x00002758       0x6c .\CortexM0\ARM_GCC_484\Debug\PSoC_4_BLE_CapSense_Proximity.a(CyLib.o)
                0x00002758                CySysWdtClearInterrupt
 .text.CyIntSetVector
                0x000027c4       0x4c .\CortexM0\ARM_GCC_484\Debug\PSoC_4_BLE_CapSense_Proximity.a(CyLib.o)
                0x000027c4                CyIntSetVector
 .text.CyIntSetPriority
                0x00002810       0xa8 .\CortexM0\ARM_GCC_484\Debug\PSoC_4_BLE_CapSense_Proximity.a(CyLib.o)
                0x00002810                CyIntSetPriority
 .text.CyIntEnable
                0x000028b8       0x2c .\CortexM0\ARM_GCC_484\Debug\PSoC_4_BLE_CapSense_Proximity.a(CyLib.o)
                0x000028b8                CyIntEnable
 .text.CyIntDisable
                0x000028e4       0x2c .\CortexM0\ARM_GCC_484\Debug\PSoC_4_BLE_CapSense_Proximity.a(CyLib.o)
                0x000028e4                CyIntDisable
 .text.CyHalt   0x00002910       0x14 .\CortexM0\ARM_GCC_484\Debug\PSoC_4_BLE_CapSense_Proximity.a(CyLib.o)
                0x00002910                CyHalt
 .text.CyDelayUs
                0x00002924       0x28 .\CortexM0\ARM_GCC_484\Debug\PSoC_4_BLE_CapSense_Proximity.a(CyLib.o)
                0x00002924                CyDelayUs
 .text.CySysPmSleep
                0x0000294c       0x34 .\CortexM0\ARM_GCC_484\Debug\PSoC_4_BLE_CapSense_Proximity.a(cyPm.o)
                0x0000294c                CySysPmSleep
 .text.CySysPmDeepSleep
                0x00002980       0x6c .\CortexM0\ARM_GCC_484\Debug\PSoC_4_BLE_CapSense_Proximity.a(cyPm.o)
                0x00002980                CySysPmDeepSleep
 .text.CySysPmHibernate
                0x000029ec       0x6c .\CortexM0\ARM_GCC_484\Debug\PSoC_4_BLE_CapSense_Proximity.a(cyPm.o)
                0x000029ec                CySysPmHibernate
 .text.SW2_Switch_ClearInterrupt
                0x00002a58       0x30 .\CortexM0\ARM_GCC_484\Debug\PSoC_4_BLE_CapSense_Proximity.a(SW2_Switch.o)
                0x00002a58                SW2_Switch_ClearInterrupt
 .text.Wakeup_ISR_Start
                0x00002a88       0x24 .\CortexM0\ARM_GCC_484\Debug\PSoC_4_BLE_CapSense_Proximity.a(Wakeup_ISR.o)
                0x00002a88                Wakeup_ISR_Start
 .text.Wakeup_ISR_Interrupt
                0x00002aac        0x8 .\CortexM0\ARM_GCC_484\Debug\PSoC_4_BLE_CapSense_Proximity.a(Wakeup_ISR.o)
                0x00002aac                Wakeup_ISR_Interrupt
 .text.Wakeup_ISR_SetVector
                0x00002ab4       0x18 .\CortexM0\ARM_GCC_484\Debug\PSoC_4_BLE_CapSense_Proximity.a(Wakeup_ISR.o)
                0x00002ab4                Wakeup_ISR_SetVector
 .text.Wakeup_ISR_SetPriority
                0x00002acc       0x50 .\CortexM0\ARM_GCC_484\Debug\PSoC_4_BLE_CapSense_Proximity.a(Wakeup_ISR.o)
                0x00002acc                Wakeup_ISR_SetPriority
 .text.Wakeup_ISR_Enable
                0x00002b1c       0x14 .\CortexM0\ARM_GCC_484\Debug\PSoC_4_BLE_CapSense_Proximity.a(Wakeup_ISR.o)
                0x00002b1c                Wakeup_ISR_Enable
 .text.Wakeup_ISR_Disable
                0x00002b30       0x14 .\CortexM0\ARM_GCC_484\Debug\PSoC_4_BLE_CapSense_Proximity.a(Wakeup_ISR.o)
                0x00002b30                Wakeup_ISR_Disable
 .text.CalibrateOneDAC_P4_v2_10
                0x00002b44       0x44 C:\Program Files (x86)\Cypress\PSoC Creator\3.2\PSoC Creator\psoc\content\cycomponentlibrary\CyComponentLibrary.cylib\CapSense_CSD_P4_v2_10\PSoC4\Library\CapsenseP4Library_GCC.a(CSD_P4_SmartSense_v2_10.o)
                0x00002b44                CalibrateOneDAC_P4_v2_10
 .text.CalibrateSensors_P4_v2_10
                0x00002b88       0x22 C:\Program Files (x86)\Cypress\PSoC Creator\3.2\PSoC Creator\psoc\content\cycomponentlibrary\CyComponentLibrary.cylib\CapSense_CSD_P4_v2_10\PSoC4\Library\CapsenseP4Library_GCC.a(CSD_P4_SmartSense_v2_10.o)
                0x00002b88                CalibrateSensors_P4_v2_10
 *fill*         0x00002baa        0x2 
 .text.TunePrescalers_P4_v2_10
                0x00002bac       0x48 C:\Program Files (x86)\Cypress\PSoC Creator\3.2\PSoC Creator\psoc\content\cycomponentlibrary\CyComponentLibrary.cylib\CapSense_CSD_P4_v2_10\PSoC4\Library\CapsenseP4Library_GCC.a(CSD_P4_SmartSense_v2_10.o)
                0x00002bac                TunePrescalers_P4_v2_10
 .text.TuneSensitivity_P4_v2_10
                0x00002bf4      0x100 C:\Program Files (x86)\Cypress\PSoC Creator\3.2\PSoC Creator\psoc\content\cycomponentlibrary\CyComponentLibrary.cylib\CapSense_CSD_P4_v2_10\PSoC4\Library\CapsenseP4Library_GCC.a(CSD_P4_SmartSense_v2_10.o)
                0x00002bf4                TuneSensitivity_P4_v2_10
 .text.MeasureNoiseEnvelope_P4_v2_10
                0x00002cf4      0x118 C:\Program Files (x86)\Cypress\PSoC Creator\3.2\PSoC Creator\psoc\content\cycomponentlibrary\CyComponentLibrary.cylib\CapSense_CSD_P4_v2_10\PSoC4\Library\CapsenseP4Library_GCC.a(CSD_P4_SmartSense_v2_10.o)
                0x00002cf4                MeasureNoiseEnvelope_P4_v2_10
 .text.CyBLE_Bless_LlRegWrite
                0x00002e0c       0x1c .\CortexM0\ARM_GCC_484\Debug\PSoC_4_BLE_CapSense_Proximity.a(BLE_HAL_PVT.o)
                0x00002e0c                CyBLE_Bless_LlRegWrite
 .text.CyBLE_Bless_RfRegWrite
                0x00002e28       0x1c .\CortexM0\ARM_GCC_484\Debug\PSoC_4_BLE_CapSense_Proximity.a(BLE_HAL_PVT.o)
                0x00002e28                CyBLE_Bless_RfRegWrite
 .text.CyBleHal_DelayUs
                0x00002e44       0x1c .\CortexM0\ARM_GCC_484\Debug\PSoC_4_BLE_CapSense_Proximity.a(BLE_HAL_PVT.o)
                0x00002e44                CyBleHal_DelayUs
 .text.CyBleHal_EnableGlobalInterrupts
                0x00002e60        0xc .\CortexM0\ARM_GCC_484\Debug\PSoC_4_BLE_CapSense_Proximity.a(BLE_HAL_PVT.o)
                0x00002e60                CyBleHal_EnableGlobalInterrupts
 .text.CyBleHal_DisableGlobalInterrupts
                0x00002e6c        0xc .\CortexM0\ARM_GCC_484\Debug\PSoC_4_BLE_CapSense_Proximity.a(BLE_HAL_PVT.o)
                0x00002e6c                CyBleHal_DisableGlobalInterrupts
 .text.CyBle_HalInit
                0x00002e78       0x20 .\CortexM0\ARM_GCC_484\Debug\PSoC_4_BLE_CapSense_Proximity.a(BLE_HAL_PVT.o)
                0x00002e78                CyBle_HalInit
 .text.CYBLE_BlessStart
                0x00002e98       0x14 .\CortexM0\ARM_GCC_484\Debug\PSoC_4_BLE_CapSense_Proximity.a(BLE_HAL_PVT.o)
                0x00002e98                CYBLE_BlessStart
 .text.BLE_bless_isr_StartEx
                0x00002eac       0x24 .\CortexM0\ARM_GCC_484\Debug\PSoC_4_BLE_CapSense_Proximity.a(BLE_bless_isr.o)
                0x00002eac                BLE_bless_isr_StartEx
 .text.BLE_bless_isr_SetVector
                0x00002ed0       0x18 .\CortexM0\ARM_GCC_484\Debug\PSoC_4_BLE_CapSense_Proximity.a(BLE_bless_isr.o)
                0x00002ed0                BLE_bless_isr_SetVector
 .text.BLE_bless_isr_SetPriority
                0x00002ee8       0x50 .\CortexM0\ARM_GCC_484\Debug\PSoC_4_BLE_CapSense_Proximity.a(BLE_bless_isr.o)
                0x00002ee8                BLE_bless_isr_SetPriority
 .text.BLE_bless_isr_Enable
                0x00002f38       0x14 .\CortexM0\ARM_GCC_484\Debug\PSoC_4_BLE_CapSense_Proximity.a(BLE_bless_isr.o)
                0x00002f38                BLE_bless_isr_Enable
 .text.BLE_bless_isr_Disable
                0x00002f4c       0x14 .\CortexM0\ARM_GCC_484\Debug\PSoC_4_BLE_CapSense_Proximity.a(BLE_bless_isr.o)
                0x00002f4c                BLE_bless_isr_Disable
 .text.CyBLE_Bless_Interrupt
                0x00002f60        0xc .\CortexM0\ARM_GCC_484\Debug\PSoC_4_BLE_CapSense_Proximity.a(BLE_HAL_INT.o)
                0x00002f60                CyBLE_Bless_Interrupt
 .text          0x00002f6c       0x9c c:/program files (x86)/cypress/psoc creator/3.2/psoc creator/import/gnu/arm/4.8.4/bin/../lib/gcc/arm-none-eabi/4.8.4/armv6-m\libgcc.a(_udivsi3.o)
                0x00002f6c                __aeabi_uidiv
                0x00002f6c                __udivsi3
                0x00002ff4                __aeabi_uidivmod
 .text          0x00003008       0xc0 c:/program files (x86)/cypress/psoc creator/3.2/psoc creator/import/gnu/arm/4.8.4/bin/../lib/gcc/arm-none-eabi/4.8.4/armv6-m\libgcc.a(_divsi3.o)
                0x00003008                __divsi3
                0x00003008                __aeabi_idiv
                0x000030b4                __aeabi_idivmod
 .text          0x000030c8        0x4 c:/program files (x86)/cypress/psoc creator/3.2/psoc creator/import/gnu/arm/4.8.4/bin/../lib/gcc/arm-none-eabi/4.8.4/armv6-m\libgcc.a(_dvmd_tls.o)
                0x000030c8                __aeabi_idiv0
                0x000030c8                __aeabi_ldiv0
 .text.__libc_init_array
                0x000030cc       0x4c c:/program files (x86)/cypress/psoc creator/3.2/psoc creator/import/gnu/arm/4.8.4/bin/../lib/gcc/arm-none-eabi/4.8.4/../../../../arm-none-eabi/lib/armv6-m\libg_s.a(lib_a-init.o)
                0x000030cc                __libc_init_array
 .text.memcmp   0x00003118       0x1e c:/program files (x86)/cypress/psoc creator/3.2/psoc creator/import/gnu/arm/4.8.4/bin/../lib/gcc/arm-none-eabi/4.8.4/../../../../arm-none-eabi/lib/armv6-m\libg_s.a(lib_a-memcmp.o)
                0x00003118                memcmp
 .text.memcpy   0x00003136       0x12 c:/program files (x86)/cypress/psoc creator/3.2/psoc creator/import/gnu/arm/4.8.4/bin/../lib/gcc/arm-none-eabi/4.8.4/../../../../arm-none-eabi/lib/armv6-m\libg_s.a(lib_a-memcpy-stub.o)
                0x00003136                memcpy
 .text.memset   0x00003148       0x10 c:/program files (x86)/cypress/psoc creator/3.2/psoc creator/import/gnu/arm/4.8.4/bin/../lib/gcc/arm-none-eabi/4.8.4/../../../../arm-none-eabi/lib/armv6-m\libg_s.a(lib_a-memset.o)
                0x00003148                memset
 *(.plt)
 *(.gnu.warning)
 *(.glue_7t)
 .glue_7t       0x00000000        0x0 linker stubs
 *(.glue_7)
 .glue_7        0x00000000        0x0 linker stubs
 *(.vfp11_veneer)
 .vfp11_veneer  0x00000000        0x0 linker stubs
 *(.bootloader)
 *(.ARM.extab* .gnu.linkonce.armextab.*)
 *(.gcc_except_table)

.v4_bx          0x00003158        0x0
 .v4_bx         0x00000000        0x0 linker stubs

.iplt           0x00003158        0x0
 .iplt          0x00000000        0x0 c:/program files (x86)/cypress/psoc creator/3.2/psoc creator/import/gnu/arm/4.8.4/bin/../lib/gcc/arm-none-eabi/4.8.4/armv6-m/crtbegin.o

i.CyBle_EnterLPM
                0x00003158        0x8
 i.CyBle_EnterLPM
                0x00003158        0x8 C:\Program Files (x86)\Cypress\PSoC Creator\3.2\PSoC Creator\psoc\content\cycomponentlibrary\CyComponentLibrary.cylib\BLE_v1_10\Library\gccCyBLEStack_BLE_SOC_PERIPHERAL.a(CyBle.o)
                0x00003158                CyBle_EnterLPM

i.CyBle_ExitLPM
                0x00003160        0x8
 i.CyBle_ExitLPM
                0x00003160        0x8 C:\Program Files (x86)\Cypress\PSoC Creator\3.2\PSoC Creator\psoc\content\cycomponentlibrary\CyComponentLibrary.cylib\BLE_v1_10\Library\gccCyBLEStack_BLE_SOC_PERIPHERAL.a(CyBle.o)
                0x00003160                CyBle_ExitLPM

i.CyBle_ProcessEvents
                0x00003168        0x8
 i.CyBle_ProcessEvents
                0x00003168        0x8 C:\Program Files (x86)\Cypress\PSoC Creator\3.2\PSoC Creator\psoc\content\cycomponentlibrary\CyComponentLibrary.cylib\BLE_v1_10\Library\gccCyBLEStack_BLE_SOC_PERIPHERAL.a(CyBle.o)
                0x00003168                CyBle_ProcessEvents

i.CyBle_SetDeviceAddress
                0x00003170       0x24
 i.CyBle_SetDeviceAddress
                0x00003170       0x24 C:\Program Files (x86)\Cypress\PSoC Creator\3.2\PSoC Creator\psoc\content\cycomponentlibrary\CyComponentLibrary.cylib\BLE_v1_10\Library\gccCyBLEStack_BLE_SOC_PERIPHERAL.a(CyBle.o)
                0x00003170                CyBle_SetDeviceAddress

i.CyBle_Shutdown
                0x00003194       0x28
 i.CyBle_Shutdown
                0x00003194       0x28 C:\Program Files (x86)\Cypress\PSoC Creator\3.2\PSoC Creator\psoc\content\cycomponentlibrary\CyComponentLibrary.cylib\BLE_v1_10\Library\gccCyBLEStack_BLE_SOC_PERIPHERAL.a(CyBle.o)
                0x00003194                CyBle_Shutdown

i.CyBle_StackInit
                0x000031bc       0x84
 i.CyBle_StackInit
                0x000031bc       0x84 C:\Program Files (x86)\Cypress\PSoC Creator\3.2\PSoC Creator\psoc\content\cycomponentlibrary\CyComponentLibrary.cylib\BLE_v1_10\Library\gccCyBLEStack_BLE_SOC_PERIPHERAL.a(CyBle.o)
                0x000031bc                CyBle_StackInit

i.CyBleStackMgr_BleGetConfigData
                0x00003240        0x4
 i.CyBleStackMgr_BleGetConfigData
                0x00003240        0x4 C:\Program Files (x86)\Cypress\PSoC Creator\3.2\PSoC Creator\psoc\content\cycomponentlibrary\CyComponentLibrary.cylib\BLE_v1_10\Library\gccCyBLEStack_BLE_SOC_PERIPHERAL.a(CyBleStackMgrIP_Interface.o)
                0x00003240                CyBleStackMgr_BleGetConfigData

i.CyBleStackMgr_BleSetConfigData
                0x00003244        0x4
 i.CyBleStackMgr_BleSetConfigData
                0x00003244        0x4 C:\Program Files (x86)\Cypress\PSoC Creator\3.2\PSoC Creator\psoc\content\cycomponentlibrary\CyComponentLibrary.cylib\BLE_v1_10\Library\gccCyBLEStack_BLE_SOC_PERIPHERAL.a(CyBleStackMgrIP_Interface.o)
                0x00003244                CyBleStackMgr_BleSetConfigData

i.CyBleStackMgr_Init
                0x00003248      0x104
 i.CyBleStackMgr_Init
                0x00003248      0x104 C:\Program Files (x86)\Cypress\PSoC Creator\3.2\PSoC Creator\psoc\content\cycomponentlibrary\CyComponentLibrary.cylib\BLE_v1_10\Library\gccCyBLEStack_BLE_SOC_PERIPHERAL.a(CyBleStackMgrIP_Interface.o)
                0x00003248                CyBleStackMgr_Init

i.CyBleStackMgr_ProcessBleEvents
                0x0000334c       0x14
 i.CyBleStackMgr_ProcessBleEvents
                0x0000334c       0x14 C:\Program Files (x86)\Cypress\PSoC Creator\3.2\PSoC Creator\psoc\content\cycomponentlibrary\CyComponentLibrary.cylib\BLE_v1_10\Library\gccCyBLEStack_BLE_SOC_PERIPHERAL.a(CyBleStackMgrIP_Interface.o)
                0x0000334c                CyBleStackMgr_ProcessBleEvents

i.CyBleStackMgr_Reset
                0x00003360       0x16
 i.CyBleStackMgr_Reset
                0x00003360       0x16 C:\Program Files (x86)\Cypress\PSoC Creator\3.2\PSoC Creator\psoc\content\cycomponentlibrary\CyComponentLibrary.cylib\BLE_v1_10\Library\gccCyBLEStack_BLE_SOC_PERIPHERAL.a(CyBleStackMgrIP_Interface.o)
                0x00003360                CyBleStackMgr_Reset

i.CyBleStackMgr_Shutdown
                0x00003378       0x18
 i.CyBleStackMgr_Shutdown
                0x00003378       0x18 C:\Program Files (x86)\Cypress\PSoC Creator\3.2\PSoC Creator\psoc\content\cycomponentlibrary\CyComponentLibrary.cylib\BLE_v1_10\Library\gccCyBLEStack_BLE_SOC_PERIPHERAL.a(CyBleStackMgrIP_Interface.o)
                0x00003378                CyBleStackMgr_Shutdown

i.ble_stack_idle_task_callback
                0x00003390        0x2
 i.ble_stack_idle_task_callback
                0x00003390        0x2 C:\Program Files (x86)\Cypress\PSoC Creator\3.2\PSoC Creator\psoc\content\cycomponentlibrary\CyComponentLibrary.cylib\BLE_v1_10\Library\gccCyBLEStack_BLE_SOC_PERIPHERAL.a(CyBleStackMgrIP_Interface.o)
                0x00003390                ble_stack_idle_task_callback

i.BT_OSFreeBuf  0x00003394       0x18
 i.BT_OSFreeBuf
                0x00003394       0x18 C:\Program Files (x86)\Cypress\PSoC Creator\3.2\PSoC Creator\psoc\content\cycomponentlibrary\CyComponentLibrary.cylib\BLE_v1_10\Library\gccCyBLEStack_BLE_SOC_PERIPHERAL.a(BT_os.o)
                0x00003394                BT_OSFreeBuf

i.BT_OSGetBuF   0x000033ac       0x1c
 i.BT_OSGetBuF  0x000033ac       0x1c C:\Program Files (x86)\Cypress\PSoC Creator\3.2\PSoC Creator\psoc\content\cycomponentlibrary\CyComponentLibrary.cylib\BLE_v1_10\Library\gccCyBLEStack_BLE_SOC_PERIPHERAL.a(BT_os.o)
                0x000033ac                BT_OSGetBuF

i.BT_OSMemCreate
                0x000033c8       0x1c
 i.BT_OSMemCreate
                0x000033c8       0x1c C:\Program Files (x86)\Cypress\PSoC Creator\3.2\PSoC Creator\psoc\content\cycomponentlibrary\CyComponentLibrary.cylib\BLE_v1_10\Library\gccCyBLEStack_BLE_SOC_PERIPHERAL.a(BT_os.o)
                0x000033c8                BT_OSMemCreate

i.BT_alloc_mem_ext
                0x000033e4       0x34
 i.BT_alloc_mem_ext
                0x000033e4       0x34 C:\Program Files (x86)\Cypress\PSoC Creator\3.2\PSoC Creator\psoc\content\cycomponentlibrary\CyComponentLibrary.cylib\BLE_v1_10\Library\gccCyBLEStack_BLE_SOC_PERIPHERAL.a(BT_os.o)
                0x000033e4                BT_alloc_mem_ext

i.BT_free_mem   0x00003418        0xc
 i.BT_free_mem  0x00003418        0xc C:\Program Files (x86)\Cypress\PSoC Creator\3.2\PSoC Creator\psoc\content\cycomponentlibrary\CyComponentLibrary.cylib\BLE_v1_10\Library\gccCyBLEStack_BLE_SOC_PERIPHERAL.a(BT_os.o)
                0x00003418                BT_free_mem

i.bt_stack_init_os
                0x00003424       0x34
 i.bt_stack_init_os
                0x00003424       0x34 C:\Program Files (x86)\Cypress\PSoC Creator\3.2\PSoC Creator\psoc\content\cycomponentlibrary\CyComponentLibrary.cylib\BLE_v1_10\Library\gccCyBLEStack_BLE_SOC_PERIPHERAL.a(BT_os.o)
                0x00003424                bt_stack_init_os

i.CyBle_CheckBleStackTaskStatus
                0x00003458        0x4
 i.CyBle_CheckBleStackTaskStatus
                0x00003458        0x4 C:\Program Files (x86)\Cypress\PSoC Creator\3.2\PSoC Creator\psoc\content\cycomponentlibrary\CyComponentLibrary.cylib\BLE_v1_10\Library\gccCyBLEStack_BLE_SOC_PERIPHERAL.a(CyBleStackMgr_StackTaskHandler.o)
                0x00003458                CyBle_CheckBleStackTaskStatus

i.CyBle_CreateBleStackTask
                0x0000345c       0x2c
 i.CyBle_CreateBleStackTask
                0x0000345c       0x2c C:\Program Files (x86)\Cypress\PSoC Creator\3.2\PSoC Creator\psoc\content\cycomponentlibrary\CyComponentLibrary.cylib\BLE_v1_10\Library\gccCyBLEStack_BLE_SOC_PERIPHERAL.a(CyBleStackMgr_StackTaskHandler.o)
                0x0000345c                CyBle_CreateBleStackTask

i.CyBle_SignalBleStackTask
                0x00003488       0x50
 i.CyBle_SignalBleStackTask
                0x00003488       0x50 C:\Program Files (x86)\Cypress\PSoC Creator\3.2\PSoC Creator\psoc\content\cycomponentlibrary\CyComponentLibrary.cylib\BLE_v1_10\Library\gccCyBLEStack_BLE_SOC_PERIPHERAL.a(CyBleStackMgr_StackTaskHandler.o)
                0x00003488                CyBle_SignalBleStackTask

i.CyBle_StackTaskHandler
                0x000034d8       0x5c
 i.CyBle_StackTaskHandler
                0x000034d8       0x5c C:\Program Files (x86)\Cypress\PSoC Creator\3.2\PSoC Creator\psoc\content\cycomponentlibrary\CyComponentLibrary.cylib\BLE_v1_10\Library\gccCyBLEStack_BLE_SOC_PERIPHERAL.a(CyBleStackMgr_StackTaskHandler.o)
                0x000034d8                CyBle_StackTaskHandler

i.__ARM_common_switch8
                0x00003534       0x1a
 i.__ARM_common_switch8
                0x00003534       0x1a C:\Program Files (x86)\Cypress\PSoC Creator\3.2\PSoC Creator\psoc\content\cycomponentlibrary\CyComponentLibrary.cylib\BLE_v1_10\Library\gccCyBLEStack_BLE_SOC_PERIPHERAL.a(CyBleStackMgr_StackTaskHandler.o)
                0x00003534                __ARM_common_switch8

i.hci_soft_transport_notify_data_received
                0x00003550        0xc
 i.hci_soft_transport_notify_data_received
                0x00003550        0xc C:\Program Files (x86)\Cypress\PSoC Creator\3.2\PSoC Creator\psoc\content\cycomponentlibrary\CyComponentLibrary.cylib\BLE_v1_10\Library\gccCyBLEStack_BLE_SOC_PERIPHERAL.a(transport_sf.o)
                0x00003550                hci_soft_transport_notify_data_received

i.hci_soft_transport_rx_data
                0x0000355c       0x30
 i.hci_soft_transport_rx_data
                0x0000355c       0x30 C:\Program Files (x86)\Cypress\PSoC Creator\3.2\PSoC Creator\psoc\content\cycomponentlibrary\CyComponentLibrary.cylib\BLE_v1_10\Library\gccCyBLEStack_BLE_SOC_PERIPHERAL.a(transport_sf.o)
                0x0000355c                hci_soft_transport_rx_data

i.hci_transport_bt_init
                0x0000358c        0x2
 i.hci_transport_bt_init
                0x0000358c        0x2 C:\Program Files (x86)\Cypress\PSoC Creator\3.2\PSoC Creator\psoc\content\cycomponentlibrary\CyComponentLibrary.cylib\BLE_v1_10\Library\gccCyBLEStack_BLE_SOC_PERIPHERAL.a(transport_sf.o)
                0x0000358c                hci_transport_bt_init

i.hci_transport_bt_shutdown
                0x0000358e        0x2
 i.hci_transport_bt_shutdown
                0x0000358e        0x2 C:\Program Files (x86)\Cypress\PSoC Creator\3.2\PSoC Creator\psoc\content\cycomponentlibrary\CyComponentLibrary.cylib\BLE_v1_10\Library\gccCyBLEStack_BLE_SOC_PERIPHERAL.a(transport_sf.o)
                0x0000358e                hci_transport_bt_shutdown

i.hci_transport_init
                0x00003590       0x10
 i.hci_transport_init
                0x00003590       0x10 C:\Program Files (x86)\Cypress\PSoC Creator\3.2\PSoC Creator\psoc\content\cycomponentlibrary\CyComponentLibrary.cylib\BLE_v1_10\Library\gccCyBLEStack_BLE_SOC_PERIPHERAL.a(transport_sf.o)
                0x00003590                hci_transport_init

i.hci_transport_write_data
                0x000035a0       0xd4
 i.hci_transport_write_data
                0x000035a0       0xd4 C:\Program Files (x86)\Cypress\PSoC Creator\3.2\PSoC Creator\psoc\content\cycomponentlibrary\CyComponentLibrary.cylib\BLE_v1_10\Library\gccCyBLEStack_BLE_SOC_PERIPHERAL.a(transport_sf.o)
                0x000035a0                hci_transport_write_data

i.pf_hci_soft_transport_write
                0x00003674       0x74
 i.pf_hci_soft_transport_write
                0x00003674       0x74 C:\Program Files (x86)\Cypress\PSoC Creator\3.2\PSoC Creator\psoc\content\cycomponentlibrary\CyComponentLibrary.cylib\BLE_v1_10\Library\gccCyBLEStack_BLE_SOC_PERIPHERAL.a(transport_sf.o)
                0x00003674                pf_hci_soft_transport_write

i.pf_soft_hci_transport_init
                0x000036e8        0xc
 i.pf_soft_hci_transport_init
                0x000036e8        0xc C:\Program Files (x86)\Cypress\PSoC Creator\3.2\PSoC Creator\psoc\content\cycomponentlibrary\CyComponentLibrary.cylib\BLE_v1_10\Library\gccCyBLEStack_BLE_SOC_PERIPHERAL.a(transport_sf.o)
                0x000036e8                pf_soft_hci_transport_init

i.CyBleStackMgr_GetTime
                0x000036f4       0x14
 i.CyBleStackMgr_GetTime
                0x000036f4       0x14 C:\Program Files (x86)\Cypress\PSoC Creator\3.2\PSoC Creator\psoc\content\cycomponentlibrary\CyComponentLibrary.cylib\BLE_v1_10\Library\gccCyBLEStack_BLE_SOC_PERIPHERAL.a(CyBleStackMgr_PSoCHal.o)
                0x000036f4                CyBleStackMgr_GetTime

i.CyBleStackMgr_HalInit
                0x00003708       0x24
 i.CyBleStackMgr_HalInit
                0x00003708       0x24 C:\Program Files (x86)\Cypress\PSoC Creator\3.2\PSoC Creator\psoc\content\cycomponentlibrary\CyComponentLibrary.cylib\BLE_v1_10\Library\gccCyBLEStack_BLE_SOC_PERIPHERAL.a(CyBleStackMgr_PSoCHal.o)
                0x00003708                CyBleStackMgr_HalInit

i.CyBleStackMgr_HalIntrEnable
                0x0000372c        0x8
 i.CyBleStackMgr_HalIntrEnable
                0x0000372c        0x8 C:\Program Files (x86)\Cypress\PSoC Creator\3.2\PSoC Creator\psoc\content\cycomponentlibrary\CyComponentLibrary.cylib\BLE_v1_10\Library\gccCyBLEStack_BLE_SOC_PERIPHERAL.a(CyBleStackMgr_PSoCHal.o)
                0x0000372c                CyBleStackMgr_HalIntrEnable

i.CyBleStackMgr_HalReset
                0x00003734        0x4
 i.CyBleStackMgr_HalReset
                0x00003734        0x4 C:\Program Files (x86)\Cypress\PSoC Creator\3.2\PSoC Creator\psoc\content\cycomponentlibrary\CyComponentLibrary.cylib\BLE_v1_10\Library\gccCyBLEStack_BLE_SOC_PERIPHERAL.a(CyBleStackMgr_PSoCHal.o)
                0x00003734                CyBleStackMgr_HalReset

i.CyBleStackMgr_HandleLinkLayerTick
                0x00003738       0x5c
 i.CyBleStackMgr_HandleLinkLayerTick
                0x00003738       0x5c C:\Program Files (x86)\Cypress\PSoC Creator\3.2\PSoC Creator\psoc\content\cycomponentlibrary\CyComponentLibrary.cylib\BLE_v1_10\Library\gccCyBLEStack_BLE_SOC_PERIPHERAL.a(CyBleStackMgr_PSoCHal.o)
                0x00003738                CyBleStackMgr_HandleLinkLayerTick

i.CyBleStackMgr_HciPortInit
                0x00003794        0xc
 i.CyBleStackMgr_HciPortInit
                0x00003794        0xc C:\Program Files (x86)\Cypress\PSoC Creator\3.2\PSoC Creator\psoc\content\cycomponentlibrary\CyComponentLibrary.cylib\BLE_v1_10\Library\gccCyBLEStack_BLE_SOC_PERIPHERAL.a(CyBleStackMgr_PSoCHal.o)
                0x00003794                CyBleStackMgr_HciPortInit

i.CyBleStackMgr_HciPortReset
                0x000037a0        0x2
 i.CyBleStackMgr_HciPortReset
                0x000037a0        0x2 C:\Program Files (x86)\Cypress\PSoC Creator\3.2\PSoC Creator\psoc\content\cycomponentlibrary\CyComponentLibrary.cylib\BLE_v1_10\Library\gccCyBLEStack_BLE_SOC_PERIPHERAL.a(CyBleStackMgr_PSoCHal.o)
                0x000037a0                CyBleStackMgr_HciPortReset

i.CyBleStackMgr_HciPortWrite
                0x000037a2        0x8
 i.CyBleStackMgr_HciPortWrite
                0x000037a2        0x8 C:\Program Files (x86)\Cypress\PSoC Creator\3.2\PSoC Creator\psoc\content\cycomponentlibrary\CyComponentLibrary.cylib\BLE_v1_10\Library\gccCyBLEStack_BLE_SOC_PERIPHERAL.a(CyBleStackMgr_PSoCHal.o)
                0x000037a2                CyBleStackMgr_HciPortWrite

i.CyBleStackMgr_ResetLinkLayerTimerEntity
                0x000037ac       0x14
 i.CyBleStackMgr_ResetLinkLayerTimerEntity
                0x000037ac       0x14 C:\Program Files (x86)\Cypress\PSoC Creator\3.2\PSoC Creator\psoc\content\cycomponentlibrary\CyComponentLibrary.cylib\BLE_v1_10\Library\gccCyBLEStack_BLE_SOC_PERIPHERAL.a(CyBleStackMgr_PSoCHal.o)
                0x000037ac                CyBleStackMgr_ResetLinkLayerTimerEntity

i.CyBleStackMgr_TimerStart
                0x000037c0       0x2c
 i.CyBleStackMgr_TimerStart
                0x000037c0       0x2c C:\Program Files (x86)\Cypress\PSoC Creator\3.2\PSoC Creator\psoc\content\cycomponentlibrary\CyComponentLibrary.cylib\BLE_v1_10\Library\gccCyBLEStack_BLE_SOC_PERIPHERAL.a(CyBleStackMgr_PSoCHal.o)
                0x000037c0                CyBleStackMgr_TimerStart

i.CyBleStackMgr_TimerStop
                0x000037ec       0x18
 i.CyBleStackMgr_TimerStop
                0x000037ec       0x18 C:\Program Files (x86)\Cypress\PSoC Creator\3.2\PSoC Creator\psoc\content\cycomponentlibrary\CyComponentLibrary.cylib\BLE_v1_10\Library\gccCyBLEStack_BLE_SOC_PERIPHERAL.a(CyBleStackMgr_PSoCHal.o)
                0x000037ec                CyBleStackMgr_TimerStop

i.CyBleStackMgr_isTimerRunning
                0x00003804       0x10
 i.CyBleStackMgr_isTimerRunning
                0x00003804       0x10 C:\Program Files (x86)\Cypress\PSoC Creator\3.2\PSoC Creator\psoc\content\cycomponentlibrary\CyComponentLibrary.cylib\BLE_v1_10\Library\gccCyBLEStack_BLE_SOC_PERIPHERAL.a(CyBleStackMgr_PSoCHal.o)
                0x00003804                CyBleStackMgr_isTimerRunning

i.CyBleAtlantisRadioInit
                0x00003814      0x1ac
 i.CyBleAtlantisRadioInit
                0x00003814      0x1ac C:\Program Files (x86)\Cypress\PSoC Creator\3.2\PSoC Creator\psoc\content\cycomponentlibrary\CyComponentLibrary.cylib\BLE_v1_10\Library\gccCyBLEStack_BLE_SOC_PERIPHERAL.a(CyBleStackMgr_BleSSDriver.o)

i.CyBleStackMgr_BleSSFifoRead
                0x000039c0       0x38
 i.CyBleStackMgr_BleSSFifoRead
                0x000039c0       0x38 C:\Program Files (x86)\Cypress\PSoC Creator\3.2\PSoC Creator\psoc\content\cycomponentlibrary\CyComponentLibrary.cylib\BLE_v1_10\Library\gccCyBLEStack_BLE_SOC_PERIPHERAL.a(CyBleStackMgr_BleSSDriver.o)
                0x000039c0                CyBleStackMgr_BleSSFifoRead

i.CyBleStackMgr_BleSSFifoWrite
                0x000039f8       0x30
 i.CyBleStackMgr_BleSSFifoWrite
                0x000039f8       0x30 C:\Program Files (x86)\Cypress\PSoC Creator\3.2\PSoC Creator\psoc\content\cycomponentlibrary\CyComponentLibrary.cylib\BLE_v1_10\Library\gccCyBLEStack_BLE_SOC_PERIPHERAL.a(CyBleStackMgr_BleSSDriver.o)
                0x000039f8                CyBleStackMgr_BleSSFifoWrite

i.CyBleStackMgr_BleSSInit
                0x00003a28       0x50
 i.CyBleStackMgr_BleSSInit
                0x00003a28       0x50 C:\Program Files (x86)\Cypress\PSoC Creator\3.2\PSoC Creator\psoc\content\cycomponentlibrary\CyComponentLibrary.cylib\BLE_v1_10\Library\gccCyBLEStack_BLE_SOC_PERIPHERAL.a(CyBleStackMgr_BleSSDriver.o)
                0x00003a28                CyBleStackMgr_BleSSInit

i.CyBleStackMgr_BleSSMemRead
                0x00003a78       0x26
 i.CyBleStackMgr_BleSSMemRead
                0x00003a78       0x26 C:\Program Files (x86)\Cypress\PSoC Creator\3.2\PSoC Creator\psoc\content\cycomponentlibrary\CyComponentLibrary.cylib\BLE_v1_10\Library\gccCyBLEStack_BLE_SOC_PERIPHERAL.a(CyBleStackMgr_BleSSDriver.o)
                0x00003a78                CyBleStackMgr_BleSSMemRead

i.CyBleStackMgr_BleSSMemWrite
                0x00003aa0       0x34
 i.CyBleStackMgr_BleSSMemWrite
                0x00003aa0       0x34 C:\Program Files (x86)\Cypress\PSoC Creator\3.2\PSoC Creator\psoc\content\cycomponentlibrary\CyComponentLibrary.cylib\BLE_v1_10\Library\gccCyBLEStack_BLE_SOC_PERIPHERAL.a(CyBleStackMgr_BleSSDriver.o)
                0x00003aa0                CyBleStackMgr_BleSSMemWrite

i.CyBleStackMgr_BleSSRegRead
                0x00003ad4        0xc
 i.CyBleStackMgr_BleSSRegRead
                0x00003ad4        0xc C:\Program Files (x86)\Cypress\PSoC Creator\3.2\PSoC Creator\psoc\content\cycomponentlibrary\CyComponentLibrary.cylib\BLE_v1_10\Library\gccCyBLEStack_BLE_SOC_PERIPHERAL.a(CyBleStackMgr_BleSSDriver.o)
                0x00003ad4                CyBleStackMgr_BleSSRegRead

i.CyBleStackMgr_BleSSRegWrite
                0x00003ae0        0xc
 i.CyBleStackMgr_BleSSRegWrite
                0x00003ae0        0xc C:\Program Files (x86)\Cypress\PSoC Creator\3.2\PSoC Creator\psoc\content\cycomponentlibrary\CyComponentLibrary.cylib\BLE_v1_10\Library\gccCyBLEStack_BLE_SOC_PERIPHERAL.a(CyBleStackMgr_BleSSDriver.o)
                0x00003ae0                CyBleStackMgr_BleSSRegWrite

i.CyBleStackMgr_BleSSReset
                0x00003aec       0x2c
 i.CyBleStackMgr_BleSSReset
                0x00003aec       0x2c C:\Program Files (x86)\Cypress\PSoC Creator\3.2\PSoC Creator\psoc\content\cycomponentlibrary\CyComponentLibrary.cylib\BLE_v1_10\Library\gccCyBLEStack_BLE_SOC_PERIPHERAL.a(CyBleStackMgr_BleSSDriver.o)
                0x00003aec                CyBleStackMgr_BleSSReset

i.CyBleStackMgr_BleSSShutdown
                0x00003b18       0x24
 i.CyBleStackMgr_BleSSShutdown
                0x00003b18       0x24 C:\Program Files (x86)\Cypress\PSoC Creator\3.2\PSoC Creator\psoc\content\cycomponentlibrary\CyComponentLibrary.cylib\BLE_v1_10\Library\gccCyBLEStack_BLE_SOC_PERIPHERAL.a(CyBleStackMgr_BleSSDriver.o)
                0x00003b18                CyBleStackMgr_BleSSShutdown

i.CyBleStackMgr_GenericIface
                0x00003b3c       0x3c
 i.CyBleStackMgr_GenericIface
                0x00003b3c       0x3c C:\Program Files (x86)\Cypress\PSoC Creator\3.2\PSoC Creator\psoc\content\cycomponentlibrary\CyComponentLibrary.cylib\BLE_v1_10\Library\gccCyBLEStack_BLE_SOC_PERIPHERAL.a(CyBleStackMgr_BleSSDriver.o)
                0x00003b3c                CyBleStackMgr_GenericIface

i.CyBleStackMgr_HandleBleSSIntr
                0x00003b78       0x94
 i.CyBleStackMgr_HandleBleSSIntr
                0x00003b78       0x94 C:\Program Files (x86)\Cypress\PSoC Creator\3.2\PSoC Creator\psoc\content\cycomponentlibrary\CyComponentLibrary.cylib\BLE_v1_10\Library\gccCyBLEStack_BLE_SOC_PERIPHERAL.a(CyBleStackMgr_BleSSDriver.o)
                0x00003b78                CyBleStackMgr_HandleBleSSIntr

i.CyBleStackMgr_SetClockParam
                0x00003c0c       0xb4
 i.CyBleStackMgr_SetClockParam
                0x00003c0c       0xb4 C:\Program Files (x86)\Cypress\PSoC Creator\3.2\PSoC Creator\psoc\content\cycomponentlibrary\CyComponentLibrary.cylib\BLE_v1_10\Library\gccCyBLEStack_BLE_SOC_PERIPHERAL.a(CyBleStackMgr_BleSSDriver.o)

i.CyBleStackMgr_isXtalCpuClkSource
                0x00003cc0       0x18
 i.CyBleStackMgr_isXtalCpuClkSource
                0x00003cc0       0x18 C:\Program Files (x86)\Cypress\PSoC Creator\3.2\PSoC Creator\psoc\content\cycomponentlibrary\CyComponentLibrary.cylib\BLE_v1_10\Library\gccCyBLEStack_BLE_SOC_PERIPHERAL.a(CyBleStackMgr_BleSSDriver.o)
                0x00003cc0                CyBleStackMgr_isXtalCpuClkSource

i.CyBle_EnterDsmMode
                0x00003cd8       0x3c
 i.CyBle_EnterDsmMode
                0x00003cd8       0x3c C:\Program Files (x86)\Cypress\PSoC Creator\3.2\PSoC Creator\psoc\content\cycomponentlibrary\CyComponentLibrary.cylib\BLE_v1_10\Library\gccCyBLEStack_BLE_SOC_PERIPHERAL.a(CyBleStackMgr_BleSSDriver.o)
                0x00003cd8                CyBle_EnterDsmMode

i.CyBle_ExitDsmMode
                0x00003d14       0x2c
 i.CyBle_ExitDsmMode
                0x00003d14       0x2c C:\Program Files (x86)\Cypress\PSoC Creator\3.2\PSoC Creator\psoc\content\cycomponentlibrary\CyComponentLibrary.cylib\BLE_v1_10\Library\gccCyBLEStack_BLE_SOC_PERIPHERAL.a(CyBleStackMgr_BleSSDriver.o)
                0x00003d14                CyBle_ExitDsmMode

i.CyBle_GetBleSsOperationalMode
                0x00003d40        0xc
 i.CyBle_GetBleSsOperationalMode
                0x00003d40        0xc C:\Program Files (x86)\Cypress\PSoC Creator\3.2\PSoC Creator\psoc\content\cycomponentlibrary\CyComponentLibrary.cylib\BLE_v1_10\Library\gccCyBLEStack_BLE_SOC_PERIPHERAL.a(CyBleStackMgr_BleSSDriver.o)
                0x00003d40                CyBle_GetBleSsOperationalMode

i.CyBle_GetEventCloseState
                0x00003d4c       0x10
 i.CyBle_GetEventCloseState
                0x00003d4c       0x10 C:\Program Files (x86)\Cypress\PSoC Creator\3.2\PSoC Creator\psoc\content\cycomponentlibrary\CyComponentLibrary.cylib\BLE_v1_10\Library\gccCyBLEStack_BLE_SOC_PERIPHERAL.a(CyBleStackMgr_BleSSDriver.o)
                0x00003d4c                CyBle_GetEventCloseState

i.CyBle_GetLpMode
                0x00003d5c       0x26
 i.CyBle_GetLpMode
                0x00003d5c       0x26 C:\Program Files (x86)\Cypress\PSoC Creator\3.2\PSoC Creator\psoc\content\cycomponentlibrary\CyComponentLibrary.cylib\BLE_v1_10\Library\gccCyBLEStack_BLE_SOC_PERIPHERAL.a(CyBleStackMgr_BleSSDriver.o)
                0x00003d5c                CyBle_GetLpMode

i.CyBle_GetTxGainMode
                0x00003d84       0x2c
 i.CyBle_GetTxGainMode
                0x00003d84       0x2c C:\Program Files (x86)\Cypress\PSoC Creator\3.2\PSoC Creator\psoc\content\cycomponentlibrary\CyComponentLibrary.cylib\BLE_v1_10\Library\gccCyBLEStack_BLE_SOC_PERIPHERAL.a(CyBleStackMgr_BleSSDriver.o)
                0x00003d84                CyBle_GetTxGainMode

i.CyBle_SetAutoWakeUp
                0x00003db0        0xc
 i.CyBle_SetAutoWakeUp
                0x00003db0        0xc C:\Program Files (x86)\Cypress\PSoC Creator\3.2\PSoC Creator\psoc\content\cycomponentlibrary\CyComponentLibrary.cylib\BLE_v1_10\Library\gccCyBLEStack_BLE_SOC_PERIPHERAL.a(CyBleStackMgr_BleSSDriver.o)
                0x00003db0                CyBle_SetAutoWakeUp

i.CyBle_SetBleSsOperationalMode
                0x00003dbc       0x20
 i.CyBle_SetBleSsOperationalMode
                0x00003dbc       0x20 C:\Program Files (x86)\Cypress\PSoC Creator\3.2\PSoC Creator\psoc\content\cycomponentlibrary\CyComponentLibrary.cylib\BLE_v1_10\Library\gccCyBLEStack_BLE_SOC_PERIPHERAL.a(CyBleStackMgr_BleSSDriver.o)
                0x00003dbc                CyBle_SetBleSsOperationalMode

i.CyBle_SetEventCloseState
                0x00003ddc        0xc
 i.CyBle_SetEventCloseState
                0x00003ddc        0xc C:\Program Files (x86)\Cypress\PSoC Creator\3.2\PSoC Creator\psoc\content\cycomponentlibrary\CyComponentLibrary.cylib\BLE_v1_10\Library\gccCyBLEStack_BLE_SOC_PERIPHERAL.a(CyBleStackMgr_BleSSDriver.o)
                0x00003ddc                CyBle_SetEventCloseState

i.CyBle_SetTxGainMode
                0x00003de8       0x38
 i.CyBle_SetTxGainMode
                0x00003de8       0x38 C:\Program Files (x86)\Cypress\PSoC Creator\3.2\PSoC Creator\psoc\content\cycomponentlibrary\CyComponentLibrary.cylib\BLE_v1_10\Library\gccCyBLEStack_BLE_SOC_PERIPHERAL.a(CyBleStackMgr_BleSSDriver.o)
                0x00003de8                CyBle_SetTxGainMode

i.pf_rf_get_abs_rssi
                0x00003e20       0x24
 i.pf_rf_get_abs_rssi
                0x00003e20       0x24 C:\Program Files (x86)\Cypress\PSoC Creator\3.2\PSoC Creator\psoc\content\cycomponentlibrary\CyComponentLibrary.cylib\BLE_v1_10\Library\gccCyBLEStack_BLE_SOC_PERIPHERAL.a(CyBleStackMgr_BleSSDriver.o)
                0x00003e20                pf_rf_get_abs_rssi

i.OS_init       0x00003e44       0x64
 i.OS_init      0x00003e44       0x64 C:\Program Files (x86)\Cypress\PSoC Creator\3.2\PSoC Creator\psoc\content\cycomponentlibrary\CyComponentLibrary.cylib\BLE_v1_10\Library\gccCyBLEStack_BLE_SOC_PERIPHERAL.a(mint_os.o)
                0x00003e44                OS_init

i.OS_shutdown   0x00003ea8        0x4
 i.OS_shutdown  0x00003ea8        0x4 C:\Program Files (x86)\Cypress\PSoC Creator\3.2\PSoC Creator\psoc\content\cycomponentlibrary\CyComponentLibrary.cylib\BLE_v1_10\Library\gccCyBLEStack_BLE_SOC_PERIPHERAL.a(mint_os.o)
                0x00003ea8                OS_shutdown

i.mintos_malloc
                0x00003eac       0x34
 i.mintos_malloc
                0x00003eac       0x34 C:\Program Files (x86)\Cypress\PSoC Creator\3.2\PSoC Creator\psoc\content\cycomponentlibrary\CyComponentLibrary.cylib\BLE_v1_10\Library\gccCyBLEStack_BLE_SOC_PERIPHERAL.a(mint_os.o)
                0x00003eac                mintos_malloc

i.OS_create_queue
                0x00003ee0       0x64
 i.OS_create_queue
                0x00003ee0       0x64 C:\Program Files (x86)\Cypress\PSoC Creator\3.2\PSoC Creator\psoc\content\cycomponentlibrary\CyComponentLibrary.cylib\BLE_v1_10\Library\gccCyBLEStack_BLE_SOC_PERIPHERAL.a(mint_os_queue.o)
                0x00003ee0                OS_create_queue

i.OS_enqueue_item
                0x00003f44       0x8c
 i.OS_enqueue_item
                0x00003f44       0x8c C:\Program Files (x86)\Cypress\PSoC Creator\3.2\PSoC Creator\psoc\content\cycomponentlibrary\CyComponentLibrary.cylib\BLE_v1_10\Library\gccCyBLEStack_BLE_SOC_PERIPHERAL.a(mint_os_queue.o)
                0x00003f44                OS_enqueue_item

i.OS_queue_get_num_of_items
                0x00003fd0       0x28
 i.OS_queue_get_num_of_items
                0x00003fd0       0x28 C:\Program Files (x86)\Cypress\PSoC Creator\3.2\PSoC Creator\psoc\content\cycomponentlibrary\CyComponentLibrary.cylib\BLE_v1_10\Library\gccCyBLEStack_BLE_SOC_PERIPHERAL.a(mint_os_queue.o)
                0x00003fd0                OS_queue_get_num_of_items

i.OS_queue_mgmt_init
                0x00003ff8       0x40
 i.OS_queue_mgmt_init
                0x00003ff8       0x40 C:\Program Files (x86)\Cypress\PSoC Creator\3.2\PSoC Creator\psoc\content\cycomponentlibrary\CyComponentLibrary.cylib\BLE_v1_10\Library\gccCyBLEStack_BLE_SOC_PERIPHERAL.a(mint_os_queue.o)
                0x00003ff8                OS_queue_mgmt_init

i.OS_remove_item
                0x00004038       0xa0
 i.OS_remove_item
                0x00004038       0xa0 C:\Program Files (x86)\Cypress\PSoC Creator\3.2\PSoC Creator\psoc\content\cycomponentlibrary\CyComponentLibrary.cylib\BLE_v1_10\Library\gccCyBLEStack_BLE_SOC_PERIPHERAL.a(mint_os_queue.o)
                0x00004038                OS_remove_item

i.OS_create_task
                0x000040d8       0x88
 i.OS_create_task
                0x000040d8       0x88 C:\Program Files (x86)\Cypress\PSoC Creator\3.2\PSoC Creator\psoc\content\cycomponentlibrary\CyComponentLibrary.cylib\BLE_v1_10\Library\gccCyBLEStack_BLE_SOC_PERIPHERAL.a(mint_os_task.o)
                0x000040d8                OS_create_task

i.OS_isr_send_signal_to_task
                0x00004160        0xc
 i.OS_isr_send_signal_to_task
                0x00004160        0xc C:\Program Files (x86)\Cypress\PSoC Creator\3.2\PSoC Creator\psoc\content\cycomponentlibrary\CyComponentLibrary.cylib\BLE_v1_10\Library\gccCyBLEStack_BLE_SOC_PERIPHERAL.a(mint_os_task.o)
                0x00004160                OS_isr_send_signal_to_task

i.OS_scheduler  0x0000416c       0x64
 i.OS_scheduler
                0x0000416c       0x64 C:\Program Files (x86)\Cypress\PSoC Creator\3.2\PSoC Creator\psoc\content\cycomponentlibrary\CyComponentLibrary.cylib\BLE_v1_10\Library\gccCyBLEStack_BLE_SOC_PERIPHERAL.a(mint_os_task.o)
                0x0000416c                OS_scheduler

i.OS_send_signal_to_task
                0x000041d0        0xc
 i.OS_send_signal_to_task
                0x000041d0        0xc C:\Program Files (x86)\Cypress\PSoC Creator\3.2\PSoC Creator\psoc\content\cycomponentlibrary\CyComponentLibrary.cylib\BLE_v1_10\Library\gccCyBLEStack_BLE_SOC_PERIPHERAL.a(mint_os_task.o)
                0x000041d0                OS_send_signal_to_task

i.OS_send_signal_to_task_context
                0x000041dc       0x3c
 i.OS_send_signal_to_task_context
                0x000041dc       0x3c C:\Program Files (x86)\Cypress\PSoC Creator\3.2\PSoC Creator\psoc\content\cycomponentlibrary\CyComponentLibrary.cylib\BLE_v1_10\Library\gccCyBLEStack_BLE_SOC_PERIPHERAL.a(mint_os_task.o)

i.OS_task_mgmt_init
                0x00004218       0x50
 i.OS_task_mgmt_init
                0x00004218       0x50 C:\Program Files (x86)\Cypress\PSoC Creator\3.2\PSoC Creator\psoc\content\cycomponentlibrary\CyComponentLibrary.cylib\BLE_v1_10\Library\gccCyBLEStack_BLE_SOC_PERIPHERAL.a(mint_os_task.o)
                0x00004218                OS_task_mgmt_init

i.mint_buf_mgmt_allocate_buffer
                0x00004268       0x4c
 i.mint_buf_mgmt_allocate_buffer
                0x00004268       0x4c C:\Program Files (x86)\Cypress\PSoC Creator\3.2\PSoC Creator\psoc\content\cycomponentlibrary\CyComponentLibrary.cylib\BLE_v1_10\Library\gccCyBLEStack_BLE_SOC_PERIPHERAL.a(mint_buf_mgmt.o)
                0x00004268                mint_buf_mgmt_allocate_buffer

i.mint_buf_mgmt_create_pool
                0x000042b4       0xd8
 i.mint_buf_mgmt_create_pool
                0x000042b4       0xd8 C:\Program Files (x86)\Cypress\PSoC Creator\3.2\PSoC Creator\psoc\content\cycomponentlibrary\CyComponentLibrary.cylib\BLE_v1_10\Library\gccCyBLEStack_BLE_SOC_PERIPHERAL.a(mint_buf_mgmt.o)
                0x000042b4                mint_buf_mgmt_create_pool

i.mint_buf_mgmt_free_buffer
                0x0000438c       0xa4
 i.mint_buf_mgmt_free_buffer
                0x0000438c       0xa4 C:\Program Files (x86)\Cypress\PSoC Creator\3.2\PSoC Creator\psoc\content\cycomponentlibrary\CyComponentLibrary.cylib\BLE_v1_10\Library\gccCyBLEStack_BLE_SOC_PERIPHERAL.a(mint_buf_mgmt.o)
                0x0000438c                mint_buf_mgmt_free_buffer

i.mint_buf_mgmt_get_free_heap
                0x00004430       0x1c
 i.mint_buf_mgmt_get_free_heap
                0x00004430       0x1c C:\Program Files (x86)\Cypress\PSoC Creator\3.2\PSoC Creator\psoc\content\cycomponentlibrary\CyComponentLibrary.cylib\BLE_v1_10\Library\gccCyBLEStack_BLE_SOC_PERIPHERAL.a(mint_buf_mgmt.o)
                0x00004430                mint_buf_mgmt_get_free_heap

i.mint_buf_mgmt_init
                0x0000444c       0x44
 i.mint_buf_mgmt_init
                0x0000444c       0x44 C:\Program Files (x86)\Cypress\PSoC Creator\3.2\PSoC Creator\psoc\content\cycomponentlibrary\CyComponentLibrary.cylib\BLE_v1_10\Library\gccCyBLEStack_BLE_SOC_PERIPHERAL.a(mint_buf_mgmt.o)
                0x0000444c                mint_buf_mgmt_init

i.mint_buf_mgmt_malloc
                0x00004490       0x2c
 i.mint_buf_mgmt_malloc
                0x00004490       0x2c C:\Program Files (x86)\Cypress\PSoC Creator\3.2\PSoC Creator\psoc\content\cycomponentlibrary\CyComponentLibrary.cylib\BLE_v1_10\Library\gccCyBLEStack_BLE_SOC_PERIPHERAL.a(mint_buf_mgmt.o)
                0x00004490                mint_buf_mgmt_malloc

i.mint_buf_mgmt_reset_pool
                0x000044bc       0x70
 i.mint_buf_mgmt_reset_pool
                0x000044bc       0x70 C:\Program Files (x86)\Cypress\PSoC Creator\3.2\PSoC Creator\psoc\content\cycomponentlibrary\CyComponentLibrary.cylib\BLE_v1_10\Library\gccCyBLEStack_BLE_SOC_PERIPHERAL.a(mint_buf_mgmt.o)
                0x000044bc                mint_buf_mgmt_reset_pool

i.mint_buf_mgmt_stack_init
                0x0000452c       0x24
 i.mint_buf_mgmt_stack_init
                0x0000452c       0x24 C:\Program Files (x86)\Cypress\PSoC Creator\3.2\PSoC Creator\psoc\content\cycomponentlibrary\CyComponentLibrary.cylib\BLE_v1_10\Library\gccCyBLEStack_BLE_SOC_PERIPHERAL.a(mint_buf_mgmt.o)
                0x0000452c                mint_buf_mgmt_stack_init

i.mint_buf_mgmt_stack_pop
                0x00004550       0x36
 i.mint_buf_mgmt_stack_pop
                0x00004550       0x36 C:\Program Files (x86)\Cypress\PSoC Creator\3.2\PSoC Creator\psoc\content\cycomponentlibrary\CyComponentLibrary.cylib\BLE_v1_10\Library\gccCyBLEStack_BLE_SOC_PERIPHERAL.a(mint_buf_mgmt.o)
                0x00004550                mint_buf_mgmt_stack_pop

i.mint_buf_mgmt_stack_push
                0x00004586       0x36
 i.mint_buf_mgmt_stack_push
                0x00004586       0x36 C:\Program Files (x86)\Cypress\PSoC Creator\3.2\PSoC Creator\psoc\content\cycomponentlibrary\CyComponentLibrary.cylib\BLE_v1_10\Library\gccCyBLEStack_BLE_SOC_PERIPHERAL.a(mint_buf_mgmt.o)
                0x00004586                mint_buf_mgmt_stack_push

i.mint_buf_mgmt_stack_reset
                0x000045bc       0x1e
 i.mint_buf_mgmt_stack_reset
                0x000045bc       0x1e C:\Program Files (x86)\Cypress\PSoC Creator\3.2\PSoC Creator\psoc\content\cycomponentlibrary\CyComponentLibrary.cylib\BLE_v1_10\Library\gccCyBLEStack_BLE_SOC_PERIPHERAL.a(mint_buf_mgmt.o)
                0x000045bc                mint_buf_mgmt_stack_reset

i.mint_buf_mgmt_stack_search_item
                0x000045da       0x30
 i.mint_buf_mgmt_stack_search_item
                0x000045da       0x30 C:\Program Files (x86)\Cypress\PSoC Creator\3.2\PSoC Creator\psoc\content\cycomponentlibrary\CyComponentLibrary.cylib\BLE_v1_10\Library\gccCyBLEStack_BLE_SOC_PERIPHERAL.a(mint_buf_mgmt.o)
                0x000045da                mint_buf_mgmt_stack_search_item

i.mint_buf_mgmt_pl_init
                0x0000460c       0x2c
 i.mint_buf_mgmt_pl_init
                0x0000460c       0x2c C:\Program Files (x86)\Cypress\PSoC Creator\3.2\PSoC Creator\psoc\content\cycomponentlibrary\CyComponentLibrary.cylib\BLE_v1_10\Library\gccCyBLEStack_BLE_SOC_PERIPHERAL.a(mint_buf_mgmt_pl.o)
                0x0000460c                mint_buf_mgmt_pl_init

i.CyBleControllerIP_GetPingState
                0x00004638        0xc
 i.CyBleControllerIP_GetPingState
                0x00004638        0xc C:\Program Files (x86)\Cypress\PSoC Creator\3.2\PSoC Creator\psoc\content\cycomponentlibrary\CyComponentLibrary.cylib\BLE_v1_10\Library\gccCyBLEStack_BLE_SOC_PERIPHERAL.a(CyBleControllerIP_Interface.o)
                0x00004638                CyBleControllerIP_GetPingState

i.CyBleController_AddDeviceToWhiteList
                0x00004644       0x40
 i.CyBleController_AddDeviceToWhiteList
                0x00004644       0x40 C:\Program Files (x86)\Cypress\PSoC Creator\3.2\PSoC Creator\psoc\content\cycomponentlibrary\CyComponentLibrary.cylib\BLE_v1_10\Library\gccCyBLEStack_BLE_SOC_PERIPHERAL.a(CyBleControllerIP_Interface.o)
                0x00004644                CyBleController_AddDeviceToWhiteList

i.CyBleController_EnterLowPowerMode
                0x00004684       0x2c
 i.CyBleController_EnterLowPowerMode
                0x00004684       0x2c C:\Program Files (x86)\Cypress\PSoC Creator\3.2\PSoC Creator\psoc\content\cycomponentlibrary\CyComponentLibrary.cylib\BLE_v1_10\Library\gccCyBLEStack_BLE_SOC_PERIPHERAL.a(CyBleControllerIP_Interface.o)
                0x00004684                CyBleController_EnterLowPowerMode

i.CyBleController_ExitLowPowerMode
                0x000046b0       0x10
 i.CyBleController_ExitLowPowerMode
                0x000046b0       0x10 C:\Program Files (x86)\Cypress\PSoC Creator\3.2\PSoC Creator\psoc\content\cycomponentlibrary\CyComponentLibrary.cylib\BLE_v1_10\Library\gccCyBLEStack_BLE_SOC_PERIPHERAL.a(CyBleControllerIP_Interface.o)
                0x000046b0                CyBleController_ExitLowPowerMode

i.CyBleController_Init
                0x000046c0       0x3c
 i.CyBleController_Init
                0x000046c0       0x3c C:\Program Files (x86)\Cypress\PSoC Creator\3.2\PSoC Creator\psoc\content\cycomponentlibrary\CyComponentLibrary.cylib\BLE_v1_10\Library\gccCyBLEStack_BLE_SOC_PERIPHERAL.a(CyBleControllerIP_Interface.o)
                0x000046c0                CyBleController_Init

i.CyBleController_Reset
                0x000046fc       0x10
 i.CyBleController_Reset
                0x000046fc       0x10 C:\Program Files (x86)\Cypress\PSoC Creator\3.2\PSoC Creator\psoc\content\cycomponentlibrary\CyComponentLibrary.cylib\BLE_v1_10\Library\gccCyBLEStack_BLE_SOC_PERIPHERAL.a(CyBleControllerIP_Interface.o)
                0x000046fc                CyBleController_Reset

i.CyBleController_SetDeviceAddress
                0x0000470c       0x2e
 i.CyBleController_SetDeviceAddress
                0x0000470c       0x2e C:\Program Files (x86)\Cypress\PSoC Creator\3.2\PSoC Creator\psoc\content\cycomponentlibrary\CyComponentLibrary.cylib\BLE_v1_10\Library\gccCyBLEStack_BLE_SOC_PERIPHERAL.a(CyBleControllerIP_Interface.o)
                0x0000470c                CyBleController_SetDeviceAddress

i.CyBleController_Shutdown
                0x0000473a        0x2
 i.CyBleController_Shutdown
                0x0000473a        0x2 C:\Program Files (x86)\Cypress\PSoC Creator\3.2\PSoC Creator\psoc\content\cycomponentlibrary\CyComponentLibrary.cylib\BLE_v1_10\Library\gccCyBLEStack_BLE_SOC_PERIPHERAL.a(CyBleControllerIP_Interface.o)
                0x0000473a                CyBleController_Shutdown

i.CyBle_GetBleSsState
                0x0000473c       0x10
 i.CyBle_GetBleSsState
                0x0000473c       0x10 C:\Program Files (x86)\Cypress\PSoC Creator\3.2\PSoC Creator\psoc\content\cycomponentlibrary\CyComponentLibrary.cylib\BLE_v1_10\Library\gccCyBLEStack_BLE_SOC_PERIPHERAL.a(CyBleControllerIP_Interface.o)
                0x0000473c                CyBle_GetBleSsState

i.CyBle_GetTxPowerLevel
                0x0000474c       0x4e
 i.CyBle_GetTxPowerLevel
                0x0000474c       0x4e C:\Program Files (x86)\Cypress\PSoC Creator\3.2\PSoC Creator\psoc\content\cycomponentlibrary\CyComponentLibrary.cylib\BLE_v1_10\Library\gccCyBLEStack_BLE_SOC_PERIPHERAL.a(CyBleControllerIP_Interface.o)
                0x0000474c                CyBle_GetTxPowerLevel

i.CyBle_SetTxPowerLevel
                0x0000479a       0x56
 i.CyBle_SetTxPowerLevel
                0x0000479a       0x56 C:\Program Files (x86)\Cypress\PSoC Creator\3.2\PSoC Creator\psoc\content\cycomponentlibrary\CyComponentLibrary.cylib\BLE_v1_10\Library\gccCyBLEStack_BLE_SOC_PERIPHERAL.a(CyBleControllerIP_Interface.o)
                0x0000479a                CyBle_SetTxPowerLevel

i.ll_check_and_mark_packet_ready_for_transmission
                0x000047f0       0x28
 i.ll_check_and_mark_packet_ready_for_transmission
                0x000047f0       0x28 C:\Program Files (x86)\Cypress\PSoC Creator\3.2\PSoC Creator\psoc\content\cycomponentlibrary\CyComponentLibrary.cylib\BLE_v1_10\Library\gccCyBLEStack_BLE_SOC_PERIPHERAL.a(ll.o)
                0x000047f0                ll_check_and_mark_packet_ready_for_transmission

i.ll_cleanup_pending_data_pdu
                0x00004818       0x38
 i.ll_cleanup_pending_data_pdu
                0x00004818       0x38 C:\Program Files (x86)\Cypress\PSoC Creator\3.2\PSoC Creator\psoc\content\cycomponentlibrary\CyComponentLibrary.cylib\BLE_v1_10\Library\gccCyBLEStack_BLE_SOC_PERIPHERAL.a(ll.o)
                0x00004818                ll_cleanup_pending_data_pdu

i.ll_enter_dsm_mode
                0x00004850      0x1a4
 i.ll_enter_dsm_mode
                0x00004850      0x1a4 C:\Program Files (x86)\Cypress\PSoC Creator\3.2\PSoC Creator\psoc\content\cycomponentlibrary\CyComponentLibrary.cylib\BLE_v1_10\Library\gccCyBLEStack_BLE_SOC_PERIPHERAL.a(ll.o)
                0x00004850                ll_enter_dsm_mode

i.ll_enter_hibernate_mode
                0x000049f4       0x28
 i.ll_enter_hibernate_mode
                0x000049f4       0x28 C:\Program Files (x86)\Cypress\PSoC Creator\3.2\PSoC Creator\psoc\content\cycomponentlibrary\CyComponentLibrary.cylib\BLE_v1_10\Library\gccCyBLEStack_BLE_SOC_PERIPHERAL.a(ll.o)
                0x000049f4                ll_enter_hibernate_mode

i.ll_enter_sm_mode
                0x00004a1c       0x60
 i.ll_enter_sm_mode
                0x00004a1c       0x60 C:\Program Files (x86)\Cypress\PSoC Creator\3.2\PSoC Creator\psoc\content\cycomponentlibrary\CyComponentLibrary.cylib\BLE_v1_10\Library\gccCyBLEStack_BLE_SOC_PERIPHERAL.a(ll.o)
                0x00004a1c                ll_enter_sm_mode

i.ll_exit_low_power_mode
                0x00004a7c       0x98
 i.ll_exit_low_power_mode
                0x00004a7c       0x98 C:\Program Files (x86)\Cypress\PSoC Creator\3.2\PSoC Creator\psoc\content\cycomponentlibrary\CyComponentLibrary.cylib\BLE_v1_10\Library\gccCyBLEStack_BLE_SOC_PERIPHERAL.a(ll.o)
                0x00004a7c                ll_exit_low_power_mode

i.ll_get_ack_status
                0x00004b14       0x3c
 i.ll_get_ack_status
                0x00004b14       0x3c C:\Program Files (x86)\Cypress\PSoC Creator\3.2\PSoC Creator\psoc\content\cycomponentlibrary\CyComponentLibrary.cylib\BLE_v1_10\Library\gccCyBLEStack_BLE_SOC_PERIPHERAL.a(ll.o)
                0x00004b14                ll_get_ack_status

i.ll_get_ack_status_for_all_connections
                0x00004b50       0x34
 i.ll_get_ack_status_for_all_connections
                0x00004b50       0x34 C:\Program Files (x86)\Cypress\PSoC Creator\3.2\PSoC Creator\psoc\content\cycomponentlibrary\CyComponentLibrary.cylib\BLE_v1_10\Library\gccCyBLEStack_BLE_SOC_PERIPHERAL.a(ll.o)
                0x00004b50                ll_get_ack_status_for_all_connections

i.ll_get_adv_ch_tx_power
                0x00004b84       0x20
 i.ll_get_adv_ch_tx_power
                0x00004b84       0x20 C:\Program Files (x86)\Cypress\PSoC Creator\3.2\PSoC Creator\psoc\content\cycomponentlibrary\CyComponentLibrary.cylib\BLE_v1_10\Library\gccCyBLEStack_BLE_SOC_PERIPHERAL.a(ll.o)
                0x00004b84                ll_get_adv_ch_tx_power

i.ll_get_data_channel_map
                0x00004ba4       0x24
 i.ll_get_data_channel_map
                0x00004ba4       0x24 C:\Program Files (x86)\Cypress\PSoC Creator\3.2\PSoC Creator\psoc\content\cycomponentlibrary\CyComponentLibrary.cylib\BLE_v1_10\Library\gccCyBLEStack_BLE_SOC_PERIPHERAL.a(ll.o)
                0x00004ba4                ll_get_data_channel_map

i.ll_get_max_white_list_size
                0x00004bc8        0xc
 i.ll_get_max_white_list_size
                0x00004bc8        0xc C:\Program Files (x86)\Cypress\PSoC Creator\3.2\PSoC Creator\psoc\content\cycomponentlibrary\CyComponentLibrary.cylib\BLE_v1_10\Library\gccCyBLEStack_BLE_SOC_PERIPHERAL.a(ll.o)
                0x00004bc8                ll_get_max_white_list_size

i.ll_get_my_role
                0x00004bd4        0xc
 i.ll_get_my_role
                0x00004bd4        0xc C:\Program Files (x86)\Cypress\PSoC Creator\3.2\PSoC Creator\psoc\content\cycomponentlibrary\CyComponentLibrary.cylib\BLE_v1_10\Library\gccCyBLEStack_BLE_SOC_PERIPHERAL.a(ll.o)
                0x00004bd4                ll_get_my_role

i.ll_get_next_available_fifo_for_data_pdu
                0x00004be0        0x8
 i.ll_get_next_available_fifo_for_data_pdu
                0x00004be0        0x8 C:\Program Files (x86)\Cypress\PSoC Creator\3.2\PSoC Creator\psoc\content\cycomponentlibrary\CyComponentLibrary.cylib\BLE_v1_10\Library\gccCyBLEStack_BLE_SOC_PERIPHERAL.a(ll.o)
                0x00004be0                ll_get_next_available_fifo_for_data_pdu

i.ll_get_next_available_fifo_for_ll_pdu
                0x00004be8       0x24
 i.ll_get_next_available_fifo_for_ll_pdu
                0x00004be8       0x24 C:\Program Files (x86)\Cypress\PSoC Creator\3.2\PSoC Creator\psoc\content\cycomponentlibrary\CyComponentLibrary.cylib\BLE_v1_10\Library\gccCyBLEStack_BLE_SOC_PERIPHERAL.a(ll.o)
                0x00004be8                ll_get_next_available_fifo_for_ll_pdu

i.ll_get_rssi_value
                0x00004c0c       0x26
 i.ll_get_rssi_value
                0x00004c0c       0x26 C:\Program Files (x86)\Cypress\PSoC Creator\3.2\PSoC Creator\psoc\content\cycomponentlibrary\CyComponentLibrary.cylib\BLE_v1_10\Library\gccCyBLEStack_BLE_SOC_PERIPHERAL.a(ll.o)
                0x00004c0c                ll_get_rssi_value

i.ll_get_transmit_power_level
                0x00004c34       0x2c
 i.ll_get_transmit_power_level
                0x00004c34       0x2c C:\Program Files (x86)\Cypress\PSoC Creator\3.2\PSoC Creator\psoc\content\cycomponentlibrary\CyComponentLibrary.cylib\BLE_v1_10\Library\gccCyBLEStack_BLE_SOC_PERIPHERAL.a(ll.o)
                0x00004c34                ll_get_transmit_power_level

i.ll_handle_ack_received
                0x00004c60       0x74
 i.ll_handle_ack_received
                0x00004c60       0x74 C:\Program Files (x86)\Cypress\PSoC Creator\3.2\PSoC Creator\psoc\content\cycomponentlibrary\CyComponentLibrary.cylib\BLE_v1_10\Library\gccCyBLEStack_BLE_SOC_PERIPHERAL.a(ll.o)
                0x00004c60                ll_handle_ack_received

i.ll_handle_add_device_in_whitelist
                0x00004cd4       0x3a
 i.ll_handle_add_device_in_whitelist
                0x00004cd4       0x3a C:\Program Files (x86)\Cypress\PSoC Creator\3.2\PSoC Creator\psoc\content\cycomponentlibrary\CyComponentLibrary.cylib\BLE_v1_10\Library\gccCyBLEStack_BLE_SOC_PERIPHERAL.a(ll.o)
                0x00004cd4                ll_handle_add_device_in_whitelist

i.ll_handle_clear_whitelist
                0x00004d0e       0x16
 i.ll_handle_clear_whitelist
                0x00004d0e       0x16 C:\Program Files (x86)\Cypress\PSoC Creator\3.2\PSoC Creator\psoc\content\cycomponentlibrary\CyComponentLibrary.cylib\BLE_v1_10\Library\gccCyBLEStack_BLE_SOC_PERIPHERAL.a(ll.o)
                0x00004d0e                ll_handle_clear_whitelist

i.ll_handle_encrypt_host_data
                0x00004d24       0x36
 i.ll_handle_encrypt_host_data
                0x00004d24       0x36 C:\Program Files (x86)\Cypress\PSoC Creator\3.2\PSoC Creator\psoc\content\cycomponentlibrary\CyComponentLibrary.cylib\BLE_v1_10\Library\gccCyBLEStack_BLE_SOC_PERIPHERAL.a(ll.o)
                0x00004d24                ll_handle_encrypt_host_data

i.ll_handle_host_data_packet
                0x00004d5a       0x54
 i.ll_handle_host_data_packet
                0x00004d5a       0x54 C:\Program Files (x86)\Cypress\PSoC Creator\3.2\PSoC Creator\psoc\content\cycomponentlibrary\CyComponentLibrary.cylib\BLE_v1_10\Library\gccCyBLEStack_BLE_SOC_PERIPHERAL.a(ll.o)
                0x00004d5a                ll_handle_host_data_packet

i.ll_handle_read_host_channel_map
                0x00004dae        0x4
 i.ll_handle_read_host_channel_map
                0x00004dae        0x4 C:\Program Files (x86)\Cypress\PSoC Creator\3.2\PSoC Creator\psoc\content\cycomponentlibrary\CyComponentLibrary.cylib\BLE_v1_10\Library\gccCyBLEStack_BLE_SOC_PERIPHERAL.a(ll.o)
                0x00004dae                ll_handle_read_host_channel_map

i.ll_handle_remove_device_in_whitelist
                0x00004db2       0x2a
 i.ll_handle_remove_device_in_whitelist
                0x00004db2       0x2a C:\Program Files (x86)\Cypress\PSoC Creator\3.2\PSoC Creator\psoc\content\cycomponentlibrary\CyComponentLibrary.cylib\BLE_v1_10\Library\gccCyBLEStack_BLE_SOC_PERIPHERAL.a(ll.o)
                0x00004db2                ll_handle_remove_device_in_whitelist

i.ll_handle_reset
                0x00004ddc        0xe
 i.ll_handle_reset
                0x00004ddc        0xe C:\Program Files (x86)\Cypress\PSoC Creator\3.2\PSoC Creator\psoc\content\cycomponentlibrary\CyComponentLibrary.cylib\BLE_v1_10\Library\gccCyBLEStack_BLE_SOC_PERIPHERAL.a(ll.o)
                0x00004ddc                ll_handle_reset

i.ll_handle_set_random_address
                0x00004dea       0x36
 i.ll_handle_set_random_address
                0x00004dea       0x36 C:\Program Files (x86)\Cypress\PSoC Creator\3.2\PSoC Creator\psoc\content\cycomponentlibrary\CyComponentLibrary.cylib\BLE_v1_10\Library\gccCyBLEStack_BLE_SOC_PERIPHERAL.a(ll.o)
                0x00004dea                ll_handle_set_random_address

i.ll_init       0x00004e20       0x18
 i.ll_init      0x00004e20       0x18 C:\Program Files (x86)\Cypress\PSoC Creator\3.2\PSoC Creator\psoc\content\cycomponentlibrary\CyComponentLibrary.cylib\BLE_v1_10\Library\gccCyBLEStack_BLE_SOC_PERIPHERAL.a(ll.o)
                0x00004e20                ll_init

i.ll_initialize_device_attributes
                0x00004e38       0x4c
 i.ll_initialize_device_attributes
                0x00004e38       0x4c C:\Program Files (x86)\Cypress\PSoC Creator\3.2\PSoC Creator\psoc\content\cycomponentlibrary\CyComponentLibrary.cylib\BLE_v1_10\Library\gccCyBLEStack_BLE_SOC_PERIPHERAL.a(ll.o)
                0x00004e38                ll_initialize_device_attributes

i.ll_is_pkt_pending
                0x00004e84       0x2a
 i.ll_is_pkt_pending
                0x00004e84       0x2a C:\Program Files (x86)\Cypress\PSoC Creator\3.2\PSoC Creator\psoc\content\cycomponentlibrary\CyComponentLibrary.cylib\BLE_v1_10\Library\gccCyBLEStack_BLE_SOC_PERIPHERAL.a(ll.o)
                0x00004e84                ll_is_pkt_pending

i.ll_is_sent_pkt_pending
                0x00004eae       0x1a
 i.ll_is_sent_pkt_pending
                0x00004eae       0x1a C:\Program Files (x86)\Cypress\PSoC Creator\3.2\PSoC Creator\psoc\content\cycomponentlibrary\CyComponentLibrary.cylib\BLE_v1_10\Library\gccCyBLEStack_BLE_SOC_PERIPHERAL.a(ll.o)
                0x00004eae                ll_is_sent_pkt_pending

i.ll_isr_exit_low_power_mode
                0x00004ec8       0x16
 i.ll_isr_exit_low_power_mode
                0x00004ec8       0x16 C:\Program Files (x86)\Cypress\PSoC Creator\3.2\PSoC Creator\psoc\content\cycomponentlibrary\CyComponentLibrary.cylib\BLE_v1_10\Library\gccCyBLEStack_BLE_SOC_PERIPHERAL.a(ll.o)
                0x00004ec8                ll_isr_exit_low_power_mode

i.ll_load_host_data_packet
                0x00004ede       0x4a
 i.ll_load_host_data_packet
                0x00004ede       0x4a C:\Program Files (x86)\Cypress\PSoC Creator\3.2\PSoC Creator\psoc\content\cycomponentlibrary\CyComponentLibrary.cylib\BLE_v1_10\Library\gccCyBLEStack_BLE_SOC_PERIPHERAL.a(ll.o)
                0x00004ede                ll_load_host_data_packet

i.ll_load_packet_to_fifo
                0x00004f28       0x6e
 i.ll_load_packet_to_fifo
                0x00004f28       0x6e C:\Program Files (x86)\Cypress\PSoC Creator\3.2\PSoC Creator\psoc\content\cycomponentlibrary\CyComponentLibrary.cylib\BLE_v1_10\Library\gccCyBLEStack_BLE_SOC_PERIPHERAL.a(ll.o)
                0x00004f28                ll_load_packet_to_fifo

i.ll_process_acks
                0x00004f96       0x3c
 i.ll_process_acks
                0x00004f96       0x3c C:\Program Files (x86)\Cypress\PSoC Creator\3.2\PSoC Creator\psoc\content\cycomponentlibrary\CyComponentLibrary.cylib\BLE_v1_10\Library\gccCyBLEStack_BLE_SOC_PERIPHERAL.a(ll.o)
                0x00004f96                ll_process_acks

i.ll_reset      0x00004fd2       0x12
 i.ll_reset     0x00004fd2       0x12 C:\Program Files (x86)\Cypress\PSoC Creator\3.2\PSoC Creator\psoc\content\cycomponentlibrary\CyComponentLibrary.cylib\BLE_v1_10\Library\gccCyBLEStack_BLE_SOC_PERIPHERAL.a(ll.o)
                0x00004fd2                ll_reset

i.ll_update_active_features
                0x00004fe4       0x58
 i.ll_update_active_features
                0x00004fe4       0x58 C:\Program Files (x86)\Cypress\PSoC Creator\3.2\PSoC Creator\psoc\content\cycomponentlibrary\CyComponentLibrary.cylib\BLE_v1_10\Library\gccCyBLEStack_BLE_SOC_PERIPHERAL.a(ll.o)
                0x00004fe4                ll_update_active_features

i.ll_update_device_fsm
                0x0000503c        0x8
 i.ll_update_device_fsm
                0x0000503c        0x8 C:\Program Files (x86)\Cypress\PSoC Creator\3.2\PSoC Creator\psoc\content\cycomponentlibrary\CyComponentLibrary.cylib\BLE_v1_10\Library\gccCyBLEStack_BLE_SOC_PERIPHERAL.a(ll.o)
                0x0000503c                ll_update_device_fsm

i.pf_le_start_timer
                0x00005044       0x16
 i.pf_le_start_timer
                0x00005044       0x16 C:\Program Files (x86)\Cypress\PSoC Creator\3.2\PSoC Creator\psoc\content\cycomponentlibrary\CyComponentLibrary.cylib\BLE_v1_10\Library\gccCyBLEStack_BLE_SOC_PERIPHERAL.a(ll.o)
                0x00005044                pf_le_start_timer

i.pf_le_stop_timer
                0x0000505a       0x12
 i.pf_le_stop_timer
                0x0000505a       0x12 C:\Program Files (x86)\Cypress\PSoC Creator\3.2\PSoC Creator\psoc\content\cycomponentlibrary\CyComponentLibrary.cylib\BLE_v1_10\Library\gccCyBLEStack_BLE_SOC_PERIPHERAL.a(ll.o)
                0x0000505a                pf_le_stop_timer

i.CyBleControllerIP_TuneAdvEventInterPktSlots
                0x0000506c       0x44
 i.CyBleControllerIP_TuneAdvEventInterPktSlots
                0x0000506c       0x44 C:\Program Files (x86)\Cypress\PSoC Creator\3.2\PSoC Creator\psoc\content\cycomponentlibrary\CyComponentLibrary.cylib\BLE_v1_10\Library\gccCyBLEStack_BLE_SOC_PERIPHERAL.a(ll_advertiser.o)
                0x0000506c                CyBleControllerIP_TuneAdvEventInterPktSlots

i.ll_adv_is_configured_connection_adv
                0x000050b0       0x1e
 i.ll_adv_is_configured_connection_adv
                0x000050b0       0x1e C:\Program Files (x86)\Cypress\PSoC Creator\3.2\PSoC Creator\psoc\content\cycomponentlibrary\CyComponentLibrary.cylib\BLE_v1_10\Library\gccCyBLEStack_BLE_SOC_PERIPHERAL.a(ll_advertiser.o)
                0x000050b0                ll_adv_is_configured_connection_adv

i.ll_check_random_address_in_use_by_advertiser
                0x000050ce       0x10
 i.ll_check_random_address_in_use_by_advertiser
                0x000050ce       0x10 C:\Program Files (x86)\Cypress\PSoC Creator\3.2\PSoC Creator\psoc\content\cycomponentlibrary\CyComponentLibrary.cylib\BLE_v1_10\Library\gccCyBLEStack_BLE_SOC_PERIPHERAL.a(ll_advertiser.o)
                0x000050ce                ll_check_random_address_in_use_by_advertiser

i.ll_check_whitelist_in_use_by_advertiser
                0x000050de       0x10
 i.ll_check_whitelist_in_use_by_advertiser
                0x000050de       0x10 C:\Program Files (x86)\Cypress\PSoC Creator\3.2\PSoC Creator\psoc\content\cycomponentlibrary\CyComponentLibrary.cylib\BLE_v1_10\Library\gccCyBLEStack_BLE_SOC_PERIPHERAL.a(ll_advertiser.o)
                0x000050de                ll_check_whitelist_in_use_by_advertiser

i.ll_get_adv_status
                0x000050ee        0xc
 i.ll_get_adv_status
                0x000050ee        0xc C:\Program Files (x86)\Cypress\PSoC Creator\3.2\PSoC Creator\psoc\content\cycomponentlibrary\CyComponentLibrary.cylib\BLE_v1_10\Library\gccCyBLEStack_BLE_SOC_PERIPHERAL.a(ll_advertiser.o)
                0x000050ee                ll_get_adv_status

i.ll_get_adv_type
                0x000050fa       0x16
 i.ll_get_adv_type
                0x000050fa       0x16 C:\Program Files (x86)\Cypress\PSoC Creator\3.2\PSoC Creator\psoc\content\cycomponentlibrary\CyComponentLibrary.cylib\BLE_v1_10\Library\gccCyBLEStack_BLE_SOC_PERIPHERAL.a(ll_advertiser.o)
                0x000050fa                ll_get_adv_type

i.ll_handle_adv_intr
                0x00005110       0x50
 i.ll_handle_adv_intr
                0x00005110       0x50 C:\Program Files (x86)\Cypress\PSoC Creator\3.2\PSoC Creator\psoc\content\cycomponentlibrary\CyComponentLibrary.cylib\BLE_v1_10\Library\gccCyBLEStack_BLE_SOC_PERIPHERAL.a(ll_advertiser.o)
                0x00005110                ll_handle_adv_intr

i.ll_handle_set_adv_data
                0x00005160       0x14
 i.ll_handle_set_adv_data
                0x00005160       0x14 C:\Program Files (x86)\Cypress\PSoC Creator\3.2\PSoC Creator\psoc\content\cycomponentlibrary\CyComponentLibrary.cylib\BLE_v1_10\Library\gccCyBLEStack_BLE_SOC_PERIPHERAL.a(ll_advertiser.o)
                0x00005160                ll_handle_set_adv_data

i.ll_handle_set_adv_parameters
                0x00005174       0x84
 i.ll_handle_set_adv_parameters
                0x00005174       0x84 C:\Program Files (x86)\Cypress\PSoC Creator\3.2\PSoC Creator\psoc\content\cycomponentlibrary\CyComponentLibrary.cylib\BLE_v1_10\Library\gccCyBLEStack_BLE_SOC_PERIPHERAL.a(ll_advertiser.o)
                0x00005174                ll_handle_set_adv_parameters

i.ll_handle_set_advertise_enable
                0x000051f8       0x70
 i.ll_handle_set_advertise_enable
                0x000051f8       0x70 C:\Program Files (x86)\Cypress\PSoC Creator\3.2\PSoC Creator\psoc\content\cycomponentlibrary\CyComponentLibrary.cylib\BLE_v1_10\Library\gccCyBLEStack_BLE_SOC_PERIPHERAL.a(ll_advertiser.o)
                0x000051f8                ll_handle_set_advertise_enable

i.ll_handle_set_scan_resp_data
                0x00005268       0x14
 i.ll_handle_set_scan_resp_data
                0x00005268       0x14 C:\Program Files (x86)\Cypress\PSoC Creator\3.2\PSoC Creator\psoc\content\cycomponentlibrary\CyComponentLibrary.cylib\BLE_v1_10\Library\gccCyBLEStack_BLE_SOC_PERIPHERAL.a(ll_advertiser.o)
                0x00005268                ll_handle_set_scan_resp_data

i.ll_init_advertiser
                0x0000527c       0x68
 i.ll_init_advertiser
                0x0000527c       0x68 C:\Program Files (x86)\Cypress\PSoC Creator\3.2\PSoC Creator\psoc\content\cycomponentlibrary\CyComponentLibrary.cylib\BLE_v1_10\Library\gccCyBLEStack_BLE_SOC_PERIPHERAL.a(ll_advertiser.o)
                0x0000527c                ll_init_advertiser

i.is_le_connection_handle
                0x000052e4       0x28
 i.is_le_connection_handle
                0x000052e4       0x28 C:\Program Files (x86)\Cypress\PSoC Creator\3.2\PSoC Creator\psoc\content\cycomponentlibrary\CyComponentLibrary.cylib\BLE_v1_10\Library\gccCyBLEStack_BLE_SOC_PERIPHERAL.a(ll_connection.o)
                0x000052e4                is_le_connection_handle

i.le_assign_connection_handle
                0x0000530c       0x28
 i.le_assign_connection_handle
                0x0000530c       0x28 C:\Program Files (x86)\Cypress\PSoC Creator\3.2\PSoC Creator\psoc\content\cycomponentlibrary\CyComponentLibrary.cylib\BLE_v1_10\Library\gccCyBLEStack_BLE_SOC_PERIPHERAL.a(ll_connection.o)
                0x0000530c                le_assign_connection_handle

i.le_get_connection_index
                0x00005334        0x6
 i.le_get_connection_index