Archive member included because of file (symbol)

.\CortexM0\ARM_GCC_484\Debug\BLE Lab 2.a(cyfitter_cfg.o)
                              .\CortexM0\ARM_GCC_484\Debug\Cm0Start.o (cyfitter_cfg)
.\CortexM0\ARM_GCC_484\Debug\BLE Lab 2.a(SW2_Switch.o)
                              .\CortexM0\ARM_GCC_484\Debug\main.o (SW2_Switch_ClearInterrupt)
.\CortexM0\ARM_GCC_484\Debug\BLE Lab 2.a(Wakeup_ISR.o)
                              .\CortexM0\ARM_GCC_484\Debug\main.o (Wakeup_ISR_Start)
.\CortexM0\ARM_GCC_484\Debug\BLE Lab 2.a(Led_Advertising_Green.o)
                              .\CortexM0\ARM_GCC_484\Debug\main.o (Led_Advertising_Green_Write)
.\CortexM0\ARM_GCC_484\Debug\BLE Lab 2.a(Led_Connected_Blue.o)
                              .\CortexM0\ARM_GCC_484\Debug\main.o (Led_Connected_Blue_Write)
.\CortexM0\ARM_GCC_484\Debug\BLE Lab 2.a(BLE_hrs.o)
                              .\CortexM0\ARM_GCC_484\Debug\main.o (CyBle_HrsRegisterAttrCallback)
.\CortexM0\ARM_GCC_484\Debug\BLE Lab 2.a(BLE.o)
                              .\CortexM0\ARM_GCC_484\Debug\BLE Lab 2.a(BLE_hrs.o) (CyBle_ApplCallback)
.\CortexM0\ARM_GCC_484\Debug\BLE Lab 2.a(BLE_gatt.o)
                              .\CortexM0\ARM_GCC_484\Debug\BleProcessing.o (cyBle_state)
.\CortexM0\ARM_GCC_484\Debug\BLE Lab 2.a(BLE_eventHandler.o)
                              .\CortexM0\ARM_GCC_484\Debug\BleProcessing.o (cyBle_connHandle)
.\CortexM0\ARM_GCC_484\Debug\BLE Lab 2.a(BLE_dis.o)
                              .\CortexM0\ARM_GCC_484\Debug\BLE Lab 2.a(BLE.o) (CyBle_DisInit)
.\CortexM0\ARM_GCC_484\Debug\BLE Lab 2.a(Opamp.o)
                              .\CortexM0\ARM_GCC_484\Debug\main.o (Opamp_Start)
.\CortexM0\ARM_GCC_484\Debug\BLE Lab 2.a(Opamp_PM.o)
                              .\CortexM0\ARM_GCC_484\Debug\main.o (Opamp_Sleep)
.\CortexM0\ARM_GCC_484\Debug\BLE Lab 2.a(ADC.o)
                              .\CortexM0\ARM_GCC_484\Debug\main.o (ADC_Start)
.\CortexM0\ARM_GCC_484\Debug\BLE Lab 2.a(ADC_PM.o)
                              .\CortexM0\ARM_GCC_484\Debug\main.o (ADC_Sleep)
.\CortexM0\ARM_GCC_484\Debug\BLE Lab 2.a(ADC_INT.o)
                              .\CortexM0\ARM_GCC_484\Debug\BLE Lab 2.a(ADC.o) (ADC_ISR)
.\CortexM0\ARM_GCC_484\Debug\BLE Lab 2.a(CyBootAsmGnu.o)
                              .\CortexM0\ARM_GCC_484\Debug\BLE Lab 2.a(cyfitter_cfg.o) (CyDelayCycles)
.\CortexM0\ARM_GCC_484\Debug\BLE Lab 2.a(CyLib.o)
                              .\CortexM0\ARM_GCC_484\Debug\BLE Lab 2.a(cyfitter_cfg.o) (CySysClkWriteImoFreq)
.\CortexM0\ARM_GCC_484\Debug\BLE Lab 2.a(cyPm.o)
                              .\CortexM0\ARM_GCC_484\Debug\main.o (CySysPmSleep)
.\CortexM0\ARM_GCC_484\Debug\BLE Lab 2.a(CyLFClk.o)
                              .\CortexM0\ARM_GCC_484\Debug\BLE Lab 2.a(cyfitter_cfg.o) (CySysClkWcoStart)
D:\program\CY8\PSoC Creator\3.2\PSoC Creator\psoc\content\cycomponentlibrary\CyComponentLibrary.cylib\BLE_v2_0\Library\gccCyBLEStack_BLE_SOC_PERIPHERAL.a(CyBle.o)
                              .\CortexM0\ARM_GCC_484\Debug\main.o (CyBle_EnterLPM)
D:\program\CY8\PSoC Creator\3.2\PSoC Creator\psoc\content\cycomponentlibrary\CyComponentLibrary.cylib\BLE_v2_0\Library\gccCyBLEStack_BLE_SOC_PERIPHERAL.a(CyBleStackMgrIP_Interface.o)
                              D:\program\CY8\PSoC Creator\3.2\PSoC Creator\psoc\content\cycomponentlibrary\CyComponentLibrary.cylib\BLE_v2_0\Library\gccCyBLEStack_BLE_SOC_PERIPHERAL.a(CyBle.o) (CyBleStackMgr_Init)
D:\program\CY8\PSoC Creator\3.2\PSoC Creator\psoc\content\cycomponentlibrary\CyComponentLibrary.cylib\BLE_v2_0\Library\gccCyBLEStack_BLE_SOC_PERIPHERAL.a(BT_os.o)
                              D:\program\CY8\PSoC Creator\3.2\PSoC Creator\psoc\content\cycomponentlibrary\CyComponentLibrary.cylib\BLE_v2_0\Library\gccCyBLEStack_BLE_SOC_PERIPHERAL.a(CyBleStackMgrIP_Interface.o) (cyBleStackMemoryConfig)
D:\program\CY8\PSoC Creator\3.2\PSoC Creator\psoc\content\cycomponentlibrary\CyComponentLibrary.cylib\BLE_v2_0\Library\gccCyBLEStack_BLE_SOC_PERIPHERAL.a(CyBleStackMgr_StackTaskHandler.o)
                              D:\program\CY8\PSoC Creator\3.2\PSoC Creator\psoc\content\cycomponentlibrary\CyComponentLibrary.cylib\BLE_v2_0\Library\gccCyBLEStack_BLE_SOC_PERIPHERAL.a(CyBleStackMgrIP_Interface.o) (CyBle_CreateBleStackTask)
D:\program\CY8\PSoC Creator\3.2\PSoC Creator\psoc\content\cycomponentlibrary\CyComponentLibrary.cylib\BLE_v2_0\Library\gccCyBLEStack_BLE_SOC_PERIPHERAL.a(transport_sf.o)
                              D:\program\CY8\PSoC Creator\3.2\PSoC Creator\psoc\content\cycomponentlibrary\CyComponentLibrary.cylib\BLE_v2_0\Library\gccCyBLEStack_BLE_SOC_PERIPHERAL.a(CyBleStackMgr_StackTaskHandler.o) (hci_soft_transport_notify_data_received)
D:\program\CY8\PSoC Creator\3.2\PSoC Creator\psoc\content\cycomponentlibrary\CyComponentLibrary.cylib\BLE_v2_0\Library\gccCyBLEStack_BLE_SOC_PERIPHERAL.a(CyBleStackMgr_PSoCHal.o)
[...]
Memory Configuration

Name             Origin             Length             Attributes
rom              0x00000000         0x00020000         xr
ram              0x20000000         0x00004000         xrw
*default*        0x00000000         0xffffffff

Linker script and memory map

LOAD d:/program/cy8/psoc creator/3.2/psoc creator/import/gnu/arm/4.8.4/bin/../lib/gcc/arm-none-eabi/4.8.4/armv6-m/crti.o
LOAD d:/program/cy8/psoc creator/3.2/psoc creator/import/gnu/arm/4.8.4/bin/../lib/gcc/arm-none-eabi/4.8.4/armv6-m/crtbegin.o
LOAD d:/program/cy8/psoc creator/3.2/psoc creator/import/gnu/arm/4.8.4/bin/../lib/gcc/arm-none-eabi/4.8.4/../../../../arm-none-eabi/lib/armv6-m/crt0.o
START GROUP
LOAD .\CortexM0\ARM_GCC_484\Debug\main.o
LOAD .\CortexM0\ARM_GCC_484\Debug\HeartRateProcessing.o
LOAD .\CortexM0\ARM_GCC_484\Debug\BleProcessing.o
LOAD .\CortexM0\ARM_GCC_484\Debug\WatchdogTimer.o
LOAD .\CortexM0\ARM_GCC_484\Debug\cymetadata.o
LOAD .\CortexM0\ARM_GCC_484\Debug\Cm0Start.o
LOAD .\CortexM0\ARM_GCC_484\Debug\BLE Lab 2.a
LOAD D:\program\CY8\PSoC Creator\3.2\PSoC Creator\psoc\content\cycomponentlibrary\CyComponentLibrary.cylib\BLE_v2_0\Library\gccCyBLEStack_BLE_SOC_PERIPHERAL.a
LOAD D:\program\CY8\PSoC Creator\3.2\PSoC Creator\psoc\content\cycomponentlibrary\CyComponentLibrary.cylib\CortexM0\ARM_GCC_484\Debug\CyComponentLibrary.a
END GROUP
START GROUP
LOAD d:/program/cy8/psoc creator/3.2/psoc creator/import/gnu/arm/4.8.4/bin/../lib/gcc/arm-none-eabi/4.8.4/armv6-m\libgcc.a
LOAD d:/program/cy8/psoc creator/3.2/psoc creator/import/gnu/arm/4.8.4/bin/../lib/gcc/arm-none-eabi/4.8.4/../../../../arm-none-eabi/lib/armv6-m\libg_s.a
LOAD d:/program/cy8/psoc creator/3.2/psoc creator/import/gnu/arm/4.8.4/bin/../lib/gcc/arm-none-eabi/4.8.4/../../../../arm-none-eabi/lib/armv6-m\libc_s.a
END GROUP
START GROUP
LOAD d:/program/cy8/psoc creator/3.2/psoc creator/import/gnu/arm/4.8.4/bin/../lib/gcc/arm-none-eabi/4.8.4/armv6-m\libgcc.a
LOAD d:/program/cy8/psoc creator/3.2/psoc creator/import/gnu/arm/4.8.4/bin/../lib/gcc/arm-none-eabi/4.8.4/../../../../arm-none-eabi/lib/armv6-m\libc_s.a
END GROUP
LOAD d:/program/cy8/psoc creator/3.2/psoc creator/import/gnu/arm/4.8.4/bin/../lib/gcc/arm-none-eabi/4.8.4/armv6-m/crtend.o
LOAD d:/program/cy8/psoc creator/3.2/psoc creator/import/gnu/arm/4.8.4/bin/../lib/gcc/arm-none-eabi/4.8.4/armv6-m/crtn.o
START GROUP
LOAD d:/program/cy8/psoc creator/3.2/psoc creator/import/gnu/arm/4.8.4/bin/../lib/gcc/arm-none-eabi/4.8.4/armv6-m\libgcc.a
LOAD d:/program/cy8/psoc creator/3.2/psoc creator/import/gnu/arm/4.8.4/bin/../lib/gcc/arm-none-eabi/4.8.4/../../../../arm-none-eabi/lib/armv6-m\libc.a
LOAD d:/program/cy8/psoc creator/3.2/psoc creator/import/gnu/arm/4.8.4/bin/../lib/gcc/arm-none-eabi/4.8.4/../../../../arm-none-eabi/lib/armv6-m\libnosys.a
END GROUP
                0x00000000                CY_APPL_ORIGIN = 0x0
                0x00000080                CY_FLASH_ROW_SIZE = 0x80
                0x00000001                CY_APPL_NUM = 0x1
                0x00000040                CY_METADATA_SIZE = 0x40
                0x20001de0                PROVIDE (__cy_heap_start, _end)
                0x00000001                PROVIDE (__cy_region_num, ((__cy_regions_end - __cy_regions) / 0x10))
                0x20004000                PROVIDE (__cy_stack, (ORIGIN (ram) + 0x4000))
                0x20003c00                PROVIDE (__cy_heap_end, (__cy_stack - 0x400))

.cybootloader   0x00000000        0x0
 *(.cybootloader)
                0x00000000                appl1_start = CY_APPL_ORIGIN?CY_APPL_ORIGIN:ALIGN (CY_FLASH_ROW_SIZE)
                0x0000ff80                appl2_start = (appl1_start + ALIGN ((((0x20000 - appl1_start) - (0x2 * CY_FLASH_ROW_SIZE)) / 0x2), CY_FLASH_ROW_SIZE))
                0x00000000                appl_start = (CY_APPL_NUM == 0x1)?appl1_start:appl2_start

.text           0x00000000     0x2568
 CREATE_OBJECT_SYMBOLS
                0x00000000                PROVIDE (__cy_interrupt_vector, RomVectors)
 *(.romvectors)
 .romvectors    0x00000000       0x10 .\CortexM0\ARM_GCC_484\Debug\Cm0Start.o
                0x00000000                RomVectors
                0x00000001                ASSERT ((. != __cy_interrupt_vector), No interrupt vector)
                0x00000001                ASSERT (CY_APPL_ORIGIN?(SIZEOF (.cybootloader) <= CY_APPL_ORIGIN):0x1, Wrong image location)
                0x00000010                PROVIDE (__cy_reset, Reset)
 *(.text.Reset)
 .text.Reset    0x00000010        0x8 .\CortexM0\ARM_GCC_484\Debug\Cm0Start.o
                0x00000010                Reset
                0x00000001                ASSERT ((. != __cy_reset), No reset code)
 *(.psocinit)
 .psocinit      0x00000018      0x230 .\CortexM0\ARM_GCC_484\Debug\BLE Lab 2.a(cyfitter_cfg.o)
                0x000000e4                cyfitter_cfg
                0x00000248                . = MAX (., 0x100)
 *(.text .text.* .gnu.linkonce.t.*)
 .text          0x00000248       0x60 d:/program/cy8/psoc creator/3.2/psoc creator/import/gnu/arm/4.8.4/bin/../lib/gcc/arm-none-eabi/4.8.4/armv6-m/crtbegin.o
 .text.InitializeSystem
                0x000002a8       0x3c .\CortexM0\ARM_GCC_484\Debug\main.o
 .text.main     0x000002e4       0xf0 .\CortexM0\ARM_GCC_484\Debug\main.o
                0x000002e4                main
 .text.ProcessHeartRateSignal
                0x000003d4       0xb0 .\CortexM0\ARM_GCC_484\Debug\HeartRateProcessing.o
                0x000003d4                ProcessHeartRateSignal
 .text.SendHeartRateOverBLE
                0x00000484       0x58 .\CortexM0\ARM_GCC_484\Debug\BleProcessing.o
                0x00000484                SendHeartRateOverBLE
 .text.HrsEventHandler
                0x000004dc       0x38 .\CortexM0\ARM_GCC_484\Debug\BleProcessing.o
                0x000004dc                HrsEventHandler
 .text.GeneralEventHandler
                0x00000514       0x88 .\CortexM0\ARM_GCC_484\Debug\BleProcessing.o
                0x00000514                GeneralEventHandler
 .text.WatchdogTimer_Isr
                0x0000059c       0x20 .\CortexM0\ARM_GCC_484\Debug\WatchdogTimer.o
                0x0000059c                WatchdogTimer_Isr
 .text.WatchdogTimer_Start
                0x000005bc       0x48 .\CortexM0\ARM_GCC_484\Debug\WatchdogTimer.o
                0x000005bc                WatchdogTimer_Start
 .text.WatchdogTimer_GetTimestamp
                0x00000604       0x14 .\CortexM0\ARM_GCC_484\Debug\WatchdogTimer.o
                0x00000604                WatchdogTimer_GetTimestamp
 .text.IntDefaultHandler
                0x00000618        0x8 .\CortexM0\ARM_GCC_484\Debug\Cm0Start.o
                0x00000618                IntDefaultHandler
 .text.Start_c  0x00000620       0x98 .\CortexM0\ARM_GCC_484\Debug\Cm0Start.o
                0x00000620                Start_c
 .text.initialize_psoc
                0x000006b8       0x70 .\CortexM0\ARM_GCC_484\Debug\Cm0Start.o
                0x000006b8                initialize_psoc
 .text.CYMEMZERO
                0x00000728       0x20 .\CortexM0\ARM_GCC_484\Debug\BLE Lab 2.a(cyfitter_cfg.o)
 .text.cfg_write_bytes32
                0x00000748       0x80 .\CortexM0\ARM_GCC_484\Debug\BLE Lab 2.a(cyfitter_cfg.o)
 .text.AnalogSetDefault
                0x000007c8       0x60 .\CortexM0\ARM_GCC_484\Debug\BLE Lab 2.a(cyfitter_cfg.o)
 .text.SetAnalogRoutingPumps
                0x00000828       0x40 .\CortexM0\ARM_GCC_484\Debug\BLE Lab 2.a(cyfitter_cfg.o)
                0x00000828                SetAnalogRoutingPumps
 .text.SW2_Switch_ClearInterrupt
                0x00000868       0x30 .\CortexM0\ARM_GCC_484\Debug\BLE Lab 2.a(SW2_Switch.o)
                0x00000868                SW2_Switch_ClearInterrupt
 .text.Wakeup_ISR_Start
                0x00000898       0x24 .\CortexM0\ARM_GCC_484\Debug\BLE Lab 2.a(Wakeup_ISR.o)
                0x00000898                Wakeup_ISR_Start
 .text.Wakeup_ISR_Interrupt
                0x000008bc        0x8 .\CortexM0\ARM_GCC_484\Debug\BLE Lab 2.a(Wakeup_ISR.o)
                0x000008bc                Wakeup_ISR_Interrupt
 .text.Wakeup_ISR_SetVector
                0x000008c4       0x18 .\CortexM0\ARM_GCC_484\Debug\BLE Lab 2.a(Wakeup_ISR.o)
                0x000008c4                Wakeup_ISR_SetVector
 .text.Wakeup_ISR_SetPriority
                0x000008dc       0x50 .\CortexM0\ARM_GCC_484\Debug\BLE Lab 2.a(Wakeup_ISR.o)
                0x000008dc                Wakeup_ISR_SetPriority
 .text.Wakeup_ISR_Enable
                0x0000092c       0x14 .\CortexM0\ARM_GCC_484\Debug\BLE Lab 2.a(Wakeup_ISR.o)
                0x0000092c                Wakeup_ISR_Enable
 .text.Wakeup_ISR_Disable
                0x00000940       0x14 .\CortexM0\ARM_GCC_484\Debug\BLE Lab 2.a(Wakeup_ISR.o)
                0x00000940                Wakeup_ISR_Disable
 .text.Led_Advertising_Green_Write
                0x00000954       0x4c .\CortexM0\ARM_GCC_484\Debug\BLE Lab 2.a(Led_Advertising_Green.o)
                0x00000954                Led_Advertising_Green_Write
 .text.Led_Advertising_Green_SetDriveMode
                0x000009a0       0x30 .\CortexM0\ARM_GCC_484\Debug\BLE Lab 2.a(Led_Advertising_Green.o)
                0x000009a0                Led_Advertising_Green_SetDriveMode
 .text.Led_Connected_Blue_Write
                0x000009d0       0x48 .\CortexM0\ARM_GCC_484\Debug\BLE Lab 2.a(Led_Connected_Blue.o)
                0x000009d0                Led_Connected_Blue_Write
 .text.Led_Connected_Blue_SetDriveMode
                0x00000a18       0x30 .\CortexM0\ARM_GCC_484\Debug\BLE Lab 2.a(Led_Connected_Blue.o)
                0x00000a18                Led_Connected_Blue_SetDriveMode
 .text.CyBle_HrsInit
                0x00000a48        0x8 .\CortexM0\ARM_GCC_484\Debug\BLE Lab 2.a(BLE_hrs.o)
                0x00000a48                CyBle_HrsInit
 .text.CyBle_HrsRegisterAttrCallback
                0x00000a50       0x18 .\CortexM0\ARM_GCC_484\Debug\BLE Lab 2.a(BLE_hrs.o)
                0x00000a50                CyBle_HrsRegisterAttrCallback
 .text.CyBle_HrssGetCharacteristicValue
                0x00000a68       0x9c .\CortexM0\ARM_GCC_484\Debug\BLE Lab 2.a(BLE_hrs.o)
                0x00000a68                CyBle_HrssGetCharacteristicValue
 .text.CyBle_HrssSendNotification
                0x00000b04       0xdc .\CortexM0\ARM_GCC_484\Debug\BLE Lab 2.a(BLE_hrs.o)
                0x00000b04                CyBle_HrssSendNotification
 .text.CyBle_HrssWriteEventHandler
                0x00000be0      0x118 .\CortexM0\ARM_GCC_484\Debug\BLE Lab 2.a(BLE_hrs.o)
                0x00000be0                CyBle_HrssWriteEventHandler
 .text.CyBle_Init
                0x00000cf8       0x2c .\CortexM0\ARM_GCC_484\Debug\BLE Lab 2.a(BLE.o)
                0x00000cf8                CyBle_Init
 .text.CyBle_ServiceInit
                0x00000d24       0x10 .\CortexM0\ARM_GCC_484\Debug\BLE Lab 2.a(BLE.o)
                0x00000d24                CyBle_ServiceInit
 .text.CyBle_Start
                0x00000d34       0xb0 .\CortexM0\ARM_GCC_484\Debug\BLE Lab 2.a(BLE.o)
                0x00000d34                CyBle_Start
 .text.CyBle_Stop
                0x00000de4       0x18 .\CortexM0\ARM_GCC_484\Debug\BLE Lab 2.a(BLE.o)
                0x00000de4                CyBle_Stop
 .text.CyBle_GappStartAdvertisement
                0x00000dfc       0xd4 .\CortexM0\ARM_GCC_484\Debug\BLE Lab 2.a(BLE.o)
                0x00000dfc                CyBle_GappStartAdvertisement
 .text.CyBle_ChangeAdDeviceAddress
                0x00000ed0       0x60 .\CortexM0\ARM_GCC_484\Debug\BLE Lab 2.a(BLE.o)
                0x00000ed0                CyBle_ChangeAdDeviceAddress
 .text.CyBle_Get16ByPtr
                0x00000f30       0x24 .\CortexM0\ARM_GCC_484\Debug\BLE Lab 2.a(BLE.o)
                0x00000f30                CyBle_Get16ByPtr
 .text.CyBle_GattsWriteEventHandler
                0x00000f54       0xa0 .\CortexM0\ARM_GCC_484\Debug\BLE Lab 2.a(BLE_gatt.o)
                0x00000f54                CyBle_GattsWriteEventHandler
 .text.CyBle_WriteReqHandler
                0x00000ff4       0x98 .\CortexM0\ARM_GCC_484\Debug\BLE Lab 2.a(BLE_eventHandler.o)
 .text.CyBle_ValueConfirmation
                0x0000108c       0x10 .\CortexM0\ARM_GCC_484\Debug\BLE Lab 2.a(BLE_eventHandler.o)
 .text.CyBle_GattDisconnectEventHandler
                0x0000109c       0x18 .\CortexM0\ARM_GCC_484\Debug\BLE Lab 2.a(BLE_eventHandler.o)
 .text.CyBle_TimeOutEventHandler
                0x000010b4       0x10 .\CortexM0\ARM_GCC_484\Debug\BLE Lab 2.a(BLE_eventHandler.o)
 .text.CyBle_GattConnectReqHandler
                0x000010c4        0x8 .\CortexM0\ARM_GCC_484\Debug\BLE Lab 2.a(BLE_eventHandler.o)
 .text.CyBle_IsDeviceAddressValid
                0x000010cc       0x60 .\CortexM0\ARM_GCC_484\Debug\BLE Lab 2.a(BLE_eventHandler.o)
 .text.CyBle_L2Cap_ConnParamUpdateRspEventHandler
                0x0000112c       0x14 .\CortexM0\ARM_GCC_484\Debug\BLE Lab 2.a(BLE_eventHandler.o)
 .text.CyBle_GapConnUpdateCompleteEventHandler
                0x00001140       0x10 .\CortexM0\ARM_GCC_484\Debug\BLE Lab 2.a(BLE_eventHandler.o)
 .text.CyBle_EventHandler
                0x00001150      0x2bc .\CortexM0\ARM_GCC_484\Debug\BLE Lab 2.a(BLE_eventHandler.o)
                0x00001150                CyBle_EventHandler
 .text.CyBle_DisInit
                0x0000140c        0x8 .\CortexM0\ARM_GCC_484\Debug\BLE Lab 2.a(BLE_dis.o)
                0x0000140c                CyBle_DisInit
 .text.Opamp_Init
                0x00001414       0x34 .\CortexM0\ARM_GCC_484\Debug\BLE Lab 2.a(Opamp.o)
                0x00001414                Opamp_Init
 .text.Opamp_Enable
                0x00001448       0x24 .\CortexM0\ARM_GCC_484\Debug\BLE Lab 2.a(Opamp.o)
                0x00001448                Opamp_Enable
 .text.Opamp_Start
                0x0000146c       0x24 .\CortexM0\ARM_GCC_484\Debug\BLE Lab 2.a(Opamp.o)
                0x0000146c                Opamp_Start
 .text.Opamp_Stop
                0x00001490       0x1c .\CortexM0\ARM_GCC_484\Debug\BLE Lab 2.a(Opamp.o)
                0x00001490                Opamp_Stop
 .text.Opamp_Sleep
                0x000014ac       0x2c .\CortexM0\ARM_GCC_484\Debug\BLE Lab 2.a(Opamp_PM.o)
                0x000014ac                Opamp_Sleep
 .text.Opamp_Wakeup
                0x000014d8       0x18 .\CortexM0\ARM_GCC_484\Debug\BLE Lab 2.a(Opamp_PM.o)
                0x000014d8                Opamp_Wakeup
 .text.ADC_Start
                0x000014f0       0x24 .\CortexM0\ARM_GCC_484\Debug\BLE Lab 2.a(ADC.o)
                0x000014f0                ADC_Start
 .text.ADC_Init
                0x00001514      0x1c4 .\CortexM0\ARM_GCC_484\Debug\BLE Lab 2.a(ADC.o)
                0x00001514                ADC_Init
 .text.ADC_Enable
                0x000016d8       0x38 .\CortexM0\ARM_GCC_484\Debug\BLE Lab 2.a(ADC.o)
                0x000016d8                ADC_Enable
 .text.ADC_Stop
                0x00001710       0x18 .\CortexM0\ARM_GCC_484\Debug\BLE Lab 2.a(ADC.o)
                0x00001710                ADC_Stop
 .text.ADC_StartConvert
                0x00001728       0x14 .\CortexM0\ARM_GCC_484\Debug\BLE Lab 2.a(ADC.o)
                0x00001728                ADC_StartConvert
 .text.ADC_StopConvert
                0x0000173c        0x8 .\CortexM0\ARM_GCC_484\Debug\BLE Lab 2.a(ADC.o)
                0x0000173c                ADC_StopConvert
 .text.ADC_IsEndConversion
                0x00001744       0x48 .\CortexM0\ARM_GCC_484\Debug\BLE Lab 2.a(ADC.o)
                0x00001744                ADC_IsEndConversion
 .text.ADC_GetResult16
                0x0000178c       0x44 .\CortexM0\ARM_GCC_484\Debug\BLE Lab 2.a(ADC.o)
                0x0000178c                ADC_GetResult16
 .text.ADC_Sleep
                0x000017d0       0x84 .\CortexM0\ARM_GCC_484\Debug\BLE Lab 2.a(ADC_PM.o)
                0x000017d0                ADC_Sleep
 .text.ADC_Wakeup
                0x00001854       0x58 .\CortexM0\ARM_GCC_484\Debug\BLE Lab 2.a(ADC_PM.o)
                0x00001854                ADC_Wakeup
 .text.ADC_ISR  0x000018ac       0x1c .\CortexM0\ARM_GCC_484\Debug\BLE Lab 2.a(ADC_INT.o)
                0x000018ac                ADC_ISR
 .text          0x000018c8       0x20 .\CortexM0\ARM_GCC_484\Debug\BLE Lab 2.a(CyBootAsmGnu.o)
                0x000018c8                CyDelayCycles
                0x000018da                CyEnterCriticalSection
                0x000018e2                CyExitCriticalSection
 .text.CySysClkWriteSysclkDiv
                0x000018e8       0x44 .\CortexM0\ARM_GCC_484\Debug\BLE Lab 2.a(CyLib.o)
                0x000018e8                CySysClkWriteSysclkDiv
 .text.CySysClkWriteImoFreq
                0x0000192c       0x98 .\CortexM0\ARM_GCC_484\Debug\BLE Lab 2.a(CyLib.o)
                0x0000192c                CySysClkWriteImoFreq
 .text.CySysClkEcoStart
                0x000019c4       0x74 .\CortexM0\ARM_GCC_484\Debug\BLE Lab 2.a(CyLib.o)
                0x000019c4                CySysClkEcoStart
 .text.CySysClkEcoReadStatus
                0x00001a38       0x18 .\CortexM0\ARM_GCC_484\Debug\BLE Lab 2.a(CyLib.o)
                0x00001a38                CySysClkEcoReadStatus
 .text.CyIntSetVector
                0x00001a50       0x4c .\CortexM0\ARM_GCC_484\Debug\BLE Lab 2.a(CyLib.o)
                0x00001a50                CyIntSetVector
 .text.CyIntSetPriority
                0x00001a9c       0xa8 .\CortexM0\ARM_GCC_484\Debug\BLE Lab 2.a(CyLib.o)
                0x00001a9c                CyIntSetPriority
 .text.CyIntEnable
                0x00001b44       0x2c .\CortexM0\ARM_GCC_484\Debug\BLE Lab 2.a(CyLib.o)
                0x00001b44                CyIntEnable
 .text.CyHalt   0x00001b70       0x14 .\CortexM0\ARM_GCC_484\Debug\BLE Lab 2.a(CyLib.o)
                0x00001b70                CyHalt
 .text.CyDelay  0x00001b84       0x48 .\CortexM0\ARM_GCC_484\Debug\BLE Lab 2.a(CyLib.o)
                0x00001b84                CyDelay
 .text.CyDelayUs
                0x00001bcc       0x28 .\CortexM0\ARM_GCC_484\Debug\BLE Lab 2.a(CyLib.o)
                0x00001bcc                CyDelayUs
 .text.CySysPmSleep
                0x00001bf4       0x34 .\CortexM0\ARM_GCC_484\Debug\BLE Lab 2.a(cyPm.o)
                0x00001bf4                CySysPmSleep
 .text.CySysPmDeepSleep
                0x00001c28       0x6c .\CortexM0\ARM_GCC_484\Debug\BLE Lab 2.a(cyPm.o)
                0x00001c28                CySysPmDeepSleep
 .text.CySysPmHibernate
                0x00001c94       0x6c .\CortexM0\ARM_GCC_484\Debug\BLE Lab 2.a(cyPm.o)
                0x00001c94                CySysPmHibernate
 .text.CySysClkWcoSetHighPowerMode
                0x00001d00       0x48 .\CortexM0\ARM_GCC_484\Debug\BLE Lab 2.a(CyLFClk.o)
 .text.CySysClkWcoSetLowPowerMode
                0x00001d48       0x48 .\CortexM0\ARM_GCC_484\Debug\BLE Lab 2.a(CyLFClk.o)
 .text.CySysClkWcoStart
                0x00001d90       0x20 .\CortexM0\ARM_GCC_484\Debug\BLE Lab 2.a(CyLFClk.o)
                0x00001d90                CySysClkWcoStart
 .text.CySysClkWcoSetPowerMode
                0x00001db0       0x40 .\CortexM0\ARM_GCC_484\Debug\BLE Lab 2.a(CyLFClk.o)
                0x00001db0                CySysClkWcoSetPowerMode
 .text.CySysWdtLock
                0x00001df0       0x34 .\CortexM0\ARM_GCC_484\Debug\BLE Lab 2.a(CyLFClk.o)
                0x00001df0                CySysWdtLock
 .text.CySysWdtLocked
                0x00001e24       0x20 .\CortexM0\ARM_GCC_484\Debug\BLE Lab 2.a(CyLFClk.o)
 .text.CySysWdtUnlock
                0x00001e44       0x4c .\CortexM0\ARM_GCC_484\Debug\BLE Lab 2.a(CyLFClk.o)
                0x00001e44                CySysWdtUnlock
 .text.CySysWdtGetEnabledStatus
                0x00001e90       0x30 .\CortexM0\ARM_GCC_484\Debug\BLE Lab 2.a(CyLFClk.o)
                0x00001e90                CySysWdtGetEnabledStatus
 .text.CySysWdtSetMode
                0x00001ec0       0x60 .\CortexM0\ARM_GCC_484\Debug\BLE Lab 2.a(CyLFClk.o)
                0x00001ec0                CySysWdtSetMode
 .text.CySysWdtSetClearOnMatch
                0x00001f20       0x70 .\CortexM0\ARM_GCC_484\Debug\BLE Lab 2.a(CyLFClk.o)
                0x00001f20                CySysWdtSetClearOnMatch
 .text.CySysWdtEnable
                0x00001f90       0x64 .\CortexM0\ARM_GCC_484\Debug\BLE Lab 2.a(CyLFClk.o)
                0x00001f90                CySysWdtEnable
 .text.CySysWdtSetMatch
                0x00001ff4       0x90 .\CortexM0\ARM_GCC_484\Debug\BLE Lab 2.a(CyLFClk.o)
                0x00001ff4                CySysWdtSetMatch
 .text.CySysWdtClearInterrupt
                0x00002084       0x70 .\CortexM0\ARM_GCC_484\Debug\BLE Lab 2.a(CyLFClk.o)
                0x00002084                CySysWdtClearInterrupt
 .text.CyBLE_Bless_LlRegWrite
                0x000020f4       0x1c .\CortexM0\ARM_GCC_484\Debug\BLE Lab 2.a(BLE_HAL_PVT.o)
                0x000020f4                CyBLE_Bless_LlRegWrite
 .text.CyBLE_Bless_RfRegWrite
                0x00002110       0x1c .\CortexM0\ARM_GCC_484\Debug\BLE Lab 2.a(BLE_HAL_PVT.o)
                0x00002110                CyBLE_Bless_RfRegWrite
 .text.CyBLE_BlessDeviceConfig
                0x0000212c      0x110 .\CortexM0\ARM_GCC_484\Debug\BLE Lab 2.a(BLE_HAL_PVT.o)
                0x0000212c                CyBLE_BlessDeviceConfig
 .text.CyBleHal_DelayUs
                0x0000223c       0x1c .\CortexM0\ARM_GCC_484\Debug\BLE Lab 2.a(BLE_HAL_PVT.o)
                0x0000223c                CyBleHal_DelayUs
 .text.CyBleHal_DelayMs
                0x00002258       0x18 .\CortexM0\ARM_GCC_484\Debug\BLE Lab 2.a(BLE_HAL_PVT.o)
                0x00002258                CyBleHal_DelayMs
 .text.CyBleHal_EnableGlobalInterrupts
                0x00002270        0xc .\CortexM0\ARM_GCC_484\Debug\BLE Lab 2.a(BLE_HAL_PVT.o)
                0x00002270                CyBleHal_EnableGlobalInterrupts
 .text.CyBleHal_DisableGlobalInterrupts
                0x0000227c        0xc .\CortexM0\ARM_GCC_484\Debug\BLE Lab 2.a(BLE_HAL_PVT.o)
                0x0000227c                CyBleHal_DisableGlobalInterrupts
 .text.CyBle_HalInit
                0x00002288       0x20 .\CortexM0\ARM_GCC_484\Debug\BLE Lab 2.a(BLE_HAL_PVT.o)
                0x00002288                CyBle_HalInit
 .text.CYBLE_BlessStart
                0x000022a8       0x14 .\CortexM0\ARM_GCC_484\Debug\BLE Lab 2.a(BLE_HAL_PVT.o)
                0x000022a8                CYBLE_BlessStart
 .text.BLE_bless_isr_StartEx
                0x000022bc       0x24 .\CortexM0\ARM_GCC_484\Debug\BLE Lab 2.a(BLE_bless_isr.o)
                0x000022bc                BLE_bless_isr_StartEx
 .text.BLE_bless_isr_SetVector
                0x000022e0       0x18 .\CortexM0\ARM_GCC_484\Debug\BLE Lab 2.a(BLE_bless_isr.o)
                0x000022e0                BLE_bless_isr_SetVector
 .text.BLE_bless_isr_SetPriority
                0x000022f8       0x50 .\CortexM0\ARM_GCC_484\Debug\BLE Lab 2.a(BLE_bless_isr.o)
                0x000022f8                BLE_bless_isr_SetPriority
 .text.BLE_bless_isr_Enable
                0x00002348       0x14 .\CortexM0\ARM_GCC_484\Debug\BLE Lab 2.a(BLE_bless_isr.o)
                0x00002348                BLE_bless_isr_Enable
 .text.BLE_bless_isr_Disable
                0x0000235c       0x14 .\CortexM0\ARM_GCC_484\Debug\BLE Lab 2.a(BLE_bless_isr.o)
                0x0000235c                BLE_bless_isr_Disable
 .text.CyBLE_Bless_Interrupt
                0x00002370        0xc .\CortexM0\ARM_GCC_484\Debug\BLE Lab 2.a(BLE_HAL_INT.o)
                0x00002370                CyBLE_Bless_Interrupt
 .text          0x0000237c       0x9c d:/program/cy8/psoc creator/3.2/psoc creator/import/gnu/arm/4.8.4/bin/../lib/gcc/arm-none-eabi/4.8.4/armv6-m\libgcc.a(_udivsi3.o)
                0x0000237c                __aeabi_uidiv
                0x0000237c                __udivsi3
                0x00002404                __aeabi_uidivmod
 .text          0x00002418       0xc0 d:/program/cy8/psoc creator/3.2/psoc creator/import/gnu/arm/4.8.4/bin/../lib/gcc/arm-none-eabi/4.8.4/armv6-m\libgcc.a(_divsi3.o)
                0x00002418                __divsi3
                0x00002418                __aeabi_idiv
                0x000024c4                __aeabi_idivmod
 .text          0x000024d8        0x4 d:/program/cy8/psoc creator/3.2/psoc creator/import/gnu/arm/4.8.4/bin/../lib/gcc/arm-none-eabi/4.8.4/armv6-m\libgcc.a(_dvmd_tls.o)
                0x000024d8                __aeabi_idiv0
                0x000024d8                __aeabi_ldiv0
 .text.__libc_init_array
                0x000024dc       0x4c d:/program/cy8/psoc creator/3.2/psoc creator/import/gnu/arm/4.8.4/bin/../lib/gcc/arm-none-eabi/4.8.4/../../../../arm-none-eabi/lib/armv6-m\libg_s.a(lib_a-init.o)
                0x000024dc                __libc_init_array
 .text.memcmp   0x00002528       0x1e d:/program/cy8/psoc creator/3.2/psoc creator/import/gnu/arm/4.8.4/bin/../lib/gcc/arm-none-eabi/4.8.4/../../../../arm-none-eabi/lib/armv6-m\libg_s.a(lib_a-memcmp.o)
                0x00002528                memcmp
 .text.memcpy   0x00002546       0x12 d:/program/cy8/psoc creator/3.2/psoc creator/import/gnu/arm/4.8.4/bin/../lib/gcc/arm-none-eabi/4.8.4/../../../../arm-none-eabi/lib/armv6-m\libg_s.a(lib_a-memcpy-stub.o)
                0x00002546                memcpy
 .text.memset   0x00002558       0x10 d:/program/cy8/psoc creator/3.2/psoc creator/import/gnu/arm/4.8.4/bin/../lib/gcc/arm-none-eabi/4.8.4/../../../../arm-none-eabi/lib/armv6-m\libg_s.a(lib_a-memset.o)
                0x00002558                memset
 *(.plt)
 *(.gnu.warning)
 *(.glue_7t)
 .glue_7t       0x00000000        0x0 linker stubs
 *(.glue_7)
 .glue_7        0x00000000        0x0 linker stubs
 *(.vfp11_veneer)
 .vfp11_veneer  0x00000000        0x0 linker stubs
 *(.bootloader)
 *(.ARM.extab* .gnu.linkonce.armextab.*)
 *(.gcc_except_table)

.v4_bx          0x00002568        0x0
 .v4_bx         0x00000000        0x0 linker stubs

.iplt           0x00002568        0x0
 .iplt          0x00000000        0x0 d:/program/cy8/psoc creator/3.2/psoc creator/import/gnu/arm/4.8.4/bin/../lib/gcc/arm-none-eabi/4.8.4/armv6-m/crtbegin.o

i.CyBle_EnterLPM
                0x00002568        0x8
 i.CyBle_EnterLPM
                0x00002568        0x8 D:\program\CY8\PSoC Creator\3.2\PSoC Creator\psoc\content\cycomponentlibrary\CyComponentLibrary.cylib\BLE_v2_0\Library\gccCyBLEStack_BLE_SOC_PERIPHERAL.a(CyBle.o)
                0x00002568                CyBle_EnterLPM

i.CyBle_ExitLPM
                0x00002570        0x8
 i.CyBle_ExitLPM
                0x00002570        0x8 D:\program\CY8\PSoC Creator\3.2\PSoC Creator\psoc\content\cycomponentlibrary\CyComponentLibrary.cylib\BLE_v2_0\Library\gccCyBLEStack_BLE_SOC_PERIPHERAL.a(CyBle.o)
                0x00002570                CyBle_ExitLPM

i.CyBle_ProcessEvents
                0x00002578        0x8
 i.CyBle_ProcessEvents
                0x00002578        0x8 D:\program\CY8\PSoC Creator\3.2\PSoC Creator\psoc\content\cycomponentlibrary\CyComponentLibrary.cylib\BLE_v2_0\Library\gccCyBLEStack_BLE_SOC_PERIPHERAL.a(CyBle.o)
                0x00002578                CyBle_ProcessEvents

i.CyBle_SetDeviceAddress
                0x00002580       0x24
 i.CyBle_SetDeviceAddress
                0x00002580       0x24 D:\program\CY8\PSoC Creator\3.2\PSoC Creator\psoc\content\cycomponentlibrary\CyComponentLibrary.cylib\BLE_v2_0\Library\gccCyBLEStack_BLE_SOC_PERIPHERAL.a(CyBle.o)
                0x00002580                CyBle_SetDeviceAddress

i.CyBle_Shutdown
                0x000025a4       0x24
 i.CyBle_Shutdown
                0x000025a4       0x24 D:\program\CY8\PSoC Creator\3.2\PSoC Creator\psoc\content\cycomponentlibrary\CyComponentLibrary.cylib\BLE_v2_0\Library\gccCyBLEStack_BLE_SOC_PERIPHERAL.a(CyBle.o)
                0x000025a4                CyBle_Shutdown

i.CyBle_StackInit
                0x000025c8       0x80
 i.CyBle_StackInit
                0x000025c8       0x80 D:\program\CY8\PSoC Creator\3.2\PSoC Creator\psoc\content\cycomponentlibrary\CyComponentLibrary.cylib\BLE_v2_0\Library\gccCyBLEStack_BLE_SOC_PERIPHERAL.a(CyBle.o)
                0x000025c8                CyBle_StackInit

i.CyBleStackMgr_Init
                0x00002648       0xb4
 i.CyBleStackMgr_Init
                0x00002648       0xb4 D:\program\CY8\PSoC Creator\3.2\PSoC Creator\psoc\content\cycomponentlibrary\CyComponentLibrary.cylib\BLE_v2_0\Library\gccCyBLEStack_BLE_SOC_PERIPHERAL.a(CyBleStackMgrIP_Interface.o)
                0x00002648                CyBleStackMgr_Init

i.CyBleStackMgr_ProcessBleEvents
                0x000026fc       0x14
 i.CyBleStackMgr_ProcessBleEvents
                0x000026fc       0x14 D:\program\CY8\PSoC Creator\3.2\PSoC Creator\psoc\content\cycomponentlibrary\CyComponentLibrary.cylib\BLE_v2_0\Library\gccCyBLEStack_BLE_SOC_PERIPHERAL.a(CyBleStackMgrIP_Interface.o)
                0x000026fc                CyBleStackMgr_ProcessBleEvents

i.CyBleStackMgr_Reset
                0x00002710       0x34
 i.CyBleStackMgr_Reset
                0x00002710       0x34 D:\program\CY8\PSoC Creator\3.2\PSoC Creator\psoc\content\cycomponentlibrary\CyComponentLibrary.cylib\BLE_v2_0\Library\gccCyBLEStack_BLE_SOC_PERIPHERAL.a(CyBleStackMgrIP_Interface.o)
                0x00002710                CyBleStackMgr_Reset

i.CyBleStackMgr_Shutdown
                0x00002744       0x24
 i.CyBleStackMgr_Shutdown
                0x00002744       0x24 D:\program\CY8\PSoC Creator\3.2\PSoC Creator\psoc\content\cycomponentlibrary\CyComponentLibrary.cylib\BLE_v2_0\Library\gccCyBLEStack_BLE_SOC_PERIPHERAL.a(CyBleStackMgrIP_Interface.o)
                0x00002744                CyBleStackMgr_Shutdown

i.CyBle_GetHeapMemory
                0x00002768       0x28
 i.CyBle_GetHeapMemory
                0x00002768       0x28 D:\program\CY8\PSoC Creator\3.2\PSoC Creator\psoc\content\cycomponentlibrary\CyComponentLibrary.cylib\BLE_v2_0\Library\gccCyBLEStack_BLE_SOC_PERIPHERAL.a(CyBleStackMgrIP_Interface.o)
                0x00002768                CyBle_GetHeapMemory

i.CyBle_GetNumAppBufferPools
                0x00002790        0xc
 i.CyBle_GetNumAppBufferPools
                0x00002790        0xc D:\program\CY8\PSoC Creator\3.2\PSoC Creator\psoc\content\cycomponentlibrary\CyComponentLibrary.cylib\BLE_v2_0\Library\gccCyBLEStack_BLE_SOC_PERIPHERAL.a(CyBleStackMgrIP_Interface.o)
                0x00002790                CyBle_GetNumAppBufferPools

i.CyBle_GetReservedPoolInfo
                0x0000279c       0x3c
 i.CyBle_GetReservedPoolInfo
                0x0000279c       0x3c D:\program\CY8\PSoC Creator\3.2\PSoC Creator\psoc\content\cycomponentlibrary\CyComponentLibrary.cylib\BLE_v2_0\Library\gccCyBLEStack_BLE_SOC_PERIPHERAL.a(CyBleStackMgrIP_Interface.o)
                0x0000279c                CyBle_GetReservedPoolInfo

i.CyBle_HostStackBufferPoolInit
                0x000027d8       0x7c
 i.CyBle_HostStackBufferPoolInit
                0x000027d8       0x7c D:\program\CY8\PSoC Creator\3.2\PSoC Creator\psoc\content\cycomponentlibrary\CyComponentLibrary.cylib\BLE_v2_0\Library\gccCyBLEStack_BLE_SOC_PERIPHERAL.a(CyBleStackMgrIP_Interface.o)

i.ble_stack_idle_task_callback
                0x00002854        0x2
 i.ble_stack_idle_task_callback
                0x00002854        0x2 D:\program\CY8\PSoC Creator\3.2\PSoC Creator\psoc\content\cycomponentlibrary\CyComponentLibrary.cylib\BLE_v2_0\Library\gccCyBLEStack_BLE_SOC_PERIPHERAL.a(CyBleStackMgrIP_Interface.o)
                0x00002854                ble_stack_idle_task_callback

i.BT_OSFreeBuf  0x00002858       0x20
 i.BT_OSFreeBuf
                0x00002858       0x20 D:\program\CY8\PSoC Creator\3.2\PSoC Creator\psoc\content\cycomponentlibrary\CyComponentLibrary.cylib\BLE_v2_0\Library\gccCyBLEStack_BLE_SOC_PERIPHERAL.a(BT_os.o)
                0x00002858                BT_OSFreeBuf

i.BT_OSGetBuF   0x00002878       0x30
 i.BT_OSGetBuF  0x00002878       0x30 D:\program\CY8\PSoC Creator\3.2\PSoC Creator\psoc\content\cycomponentlibrary\CyComponentLibrary.cylib\BLE_v2_0\Library\gccCyBLEStack_BLE_SOC_PERIPHERAL.a(BT_os.o)
                0x00002878                BT_OSGetBuF

i.BT_OSMemCreate
                0x000028a8       0x3c
 i.BT_OSMemCreate
                0x000028a8       0x3c D:\program\CY8\PSoC Creator\3.2\PSoC Creator\psoc\content\cycomponentlibrary\CyComponentLibrary.cylib\BLE_v2_0\Library\gccCyBLEStack_BLE_SOC_PERIPHERAL.a(BT_os.o)
                0x000028a8                BT_OSMemCreate

i.BT_alloc_mem_ext
                0x000028e4       0x40
 i.BT_alloc_mem_ext
                0x000028e4       0x40 D:\program\CY8\PSoC Creator\3.2\PSoC Creator\psoc\content\cycomponentlibrary\CyComponentLibrary.cylib\BLE_v2_0\Library\gccCyBLEStack_BLE_SOC_PERIPHERAL.a(BT_os.o)
                0x000028e4                BT_alloc_mem_ext

i.BT_buff_alloc_from_cfg_pool_ext
                0x00002924       0x18
 i.BT_buff_alloc_from_cfg_pool_ext
                0x00002924       0x18 D:\program\CY8\PSoC Creator\3.2\PSoC Creator\psoc\content\cycomponentlibrary\CyComponentLibrary.cylib\BLE_v2_0\Library\gccCyBLEStack_BLE_SOC_PERIPHERAL.a(BT_os.o)
                0x00002924                BT_buff_alloc_from_cfg_pool_ext

i.BT_free_mem   0x0000293c        0xc
 i.BT_free_mem  0x0000293c        0xc D:\program\CY8\PSoC Creator\3.2\PSoC Creator\psoc\content\cycomponentlibrary\CyComponentLibrary.cylib\BLE_v2_0\Library\gccCyBLEStack_BLE_SOC_PERIPHERAL.a(BT_os.o)
                0x0000293c                BT_free_mem

i.bt_stack_create_buffer_pool
                0x00002948       0x30
 i.bt_stack_create_buffer_pool
                0x00002948       0x30 D:\program\CY8\PSoC Creator\3.2\PSoC Creator\psoc\content\cycomponentlibrary\CyComponentLibrary.cylib\BLE_v2_0\Library\gccCyBLEStack_BLE_SOC_PERIPHERAL.a(BT_os.o)
                0x00002948                bt_stack_create_buffer_pool

i.bt_stack_reset_buffer_pool
                0x00002978       0x28
 i.bt_stack_reset_buffer_pool
                0x00002978       0x28 D:\program\CY8\PSoC Creator\3.2\PSoC Creator\psoc\content\cycomponentlibrary\CyComponentLibrary.cylib\BLE_v2_0\Library\gccCyBLEStack_BLE_SOC_PERIPHERAL.a(BT_os.o)
                0x00002978                bt_stack_reset_buffer_pool

i.CyBle_CheckBleStackTaskStatus
                0x000029a0        0x4
 i.CyBle_CheckBleStackTaskStatus
                0x000029a0        0x4 D:\program\CY8\PSoC Creator\3.2\PSoC Creator\psoc\content\cycomponentlibrary\CyComponentLibrary.cylib\BLE_v2_0\Library\gccCyBLEStack_BLE_SOC_PERIPHERAL.a(CyBleStackMgr_StackTaskHandler.o)
                0x000029a0                CyBle_CheckBleStackTaskStatus

i.CyBle_CreateBleStackTask
                0x000029a4       0x2c
 i.CyBle_CreateBleStackTask
                0x000029a4       0x2c D:\program\CY8\PSoC Creator\3.2\PSoC Creator\psoc\content\cycomponentlibrary\CyComponentLibrary.cylib\BLE_v2_0\Library\gccCyBLEStack_BLE_SOC_PERIPHERAL.a(CyBleStackMgr_StackTaskHandler.o)
                0x000029a4                CyBle_CreateBleStackTask

i.CyBle_SignalBleStackTask
                0x000029d0       0x50
 i.CyBle_SignalBleStackTask
                0x000029d0       0x50 D:\program\CY8\PSoC Creator\3.2\PSoC Creator\psoc\content\cycomponentlibrary\CyComponentLibrary.cylib\BLE_v2_0\Library\gccCyBLEStack_BLE_SOC_PERIPHERAL.a(CyBleStackMgr_StackTaskHandler.o)
                0x000029d0                CyBle_SignalBleStackTask

i.CyBle_StackTaskHandler
                0x00002a20       0x5c
 i.CyBle_StackTaskHandler
                0x00002a20       0x5c D:\program\CY8\PSoC Creator\3.2\PSoC Creator\psoc\content\cycomponentlibrary\CyComponentLibrary.cylib\BLE_v2_0\Library\gccCyBLEStack_BLE_SOC_PERIPHERAL.a(CyBleStackMgr_StackTaskHandler.o)
                0x00002a20                CyBle_StackTaskHandler

i.__ARM_common_switch8
                0x00002a7c       0x1a
 i.__ARM_common_switch8
                0x00002a7c       0x1a D:\program\CY8\PSoC Creator\3.2\PSoC Creator\psoc\content\cycomponentlibrary\CyComponentLibrary.cylib\BLE_v2_0\Library\gccCyBLEStack_BLE_SOC_PERIPHERAL.a(CyBleStackMgr_StackTaskHandler.o)
                0x00002a7c                __ARM_common_switch8

i.hci_soft_transport_notify_data_received
                0x00002a98        0xc
 i.hci_soft_transport_notify_data_received
                0x00002a98        0xc D:\program\CY8\PSoC Creator\3.2\PSoC Creator\psoc\content\cycomponentlibrary\CyComponentLibrary.cylib\BLE_v2_0\Library\gccCyBLEStack_BLE_SOC_PERIPHERAL.a(transport_sf.o)
                0x00002a98                hci_soft_transport_notify_data_received

i.hci_soft_transport_rx_data
                0x00002aa4       0x40
 i.hci_soft_transport_rx_data
                0x00002aa4       0x40 D:\program\CY8\PSoC Creator\3.2\PSoC Creator\psoc\content\cycomponentlibrary\CyComponentLibrary.cylib\BLE_v2_0\Library\gccCyBLEStack_BLE_SOC_PERIPHERAL.a(transport_sf.o)
                0x00002aa4                hci_soft_transport_rx_data

i.hci_transport_bt_init
                0x00002ae4        0x2
 i.hci_transport_bt_init
                0x00002ae4        0x2 D:\program\CY8\PSoC Creator\3.2\PSoC Creator\psoc\content\cycomponentlibrary\CyComponentLibrary.cylib\BLE_v2_0\Library\gccCyBLEStack_BLE_SOC_PERIPHERAL.a(transport_sf.o)
                0x00002ae4                hci_transport_bt_init

i.hci_transport_bt_shutdown
                0x00002ae6        0x2
 i.hci_transport_bt_shutdown
                0x00002ae6        0x2 D:\program\CY8\PSoC Creator\3.2\PSoC Creator\psoc\content\cycomponentlibrary\CyComponentLibrary.cylib\BLE_v2_0\Library\gccCyBLEStack_BLE_SOC_PERIPHERAL.a(transport_sf.o)
                0x00002ae6                hci_transport_bt_shutdown

i.hci_transport_init
                0x00002ae8       0x10
 i.hci_transport_init
                0x00002ae8       0x10 D:\program\CY8\PSoC Creator\3.2\PSoC Creator\psoc\content\cycomponentlibrary\CyComponentLibrary.cylib\BLE_v2_0\Library\gccCyBLEStack_BLE_SOC_PERIPHERAL.a(transport_sf.o)
                0x00002ae8                hci_transport_init

i.hci_transport_write_data
                0x00002af8       0xd4
 i.hci_transport_write_data
                0x00002af8       0xd4 D:\program\CY8\PSoC Creator\3.2\PSoC Creator\psoc\content\cycomponentlibrary\CyComponentLibrary.cylib\BLE_v2_0\Library\gccCyBLEStack_BLE_SOC_PERIPHERAL.a(transport_sf.o)
                0x00002af8                hci_transport_write_data

i.pf_hci_soft_transport_write
                0x00002bcc       0x44
 i.pf_hci_soft_transport_write
                0x00002bcc       0x44 D:\program\CY8\PSoC Creator\3.2\PSoC Creator\psoc\content\cycomponentlibrary\CyComponentLibrary.cylib\BLE_v2_0\Library\gccCyBLEStack_BLE_SOC_PERIPHERAL.a(transport_sf.o)
                0x00002bcc                pf_hci_soft_transport_write

i.pf_soft_hci_transport_init
                0x00002c10        0xc
 i.pf_soft_hci_transport_init
                0x00002c10        0xc D:\program\CY8\PSoC Creator\3.2\PSoC Creator\psoc\content\cycomponentlibrary\CyComponentLibrary.cylib\BLE_v2_0\Library\gccCyBLEStack_BLE_SOC_PERIPHERAL.a(transport_sf.o)
                0x00002c10                pf_soft_hci_transport_init

i.CyBleStackMgr_GetTime
                0x00002c1c       0x14
 i.CyBleStackMgr_GetTime
                0x00002c1c       0x14 D:\program\CY8\PSoC Creator\3.2\PSoC Creator\psoc\content\cycomponentlibrary\CyComponentLibrary.cylib\BLE_v2_0\Library\gccCyBLEStack_BLE_SOC_PERIPHERAL.a(CyBleStackMgr_PSoCHal.o)
                0x00002c1c                CyBleStackMgr_GetTime

i.CyBleStackMgr_HalInit
                0x00002c30       0x24
 i.CyBleStackMgr_HalInit
                0x00002c30       0x24 D:\program\CY8\PSoC Creator\3.2\PSoC Creator\psoc\content\cycomponentlibrary\CyComponentLibrary.cylib\BLE_v2_0\Library\gccCyBLEStack_BLE_SOC_PERIPHERAL.a(CyBleStackMgr_PSoCHal.o)
                0x00002c30                CyBleStackMgr_HalInit

i.CyBleStackMgr_HalIntrEnable
                0x00002c54        0x8
 i.CyBleStackMgr_HalIntrEnable
                0x00002c54        0x8 D:\program\CY8\PSoC Creator\3.2\PSoC Creator\psoc\content\cycomponentlibrary\CyComponentLibrary.cylib\BLE_v2_0\Library\gccCyBLEStack_BLE_SOC_PERIPHERAL.a(CyBleStackMgr_PSoCHal.o)
                0x00002c54                CyBleStackMgr_HalIntrEnable

i.CyBleStackMgr_HalReset
                0x00002c5c        0x4
 i.CyBleStackMgr_HalReset
                0x00002c5c        0x4 D:\program\CY8\PSoC Creator\3.2\PSoC Creator\psoc\content\cycomponentlibrary\CyComponentLibrary.cylib\BLE_v2_0\Library\gccCyBLEStack_BLE_SOC_PERIPHERAL.a(CyBleStackMgr_PSoCHal.o)
                0x00002c5c                CyBleStackMgr_HalReset

i.CyBleStackMgr_HandleLinkLayerTick
                0x00002c60       0x5c
 i.CyBleStackMgr_HandleLinkLayerTick
                0x00002c60       0x5c D:\program\CY8\PSoC Creator\3.2\PSoC Creator\psoc\content\cycomponentlibrary\CyComponentLibrary.cylib\BLE_v2_0\Library\gccCyBLEStack_BLE_SOC_PERIPHERAL.a(CyBleStackMgr_PSoCHal.o)
                0x00002c60                CyBleStackMgr_HandleLinkLayerTick

i.CyBleStackMgr_HciPortInit
                0x00002cbc        0xc
 i.CyBleStackMgr_HciPortInit
                0x00002cbc        0xc D:\program\CY8\PSoC Creator\3.2\PSoC Creator\psoc\content\cycomponentlibrary\CyComponentLibrary.cylib\BLE_v2_0\Library\gccCyBLEStack_BLE_SOC_PERIPHERAL.a(CyBleStackMgr_PSoCHal.o)
                0x00002cbc                CyBleStackMgr_HciPortInit

i.CyBleStackMgr_HciPortReset
                0x00002cc8        0x2
 i.CyBleStackMgr_HciPortReset
                0x00002cc8        0x2 D:\program\CY8\PSoC Creator\3.2\PSoC Creator\psoc\content\cycomponentlibrary\CyComponentLibrary.cylib\BLE_v2_0\Library\gccCyBLEStack_BLE_SOC_PERIPHERAL.a(CyBleStackMgr_PSoCHal.o)
                0x00002cc8                CyBleStackMgr_HciPortReset

i.CyBleStackMgr_HciPortWrite
                0x00002cca        0x8
 i.CyBleStackMgr_HciPortWrite
                0x00002cca        0x8 D:\program\CY8\PSoC Creator\3.2\PSoC Creator\psoc\content\cycomponentlibrary\CyComponentLibrary.cylib\BLE_v2_0\Library\gccCyBLEStack_BLE_SOC_PERIPHERAL.a(CyBleStackMgr_PSoCHal.o)
                0x00002cca                CyBleStackMgr_HciPortWrite

i.CyBleStackMgr_ResetLinkLayerTimerEntity
                0x00002cd4       0x14
 i.CyBleStackMgr_ResetLinkLayerTimerEntity
                0x00002cd4       0x14 D:\program\CY8\PSoC Creator\3.2\PSoC Creator\psoc\content\cycomponentlibrary\CyComponentLibrary.cylib\BLE_v2_0\Library\gccCyBLEStack_BLE_SOC_PERIPHERAL.a(CyBleStackMgr_PSoCHal.o)
                0x00002cd4                CyBleStackMgr_ResetLinkLayerTimerEntity

i.CyBleStackMgr_TimerStart
                0x00002ce8       0x2c
 i.CyBleStackMgr_TimerStart
                0x00002ce8       0x2c D:\program\CY8\PSoC Creator\3.2\PSoC Creator\psoc\content\cycomponentlibrary\CyComponentLibrary.cylib\BLE_v2_0\Library\gccCyBLEStack_BLE_SOC_PERIPHERAL.a(CyBleStackMgr_PSoCHal.o)
                0x00002ce8                CyBleStackMgr_TimerStart

i.CyBleStackMgr_TimerStop
                0x00002d14       0x18
 i.CyBleStackMgr_TimerStop
                0x00002d14       0x18 D:\program\CY8\PSoC Creator\3.2\PSoC Creator\psoc\content\cycomponentlibrary\CyComponentLibrary.cylib\BLE_v2_0\Library\gccCyBLEStack_BLE_SOC_PERIPHERAL.a(CyBleStackMgr_PSoCHal.o)
                0x00002d14                CyBleStackMgr_TimerStop

i.CyBleStackMgr_isTimerRunning
                0x00002d2c       0x10
 i.CyBleStackMgr_isTimerRunning
                0x00002d2c       0x10 D:\program\CY8\PSoC Creator\3.2\PSoC Creator\psoc\content\cycomponentlibrary\CyComponentLibrary.cylib\BLE_v2_0\Library\gccCyBLEStack_BLE_SOC_PERIPHERAL.a(CyBleStackMgr_PSoCHal.o)
                0x00002d2c                CyBleStackMgr_isTimerRunning

i.CyBleAtlantisRadioInit
                0x00002d3c      0x150
 i.CyBleAtlantisRadioInit
                0x00002d3c      0x150 D:\program\CY8\PSoC Creator\3.2\PSoC Creator\psoc\content\cycomponentlibrary\CyComponentLibrary.cylib\BLE_v2_0\Library\gccCyBLEStack_BLE_SOC_PERIPHERAL.a(CyBleStackMgr_BleSSDriver.o)

i.CyBleStackMgr_BleSSFifoRead
                0x00002e8c       0x38
 i.CyBleStackMgr_BleSSFifoRead
                0x00002e8c       0x38 D:\program\CY8\PSoC Creator\3.2\PSoC Creator\psoc\content\cycomponentlibrary\CyComponentLibrary.cylib\BLE_v2_0\Library\gccCyBLEStack_BLE_SOC_PERIPHERAL.a(CyBleStackMgr_BleSSDriver.o)
                0x00002e8c                CyBleStackMgr_BleSSFifoRead

i.CyBleStackMgr_BleSSFifoWrite
                0x00002ec4       0x30
 i.CyBleStackMgr_BleSSFifoWrite
                0x00002ec4       0x30 D:\program\CY8\PSoC Creator\3.2\PSoC Creator\psoc\content\cycomponentlibrary\CyComponentLibrary.cylib\BLE_v2_0\Library\gccCyBLEStack_BLE_SOC_PERIPHERAL.a(CyBleStackMgr_BleSSDriver.o)
                0x00002ec4                CyBleStackMgr_BleSSFifoWrite

i.CyBleStackMgr_BleSSInit
                0x00002ef4       0x50
 i.CyBleStackMgr_BleSSInit
                0x00002ef4       0x50 D:\program\CY8\PSoC Creator\3.2\PSoC Creator\psoc\content\cycomponentlibrary\CyComponentLibrary.cylib\BLE_v2_0\Library\gccCyBLEStack_BLE_SOC_PERIPHERAL.a(CyBleStackMgr_BleSSDriver.o)
                0x00002ef4                CyBleStackMgr_BleSSInit

i.CyBleStackMgr_BleSSMemRead
                0x00002f44       0x26
 i.CyBleStackMgr_BleSSMemRead
                0x00002f44       0x26 D:\program\CY8\PSoC Creator\3.2\PSoC Creator\psoc\content\cycomponentlibrary\CyComponentLibrary.cylib\BLE_v2_0\Library\gccCyBLEStack_BLE_SOC_PERIPHERAL.a(CyBleStackMgr_BleSSDriver.o)
                0x00002f44                CyBleStackMgr_BleSSMemRead

i.CyBleStackMgr_BleSSMemWrite
                0x00002f6c       0x34
 i.CyBleStackMgr_BleSSMemWrite
                0x00002f6c       0x34 D:\program\CY8\PSoC Creator\3.2\PSoC Creator\psoc\content\cycomponentlibrary\CyComponentLibrary.cylib\BLE_v2_0\Library\gccCyBLEStack_BLE_SOC_PERIPHERAL.a(CyBleStackMgr_BleSSDriver.o)
                0x00002f6c                CyBleStackMgr_BleSSMemWrite

i.CyBleStackMgr_BleSSRegRead
                0x00002fa0        0xc
 i.CyBleStackMgr_BleSSRegRead
                0x00002fa0        0xc D:\program\CY8\PSoC Creator\3.2\PSoC Creator\psoc\content\cycomponentlibrary\CyComponentLibrary.cylib\BLE_v2_0\Library\gccCyBLEStack_BLE_SOC_PERIPHERAL.a(CyBleStackMgr_BleSSDriver.o)
                0x00002fa0                CyBleStackMgr_BleSSRegRead

i.CyBleStackMgr_BleSSRegWrite
                0x00002fac        0xc
 i.CyBleStackMgr_BleSSRegWrite
                0x00002fac        0xc D:\program\CY8\PSoC Creator\3.2\PSoC Creator\psoc\content\cycomponentlibrary\CyComponentLibrary.cylib\BLE_v2_0\Library\gccCyBLEStack_BLE_SOC_PERIPHERAL.a(CyBleStackMgr_BleSSDriver.o)
                0x00002fac                CyBleStackMgr_BleSSRegWrite

i.CyBleStackMgr_BleSSReset
                0x00002fb8       0x38
 i.CyBleStackMgr_BleSSReset
                0x00002fb8       0x38 D:\program\CY8\PSoC Creator\3.2\PSoC Creator\psoc\content\cycomponentlibrary\CyComponentLibrary.cylib\BLE_v2_0\Library\gccCyBLEStack_BLE_SOC_PERIPHERAL.a(CyBleStackMgr_BleSSDriver.o)
                0x00002fb8                CyBleStackMgr_BleSSReset

i.CyBleStackMgr_BleSSShutdown
                0x00002ff0       0x24
 i.CyBleStackMgr_BleSSShutdown
                0x00002ff0       0x24 D:\program\CY8\PSoC Creator\3.2\PSoC Creator\psoc\content\cycomponentlibrary\CyComponentLibrary.cylib\BLE_v2_0\Library\gccCyBLEStack_BLE_SOC_PERIPHERAL.a(CyBleStackMgr_BleSSDriver.o)
                0x00002ff0                CyBleStackMgr_BleSSShutdown

i.CyBleStackMgr_GenericIface
                0x00003014       0x3c
 i.CyBleStackMgr_GenericIface
                0x00003014       0x3c D:\program\CY8\PSoC Creator\3.2\PSoC Creator\psoc\content\cycomponentlibrary\CyComponentLibrary.cylib\BLE_v2_0\Library\gccCyBLEStack_BLE_SOC_PERIPHERAL.a(CyBleStackMgr_BleSSDriver.o)
                0x00003014                CyBleStackMgr_GenericIface

i.CyBleStackMgr_HandleBleSSIntr
                0x00003050       0x90
 i.CyBleStackMgr_HandleBleSSIntr
                0x00003050       0x90 D:\program\CY8\PSoC Creator\3.2\PSoC Creator\psoc\content\cycomponentlibrary\CyComponentLibrary.cylib\BLE_v2_0\Library\gccCyBLEStack_BLE_SOC_PERIPHERAL.a(CyBleStackMgr_BleSSDriver.o)
                0x00003050                CyBleStackMgr_HandleBleSSIntr

i.CyBleStackMgr_SetClockParam
                0x000030e0       0xb4
 i.CyBleStackMgr_SetClockParam
                0x000030e0       0xb4 D:\program\CY8\PSoC Creator\3.2\PSoC Creator\psoc\content\cycomponentlibrary\CyComponentLibrary.cylib\BLE_v2_0\Library\gccCyBLEStack_BLE_SOC_PERIPHERAL.a(CyBleStackMgr_BleSSDriver.o)

i.CyBleStackMgr_isXtalCpuClkSource
                0x00003194       0x18
 i.CyBleStackMgr_isXtalCpuClkSource
                0x00003194       0x18 D:\program\CY8\PSoC Creator\3.2\PSoC Creator\psoc\content\cycomponentlibrary\CyComponentLibrary.cylib\BLE_v2_0\Library\gccCyBLEStack_BLE_SOC_PERIPHERAL.a(CyBleStackMgr_BleSSDriver.o)
                0x00003194                CyBleStackMgr_isXtalCpuClkSource

i.CyBle_EnterDsmMode
                0x000031ac       0x3c
 i.CyBle_EnterDsmMode
                0x000031ac       0x3c D:\program\CY8\PSoC Creator\3.2\PSoC Creator\psoc\content\cycomponentlibrary\CyComponentLibrary.cylib\BLE_v2_0\Library\gccCyBLEStack_BLE_SOC_PERIPHERAL.a(CyBleStackMgr_BleSSDriver.o)
                0x000031ac                CyBle_EnterDsmMode

i.CyBle_ExitDsmMode
                0x000031e8       0x2c
 i.CyBle_ExitDsmMode
                0x000031e8       0x2c D:\program\CY8\PSoC Creator\3.2\PSoC Creator\psoc\content\cycomponentlibrary\CyComponentLibrary.cylib\BLE_v2_0\Library\gccCyBLEStack_BLE_SOC_PERIPHERAL.a(CyBleStackMgr_BleSSDriver.o)
                0x000031e8                CyBle_ExitDsmMode

i.CyBle_GetBleSsOperationalMode
                0x00003214        0xc
 i.CyBle_GetBleSsOperationalMode
                0x00003214        0xc D:\program\CY8\PSoC Creator\3.2\PSoC Creator\psoc\content\cycomponentlibrary\CyComponentLibrary.cylib\BLE_v2_0\Library\gccCyBLEStack_BLE_SOC_PERIPHERAL.a(CyBleStackMgr_BleSSDriver.o)
                0x00003214                CyBle_GetBleSsOperationalMode

i.CyBle_GetEventCloseState
                0x00003220       0x10
 i.CyBle_GetEventCloseState
                0x00003220       0x10 D:\program\CY8\PSoC Creator\3.2\PSoC Creator\psoc\content\cycomponentlibrary\CyComponentLibrary.cylib\BLE_v2_0\Library\gccCyBLEStack_BLE_SOC_PERIPHERAL.a(CyBleStackMgr_BleSSDriver.o)
                0x00003220                CyBle_GetEventCloseState

i.CyBle_GetLpMode
                0x00003230       0x26
 i.CyBle_GetLpMode
                0x00003230       0x26 D:\program\CY8\PSoC Creator\3.2\PSoC Creator\psoc\content\cycomponentlibrary\CyComponentLibrary.cylib\BLE_v2_0\Library\gccCyBLEStack_BLE_SOC_PERIPHERAL.a(CyBleStackMgr_BleSSDriver.o)
                0x00003230                CyBle_GetLpMode

i.CyBle_GetTxGainMode
                0x00003258       0x2c
 i.CyBle_GetTxGainMode
                0x00003258       0x2c D:\program\CY8\PSoC Creator\3.2\PSoC Creator\psoc\content\cycomponentlibrary\CyComponentLibrary.cylib\BLE_v2_0\Library\gccCyBLEStack_BLE_SOC_PERIPHERAL.a(CyBleStackMgr_BleSSDriver.o)
                0x00003258                CyBle_GetTxGainMode

i.CyBle_SetAutoWakeUp
                0x00003284        0xc
 i.CyBle_SetAutoWakeUp
                0x00003284        0xc D:\program\CY8\PSoC Creator\3.2\PSoC Creator\psoc\content\cycomponentlibrary\CyComponentLibrary.cylib\BLE_v2_0\Library\gccCyBLEStack_BLE_SOC_PERIPHERAL.a(CyBleStackMgr_BleSSDriver.o)
                0x00003284                CyBle_SetAutoWakeUp

i.CyBle_SetBleSsOperationalMode
                0x00003290       0x20
 i.CyBle_SetBleSsOperationalMode
                0x00003290       0x20 D:\program\CY8\PSoC Creator\3.2\PSoC Creator\psoc\content\cycomponentlibrary\CyComponentLibrary.cylib\BLE_v2_0\Library\gccCyBLEStack_BLE_SOC_PERIPHERAL.a(CyBleStackMgr_BleSSDriver.o)
                0x00003290                CyBle_SetBleSsOperationalMode

i.CyBle_SetEventCloseState
                0x000032b0        0xc
 i.CyBle_SetEventCloseState
                0x000032b0        0xc D:\program\CY8\PSoC Creator\3.2\PSoC Creator\psoc\content\cycomponentlibrary\CyComponentLibrary.cylib\BLE_v2_0\Library\gccCyBLEStack_BLE_SOC_PERIPHERAL.a(CyBleStackMgr_BleSSDriver.o)
                0x000032b0                CyBle_SetEventCloseState

i.CyBle_SetRxGainMode
                0x000032bc       0x20
 i.CyBle_SetRxGainMode
                0x000032bc       0x20 D:\program\CY8\PSoC Creator\3.2\PSoC Creator\psoc\content\cycomponentlibrary\CyComponentLibrary.cylib\BLE_v2_0\Library\gccCyBLEStack_BLE_SOC_PERIPHERAL.a(CyBleStackMgr_BleSSDriver.o)
                0x000032bc                CyBle_SetRxGainMode

i.CyBle_SetTxGainMode
                0x000032dc       0x38
 i.CyBle_SetTxGainMode
                0x000032dc       0x38 D:\program\CY8\PSoC Creator\3.2\PSoC Creator\psoc\content\cycomponentlibrary\CyComponentLibrary.cylib\BLE_v2_0\Library\gccCyBLEStack_BLE_SOC_PERIPHERAL.a(CyBleStackMgr_BleSSDriver.o)
                0x000032dc                CyBle_SetTxGainMode

i.pf_rf_get_abs_rssi
                0x00003314       0x24
 i.pf_rf_get_abs_rssi
                0x00003314       0x24 D:\program\CY8\PSoC Creator\3.2\PSoC Creator\psoc\content\cycomponentlibrary\CyComponentLibrary.cylib\BLE_v2_0\Library\gccCyBLEStack_BLE_SOC_PERIPHERAL.a(CyBleStackMgr_BleSSDriver.o)
                0x00003314                pf_rf_get_abs_rssi

i.OS_init       0x00003338       0x64
 i.OS_init      0x00003338       0x64 D:\program\CY8\PSoC Creator\3.2\PSoC Creator\psoc\content\cycomponentlibrary\CyComponentLibrary.cylib\BLE_v2_0\Library\gccCyBLEStack_BLE_SOC_PERIPHERAL.a(mint_os.o)
                0x00003338                OS_init

i.OS_shutdown   0x0000339c        0x4
 i.OS_shutdown  0x0000339c        0x4 D:\program\CY8\PSoC Creator\3.2\PSoC Creator\psoc\content\cycomponentlibrary\CyComponentLibrary.cylib\BLE_v2_0\Library\gccCyBLEStack_BLE_SOC_PERIPHERAL.a(mint_os.o)
                0x0000339c                OS_shutdown

i.mintos_malloc
                0x000033a0       0x34
 i.mintos_malloc
                0x000033a0       0x34 D:\program\CY8\PSoC Creator\3.2\PSoC Creator\psoc\content\cycomponentlibrary\CyComponentLibrary.cylib\BLE_v2_0\Library\gccCyBLEStack_BLE_SOC_PERIPHERAL.a(mint_os.o)
                0x000033a0                mintos_malloc

i.OS_create_queue
                0x000033d4       0x64
 i.OS_create_queue
                0x000033d4       0x64 D:\program\CY8\PSoC Creator\3.2\PSoC Creator\psoc\content\cycomponentlibrary\CyComponentLibrary.cylib\BLE_v2_0\Library\gccCyBLEStack_BLE_SOC_PERIPHERAL.a(mint_os_queue.o)
                0x000033d4                OS_create_queue

i.OS_enqueue_item
                0x00003438       0x8c
 i.OS_enqueue_item
                0x00003438       0x8c D:\program\CY8\PSoC Creator\3.2\PSoC Creator\psoc\content\cycomponentlibrary\CyComponentLibrary.cylib\BLE_v2_0\Library\gccCyBLEStack_BLE_SOC_PERIPHERAL.a(mint_os_queue.o)
                0x00003438                OS_enqueue_item

i.OS_queue_get_num_of_items
                0x000034c4       0x28
 i.OS_queue_get_num_of_items
                0x000034c4       0x28 D:\program\CY8\PSoC Creator\3.2\PSoC Creator\psoc\content\cycomponentlibrary\CyComponentLibrary.cylib\BLE_v2_0\Library\gccCyBLEStack_BLE_SOC_PERIPHERAL.a(mint_os_queue.o)
                0x000034c4                OS_queue_get_num_of_items

i.OS_queue_mgmt_init
                0x000034ec       0x40
 i.OS_queue_mgmt_init
                0x000034ec       0x40 D:\program\CY8\PSoC Creator\3.2\PSoC Creator\psoc\content\cycomponentlibrary\CyComponentLibrary.cylib\BLE_v2_0\Library\gccCyBLEStack_BLE_SOC_PERIPHERAL.a(mint_os_queue.o)
                0x000034ec                OS_queue_mgmt_init

i.OS_remove_item
                0x0000352c       0xa0
 i.OS_remove_item
                0x0000352c       0xa0 D:\program\CY8\PSoC Creator\3.2\PSoC Creator\psoc\content\cycomponentlibrary\CyComponentLibrary.cylib\BLE_v2_0\Library\gccCyBLEStack_BLE_SOC_PERIPHERAL.a(mint_os_queue.o)
                0x0000352c                OS_remove_item

i.OS_create_task
                0x000035cc       0x88
 i.OS_create_task
                0x000035cc       0x88 D:\program\CY8\PSoC Creator\3.2\PSoC Creator\psoc\content\cycomponentlibrary\CyComponentLibrary.cylib\BLE_v2_0\Library\gccCyBLEStack_BLE_SOC_PERIPHERAL.a(mint_os_task.o)
                0x000035cc                OS_create_task

i.OS_isr_send_signal_to_task
                0x00003654        0xc
 i.OS_isr_send_signal_to_task
                0x00003654        0xc D:\program\CY8\PSoC Creator\3.2\PSoC Creator\psoc\content\cycomponentlibrary\CyComponentLibrary.cylib\BLE_v2_0\Library\gccCyBLEStack_BLE_SOC_PERIPHERAL.a(mint_os_task.o)
                0x00003654                OS_isr_send_signal_to_task

i.OS_scheduler  0x00003660       0x64
 i.OS_scheduler
                0x00003660       0x64 D:\program\CY8\PSoC Creator\3.2\PSoC Creator\psoc\content\cycomponentlibrary\CyComponentLibrary.cylib\BLE_v2_0\Library\gccCyBLEStack_BLE_SOC_PERIPHERAL.a(mint_os_task.o)
                0x00003660                OS_scheduler

i.OS_send_signal_to_task
                0x000036c4        0xc
 i.OS_send_signal_to_task
                0x000036c4        0xc D:\program\CY8\PSoC Creator\3.2\PSoC Creator\psoc\content\cycomponentlibrary\CyComponentLibrary.cylib\BLE_v2_0\Library\gccCyBLEStack_BLE_SOC_PERIPHERAL.a(mint_os_task.o)
                0x000036c4                OS_send_signal_to_task

i.OS_send_signal_to_task_context
                0x000036d0       0x3c
 i.OS_send_signal_to_task_context
                0x000036d0       0x3c D:\program\CY8\PSoC Creator\3.2\PSoC Creator\psoc\content\cycomponentlibrary\CyComponentLibrary.cylib\BLE_v2_0\Library\gccCyBLEStack_BLE_SOC_PERIPHERAL.a(mint_os_task.o)

i.OS_task_mgmt_init
                0x0000370c       0x50
 i.OS_task_mgmt_init
                0x0000370c       0x50 D:\program\CY8\PSoC Creator\3.2\PSoC Creator\psoc\content\cycomponentlibrary\CyComponentLibrary.cylib\BLE_v2_0\Library\gccCyBLEStack_BLE_SOC_PERIPHERAL.a(mint_os_task.o)
                0x0000370c                OS_task_mgmt_init

i.mint_buf_mgmt_allocate_buffer
                0x0000375c       0x4c
 i.mint_buf_mgmt_allocate_buffer
                0x0000375c       0x4c D:\program\CY8\PSoC Creator\3.2\PSoC Creator\psoc\content\cycomponentlibrary\CyComponentLibrary.cylib\BLE_v2_0\Library\gccCyBLEStack_BLE_SOC_PERIPHERAL.a(mint_buf_mgmt.o)
                0x0000375c                mint_buf_mgmt_allocate_buffer

i.mint_buf_mgmt_create_pool
                0x000037a8       0xd0
 i.mint_buf_mgmt_create_pool
                0x000037a8       0xd0 D:\program\CY8\PSoC Creator\3.2\PSoC Creator\psoc\content\cycomponentlibrary\CyComponentLibrary.cylib\BLE_v2_0\Library\gccCyBLEStack_BLE_SOC_PERIPHERAL.a(mint_buf_mgmt.o)
                0x000037a8                mint_buf_mgmt_create_pool

i.mint_buf_mgmt_free_buffer
                0x00003878       0xa4
 i.mint_buf_mgmt_free_buffer
                0x00003878       0xa4 D:\program\CY8\PSoC Creator\3.2\PSoC Creator\psoc\content\cycomponentlibrary\CyComponentLibrary.cylib\BLE_v2_0\Library\gccCyBLEStack_BLE_SOC_PERIPHERAL.a(mint_buf_mgmt.o)
                0x00003878                mint_buf_mgmt_free_buffer

i.mint_buf_mgmt_init
                0x0000391c       0x44
 i.mint_buf_mgmt_init
                0x0000391c       0x44 D:\program\CY8\PSoC Creator\3.2\PSoC Creator\psoc\content\cycomponentlibrary\CyComponentLibrary.cylib\BLE_v2_0\Library\gccCyBLEStack_BLE_SOC_PERIPHERAL.a(mint_buf_mgmt.o)
                0x0000391c                mint_buf_mgmt_init

i.mint_buf_mgmt_malloc
                0x00003960       0x2c
 i.mint_buf_mgmt_malloc
                0x00003960       0x2c D:\program\CY8\PSoC Creator\3.2\PSoC Creator\psoc\content\cycomponentlibrary\CyComponentLibrary.cylib\BLE_v2_0\Library\gccCyBLEStack_BLE_SOC_PERIPHERAL.a(mint_buf_mgmt.o)
                0x00003960                mint_buf_mgmt_malloc

i.mint_buf_mgmt_pl_init
                0x0000398c       0x40
 i.mint_buf_mgmt_pl_init
                0x0000398c       0x40 D:\program\CY8\PSoC Creator\3.2\PSoC Creator\psoc\content\cycomponentlibrary\CyComponentLibrary.cylib\BLE_v2_0\Library\gccCyBLEStack_BLE_SOC_PERIPHERAL.a(mint_buf_mgmt.o)
                0x0000398c                mint_buf_mgmt_pl_init

i.mint_buf_mgmt_reset_pool
                0x000039cc       0x70
 i.mint_buf_mgmt_reset_pool
                0x000039cc       0x70 D:\program\CY8\PSoC Creator\3.2\PSoC Creator\psoc\content\cycomponentlibrary\CyComponentLibrary.cylib\BLE_v2_0\Library\gccCyBLEStack_BLE_SOC_PERIPHERAL.a(mint_buf_mgmt.o)
                0x000039cc                mint_buf_mgmt_reset_pool

i.mint_buf_mgmt_stack_init
                0x00003a3c       0x24
 i.mint_buf_mgmt_stack_init
                0x00003a3c       0x24 D:\program\CY8\PSoC Creator\3.2\PSoC Creator\psoc\content\cycomponentlibrary\CyComponentLibrary.cylib\BLE_v2_0\Library\gccCyBLEStack_BLE_SOC_PERIPHERAL.a(mint_buf_mgmt.o)
                0x00003a3c                mint_buf_mgmt_stack_init

i.mint_buf_mgmt_stack_pop
                0x00003a60       0x36
 i.mint_buf_mgmt_stack_pop
                0x00003a60       0x36 D:\program\CY8\PSoC Creator\3.2\PSoC Creator\psoc\content\cycomponentlibrary\CyComponentLibrary.cylib\BLE_v2_0\Library\gccCyBLEStack_BLE_SOC_PERIPHERAL.a(mint_buf_mgmt.o)
                0x00003a60                mint_buf_mgmt_stack_pop

i.mint_buf_mgmt_stack_push
                0x00003a96       0x36
 i.mint_buf_mgmt_stack_push
                0x00003a96       0x36 D:\program\CY8\PSoC Creator\3.2\PSoC Creator\psoc\content\cycomponentlibrary\CyComponentLibrary.cylib\BLE_v2_0\Library\gccCyBLEStack_BLE_SOC_PERIPHERAL.a(mint_buf_mgmt.o)
                0x00003a96                mint_buf_mgmt_stack_push

i.mint_buf_mgmt_stack_reset
                0x00003acc       0x1e
 i.mint_buf_mgmt_stack_reset
                0x00003acc       0x1e D:\program\CY8\PSoC Creator\3.2\PSoC Creator\psoc\content\cycomponentlibrary\CyComponentLibrary.cylib\BLE_v2_0\Library\gccCyBLEStack_BLE_SOC_PERIPHERAL.a(mint_buf_mgmt.o)
                0x00003acc                mint_buf_mgmt_stack_reset

i.mint_buf_mgmt_stack_search_item
                0x00003aea       0x30
 i.mint_buf_mgmt_stack_search_item
                0x00003aea       0x30 D:\program\CY8\PSoC Creator\3.2\PSoC Creator\psoc\content\cycomponentlibrary\CyComponentLibrary.cylib\BLE_v2_0\Library\gccCyBLEStack_BLE_SOC_PERIPHERAL.a(mint_buf_mgmt.o)
                0x00003aea                mint_buf_mgmt_stack_search_item

i.CyBleControllerIP_GetPingState
                0x00003b1c        0xc
 i.CyBleControllerIP_GetPingState
                0x00003b1c        0xc D:\program\CY8\PSoC Creator\3.2\PSoC Creator\psoc\content\cycomponentlibrary\CyComponentLibrary.cylib\BLE_v2_0\Library\gccCyBLEStack_BLE_SOC_PERIPHERAL.a(CyBleControllerIP_Interface.o)
                0x00003b1c                CyBleControllerIP_GetPingState

i.CyBleController_AddDeviceToWhiteList
                0x00003b28       0x40
 i.CyBleController_AddDeviceToWhiteList
                0x00003b28       0x40 D:\program\CY8\PSoC Creator\3.2\PSoC Creator\psoc\content\cycomponentlibrary\CyComponentLibrary.cylib\BLE_v2_0\Library\gccCyBLEStack_BLE_SOC_PERIPHERAL.a(CyBleControllerIP_Interface.o)
                0x00003b28                CyBleController_AddDeviceToWhiteList

i.CyBleController_EnterLowPowerMode
                0x00003b68       0x2c
 i.CyBleController_EnterLowPowerMode
                0x00003b68       0x2c D:\program\CY8\PSoC Creator\3.2\PSoC Creator\psoc\content\cycomponentlibrary\CyComponentLibrary.cylib\BLE_v2_0\Library\gccCyBLEStack_BLE_SOC_PERIPHERAL.a(CyBleControllerIP_Interface.o)
                0x00003b68                CyBleController_EnterLowPowerMode

i.CyBleController_ExitLowPowerMode
                0x00003b94       0x10
 i.CyBleController_ExitLowPowerMode
                0x00003b94       0x10 D:\program\CY8\PSoC Creator\3.2\PSoC Creator\psoc\content\cycomponentlibrary\CyComponentLibrary.cylib\BLE_v2_0\Library\gccCyBLEStack_BLE_SOC_PERIPHERAL.a(CyBleControllerIP_Interface.o)
                0x00003b94                CyBleController_ExitLowPowerMode

i.CyBleController_Init
                0x00003ba4       0x32
 i.CyBleController_Init
                0x00003ba4       0x32 D:\program\CY8\PSoC Creator\3.2\PSoC Creator\psoc\content\cycomponentlibrary\CyComponentLibrary.cylib\BLE_v2_0\Library\gccCyBLEStack_BLE_SOC_PERIPHERAL.a(CyBleControllerIP_Interface.o)
                0x00003ba4                CyBleController_Init

i.CyBleController_Reset
                0x00003bd6        0x4
 i.CyBleController_Reset
                0x00003bd6        0x4 D:\program\CY8\PSoC Creator\3.2\PSoC Creator\psoc\content\cycomponentlibrary\CyComponentLibrary.cylib\BLE_v2_0\Library\gccCyBLEStack_BLE_SOC_PERIPHERAL.a(CyBleControllerIP_Interface.o)
                0x00003bd6                CyBleController_Reset

i.CyBleController_SetDeviceAddress
                0x00003bda       0x2e
 i.CyBleController_SetDeviceAddress
                0x00003bda       0x2e D:\program\CY8\PSoC Creator\3.2\PSoC Creator\psoc\content\cycomponentlibrary\CyComponentLibrary.cylib\BLE_v2_0\Library\gccCyBLEStack_BLE_SOC_PERIPHERAL.a(CyBleControllerIP_Interface.o)
                0x00003bda                CyBleController_SetDeviceAddress

i.CyBle_GetBleSsState
                0x00003c08       0x10
 i.CyBle_GetBleSsState
                0x00003c08       0x10 D:\program\CY8\PSoC Creator\3.2\PSoC Creator\psoc\content\cycomponentlibrary\CyComponentLibrary.cylib\BLE_v2_0\Library\gccCyBLEStack_BLE_SOC_PERIPHERAL.a(CyBleControllerIP_Interface.o)
                0x00003c08                CyBle_GetBleSsState

i.CyBle_GetTxPowerLevel
                0x00003c18       0x4e
 i.CyBle_GetTxPowerLevel
                0x00003c18       0x4e D:\program\CY8\PSoC Creator\3.2\PSoC Creator\psoc\content\cycomponentlibrary\CyComponentLibrary.cylib\BLE_v2_0\Library\gccCyBLEStack_BLE_SOC_PERIPHERAL.a(CyBleControllerIP_Interface.o)
                0x00003c18                CyBle_GetTxPowerLevel

i.CyBle_SetTxPowerLevel
                0x00003c66       0x56
 i.CyBle_SetTxPowerLevel
                0x00003c66       0x56 D:\program\CY8\PSoC Creator\3.2\PSoC Creator\psoc\content\cycomponentlibrary\CyComponentLibrary.cylib\BLE_v2_0\Library\gccCyBLEStack_BLE_SOC_PERIPHERAL.a(CyBleControllerIP_Interface.o)
                0x00003c66                CyBle_SetTxPowerLevel

i.ll_check_and_mark_packet_ready_for_transmission
                0x00003cbc       0x28
 i.ll_check_and_mark_packet_ready_for_transmission
                0x00003cbc       0x28 D:\program\CY8\PSoC Creator\3.2\PSoC Creator\psoc\content\cycomponentlibrary\CyComponentLibrary.cylib\BLE_v2_0\Library\gccCyBLEStack_BLE_SOC_PERIPHERAL.a(ll.o)
                0x00003cbc                ll_check_and_mark_packet_ready_for_transmission

i.ll_cleanup_pending_data_pdu
                0x00003ce4       0x38
 i.ll_cleanup_pending_data_pdu
                0x00003ce4       0x38 D:\program\CY8\PSoC Creator\3.2\PSoC Creator\psoc\content\cycomponentlibrary\CyComponentLibrary.cylib\BLE_v2_0\Library\gccCyBLEStack_BLE_SOC_PERIPHERAL.a(ll.o)
                0x00003ce4                ll_cleanup_pending_data_pdu

i.ll_enter_dsm_mode
                0x00003d1c      0x1a4
 i.ll_enter_dsm_mode
                0x00003d1c      0x1a4 D:\program\CY8\PSoC Creator\3.2\PSoC Creator\psoc\content\cycomponentlibrary\CyComponentLibrary.cylib\BLE_v2_0\Library\gccCyBLEStack_BLE_SOC_PERIPHERAL.a(ll.o)
                0x00003d1c                ll_enter_dsm_mode

i.ll_enter_hibernate_mode
                0x00003ec0       0x28
 i.ll_enter_hibernate_mode
                0x00003ec0       0x28 D:\program\CY8\PSoC Creator\3.2\PSoC Creator\psoc\content\cycomponentlibrary\CyComponentLibrary.cylib\BLE_v2_0\Library\gccCyBLEStack_BLE_SOC_PERIPHERAL.a(ll.o)
                0x00003ec0                ll_enter_hibernate_mode

i.ll_enter_sm_mode
                0x00003ee8       0x60
 i.ll_enter_sm_mode
                0x00003ee8       0x60 D:\program\CY8\PSoC Creator\3.2\PSoC Creator\psoc\content\cycomponentlibrary\CyComponentLibrary.cylib\BLE_v2_0\Library\gccCyBLEStack_BLE_SOC_PERIPHERAL.a(ll.o)
                0x00003ee8                ll_enter_sm_mode

i.ll_exit_low_power_mode
                0x00003f48       0xac
 i.ll_exit_low_power_mode
                0x00003f48       0xac D:\program\CY8\PSoC Creator\3.2\PSoC Creator\psoc\content\cycomponentlibrary\CyComponentLibrary.cylib\BLE_v2_0\Library\gccCyBLEStack_BLE_SOC_PERIPHERAL.a(ll.o)
                0x00003f48                ll_exit_low_power_mode

i.ll_get_ack_status
                0x00003ff4       0x3c
 i.ll_get_ack_status
                0x00003ff4       0x3c D:\program\CY8\PSoC Creator\3.2\PSoC Creator\psoc\content\cycomponentlibrary\CyComponentLibrary.cylib\BLE_v2_0\Library\gccCyBLEStack_BLE_SOC_PERIPHERAL.a(ll.o)
                0x00003ff4                ll_get_ack_status

i.ll_get_ack_status_for_all_connections
                0x00004030       0x34
 i.ll_get_ack_status_for_all_connections
                0x00004030       0x34 D:\program\CY8\PSoC Creator\3.2\PSoC Creator\psoc\content\cycomponentlibrary\CyComponentLibrary.cylib\BLE_v2_0\Library\gccCyBLEStack_BLE_SOC_PERIPHERAL.a(ll.o)
                0x00004030                ll_get_ack_status_for_all_connections

i.ll_get_adv_ch_tx_power
                0x00004064       0x20
 i.ll_get_adv_ch_tx_power
                0x00004064       0x20 D:\program\CY8\PSoC Creator\3.2\PSoC Creator\psoc\content\cycomponentlibrary\CyComponentLibrary.cylib\BLE_v2_0\Library\gccCyBLEStack_BLE_SOC_PERIPHERAL.a(ll.o)
                0x00004064                ll_get_adv_ch_tx_power

i.ll_get_data_channel_map
                0x00004084       0x24
 i.ll_get_data_channel_map
                0x00004084       0x24 D:\program\CY8\PSoC Creator\3.2\PSoC Creator\psoc\content\cycomponentlibrary\CyComponentLibrary.cylib\BLE_v2_0\Library\gccCyBLEStack_BLE_SOC_PERIPHERAL.a(ll.o)
                0x00004084                ll_get_data_channel_map

i.ll_get_max_white_list_size
                0x000040a8        0xc
 i.ll_get_max_white_list_size
                0x000040a8        0xc D:\program\CY8\PSoC Creator\3.2\PSoC Creator\psoc\content\cycomponentlibrary\CyComponentLibrary.cylib\BLE_v2_0\Library\gccCyBLEStack_BLE_SOC_PERIPHERAL.a(ll.o)
                0x000040a8                ll_get_max_white_list_size

i.ll_get_my_role
                0x000040b4        0xc
 i.ll_get_my_role
                0x000040b4        0xc D:\program\CY8\PSoC Creator\3.2\PSoC Creator\psoc\content\cycomponentlibrary\CyComponentLibrary.cylib\BLE_v2_0\Library\gccCyBLEStack_BLE_SOC_PERIPHERAL.a(ll.o)
                0x000040b4                ll_get_my_role

i.ll_get_next_available_fifo_for_data_pdu
                0x000040c0        0x8
 i.ll_get_next_available_fifo_for_data_pdu
                0x000040c0        0x8 D:\program\CY8\PSoC Creator\3.2\PSoC Creator\psoc\content\cycomponentlibrary\CyComponentLibrary.cylib\BLE_v2_0\Library\gccCyBLEStack_BLE_SOC_PERIPHERAL.a(ll.o)
                0x000040c0                ll_get_next_available_fifo_for_data_pdu

i.ll_get_next_available_fifo_for_ll_pdu
                0x000040c8       0x24
 i.ll_get_next_available_fifo_for_ll_pdu
                0x000040c8       0x24 D:\program\CY8\PSoC Creator\3.2\PSoC Creator\psoc\content\cycomponentlibrary\CyComponentLibrary.cylib\BLE_v2_0\Library\gccCyBLEStack_BLE_SOC_PERIPHERAL.a(ll.o)
                0x000040c8                ll_get_next_available_fifo_for_ll_pdu

i.ll_get_rssi_value
                0x000040ec       0x26
 i.ll_get_rssi_value
                0x000040ec       0x26 D:\program\CY8\PSoC Creator\3.2\PSoC Creator\psoc\content\cycomponentlibrary\CyComponentLibrary.cylib\BLE_v2_0\Library\gccCyBLEStack_BLE_SOC_PERIPHERAL.a(ll.o)
                0x000040ec                ll_get_rssi_value

i.ll_get_transmit_power_level
                0x00004114       0x2c
 i.ll_get_transmit_power_level
                0x00004114       0x2c D:\program\CY8\PSoC Creator\3.2\PSoC Creator\psoc\content\cycomponentlibrary\CyComponentLibrary.cylib\BLE_v2_0\Library\gccCyBLEStack_BLE_SOC_PERIPHERAL.a(ll.o)
                0x00004114                ll_get_transmit_power_level

i.ll_handle_ack_received
                0x00004140       0x74
 i.ll_handle_ack_received
                0x00004140       0x74 D:\program\CY8\PSoC Creator\3.2\PSoC Creator\psoc\content\cycomponentlibrary\CyComponentLibrary.cylib\BLE_v2_0\Library\gccCyBLEStack_BLE_SOC_PERIPHERAL.a(ll.o)
                0x00004140                ll_handle_ack_received

i.ll_handle_add_device_in_whitelist
                0x000041b4       0x3a
 i.ll_handle_add_device_in_whitelist
                0x000041b4       0x3a D:\program\CY8\PSoC Creator\3.2\PSoC Creator\psoc\content\cycomponentlibrary\CyComponentLibrary.cylib\BLE_v2_0\Library\gccCyBLEStack_BLE_SOC_PERIPHERAL.a(ll.o)
                0x000041b4                ll_handle_add_device_in_whitelist

i.ll_handle_clear_whitelist
                0x000041ee       0x16
 i.ll_handle_clear_whitelist
                0x000041ee       0x16 D:\program\CY8\PSoC Creator\3.2\PSoC Creator\psoc\content\cycomponentlibrary\CyComponentLibrary.cylib\BLE_v2_0\Library\gccCyBLEStack_BLE_SOC_PERIPHERAL.a(ll.o)
                0x000041ee                ll_handle_clear_whitelist

i.ll_handle_encrypt_host_data
                0x00004204       0x36
 i.ll_handle_encrypt_host_data
                0x00004204       0x36 D:\program\CY8\PSoC Creator\3.2\PSoC Creator\psoc\content\cycomponentlibrary\CyComponentLibrary.cylib\BLE_v2_0\Library\gccCyBLEStack_BLE_SOC_PERIPHERAL.a(ll.o)
                0x00004204                ll_handle_encrypt_host_data

i.ll_handle_host_data_packet
                0x0000423a       0x54
 i.ll_handle_host_data_packet
                0x0000423a       0x54 D:\program\CY8\PSoC Creator\3.2\PSoC Creator\psoc\content\cycomponentlibrary\CyComponentLibrary.cylib\BLE_v2_0\Library\gccCyBLEStack_BLE_SOC_PERIPHERAL.a(ll.o)
                0x0000423a                ll_handle_host_data_packet

i.ll_handle_read_host_channel_map
                0x0000428e        0x4
 i.ll_handle_read_host_channel_map
                0x0000428e        0x4 D:\program\CY8\PSoC Creator\3.2\PSoC Creator\psoc\content\cycomponentlibrary\CyComponentLibrary.cylib\BLE_v2_0\Library\gccCyBLEStack_BLE_SOC_PERIPHERAL.a(ll.o)
                0x0000428e                ll_handle_read_host_channel_map

i.ll_handle_remove_device_in_whitelist
                0x00004292       0x2a
 i.ll_handle_remove_device_in_whitelist
                0x00004292       0x2a D:\program\CY8\PSoC Creator\3.2\PSoC Creator\psoc\content\cycomponentlibrary\CyComponentLibrary.cylib\BLE_v2_0\Library\gccCyBLEStack_BLE_SOC_PERIPHERAL.a(ll.o)
                0x00004292                ll_handle_remove_device_in_whitelist

i.ll_handle_reset
                0x000042bc        0xe
 i.ll_handle_reset
                0x000042bc        0xe D:\program\CY8\PSoC Creator\3.2\PSoC Creator\psoc\content\cycomponentlibrary\CyComponentLibrary.cylib\BLE_v2_0\Library\gccCyBLEStack_BLE_SOC_PERIPHERAL.a(ll.o)
                0x000042bc                ll_handle_reset

i.ll_handle_set_random_address
                0x000042ca       0x36
 i.ll_handle_set_random_address
                0x000042ca       0x36 D:\program\CY8\PSoC Creator\3.2\PSoC Creator\psoc\content\cycomponentlibrary\CyComponentLibrary.cylib\BLE_v2_0\Library\gccCyBLEStack_BLE_SOC_PERIPHERAL.a(ll.o)
                0x000042ca                ll_handle_set_random_address

i.ll_init       0x00004300       0x18
 i.ll_init      0x00004300       0x18 D:\program\CY8\PSoC Creator\3.2\PSoC Creator\psoc\content\cycomponentlibrary\CyComponentLibrary.cylib\BLE_v2_0\Library\gccCyBLEStack_BLE_SOC_PERIPHERAL.a(ll.o)
                0x00004300                ll_init

i.ll_initialize_device_attributes
                0x00004318       0x4c
 i.ll_initialize_device_attributes
                0x00004318       0x4c D:\program\CY8\PSoC Creator\3.2\PSoC Creator\psoc\content\cycomponentlibrary\CyComponentLibrary.cylib\BLE_v2_0\Library\gccCyBLEStack_BLE_SOC_PERIPHERAL.a(ll.o)
                0x00004318                ll_initialize_device_attributes

i.ll_is_pkt_pending
                0x00004364       0x2a
 i.ll_is_pkt_pending
                0x00004364       0x2a D:\program\CY8\PSoC Creator\3.2\PSoC Creator\psoc\content\cycomponentlibrary\CyComponentLibrary.cylib\BLE_v2_0\Library\gccCyBLEStack_BLE_SOC_PERIPHERAL.a(ll.o)
                0x00004364                ll_is_pkt_pending

i.ll_is_sent_pkt_pending
                0x0000438e       0x1a
 i.ll_is_sent_pkt_pending
                0x0000438e       0x1a D:\program\CY8\PSoC Creator\3.2\PSoC Creator\psoc\content\cycomponentlibrary\CyComponentLibrary.cylib\BLE_v2_0\Library\gccCyBLEStack_BLE_SOC_PERIPHERAL.a(ll.o)
                0x0000438e                ll_is_sent_pkt_pending

i.ll_isr_exit_low_power_mode
                0x000043a8       0x16
 i.ll_isr_exit_low_power_mode
                0x000043a8       0x16 D:\program\CY8\PSoC Creator\3.2\PSoC Creator\psoc\content\cycomponentlibrary\CyComponentLibrary.cylib\BLE_v2_0\Library\gccCyBLEStack_BLE_SOC_PERIPHERAL.a(ll.o)
                0x000043a8                ll_isr_exit_low_power_mode

i.ll_load_host_data_packet
                0x000043be       0x4a
 i.ll_load_host_data_packet
                0x000043be       0x4a D:\program\CY8\PSoC Creator\3.2\PSoC Creator\psoc\content\cycomponentlibrary\CyComponentLibrary.cylib\BLE_v2_0\Library\gccCyBLEStack_BLE_SOC_PERIPHERAL.a(ll.o)
                0x000043be                ll_load_host_data_packet

i.ll_load_packet_to_fifo
                0x00004408       0x6e
 i.ll_load_packet_to_fifo
                0x00004408       0x6e D:\program\CY8\PSoC Creator\3.2\PSoC Creator\psoc\content\cycomponentlibrary\CyComponentLibrary.cylib\BLE_v2_0\Library\gccCyBLEStack_BLE_SOC_PERIPHERAL.a(ll.o)
                0x00004408                ll_load_packet_to_fifo

i.ll_process_acks
                0x00004476       0x3c
 i.ll_process_acks
                0x00004476       0x3c D:\program\CY8\PSoC Creator\3.2\PSoC Creator\psoc\content\cycomponentlibrary\CyComponentLibrary.cylib\BLE_v2_0\Library\gccCyBLEStack_BLE_SOC_PERIPHERAL.a(ll.o)
                0x00004476                ll_process_acks

i.ll_reset      0x000044b2       0x12
 i.ll_reset     0x000044b2       0x12 D:\program\CY8\PSoC Creator\3.2\PSoC Creator\psoc\content\cycomponentlibrary\CyComponentLibrary.cylib\BLE_v2_0\Library\gccCyBLEStack_BLE_SOC_PERIPHERAL.a(ll.o)
                0x000044b2                ll_reset

i.ll_update_active_features
                0x000044c4       0x58
 i.ll_update_active_features
                0x000044c4       0x58 D:\program\CY8\PSoC Creator\3.2\PSoC Creator\psoc\content\cycomponentlibrary\CyComponentLibrary.cylib\BLE_v2_0\Library\gccCyBLEStack_BLE_SOC_PERIPHERAL.a(ll.o)
                0x000044c4                ll_update_active_features

i.ll_update_device_fsm
                0x0000451c        0x8
 i.ll_update_device_fsm
                0x0000451c        0x8 D:\program\CY8\PSoC Creator\3.2\PSoC Creator\psoc\content\cycomponentlibrary\CyComponentLibrary.cylib\BLE_v2_0\Library\gccCyBLEStack_BLE_SOC_PERIPHERAL.a(ll.o)
                0x0000451c                ll_update_device_fsm

i.pf_le_start_timer
                0x00004524       0x16
 i.pf_le_start_timer
                0x00004524       0x16 D:\program\CY8\PSoC Creator\3.2\PSoC Creator\psoc\content\cycomponentlibrary\CyComponentLibrary.cylib\BLE_v2_0\Library\gccCyBLEStack_BLE_SOC_PERIPHERAL.a(ll.o)
                0x00004524                pf_le_start_timer

i.pf_le_stop_timer
                0x0000453a       0x12
 i.pf_le_stop_timer
                0x0000453a       0x12 D:\program\CY8\PSoC Creator\3.2\PSoC Creator\psoc\content\cycomponentlibrary\CyComponentLibrary.cylib\BLE_v2_0\Library\gccCyBLEStack_BLE_SOC_PERIPHERAL.a(ll.o)
                0x0000453a                pf_le_stop_timer

i.CyBleControllerIP_TuneAdvEventInterPktSlots
                0x0000454c       0x44
 i.CyBleControllerIP_TuneAdvEventInterPktSlots
                0x0000454c       0x44 D:\program\CY8\PSoC Creator\3.2\PSoC Creator\psoc\content\cycomponentlibrary\CyComponentLibrary.cylib\BLE_v2_0\Library\gccCyBLEStack_BLE_SOC_PERIPHERAL.a(ll_advertiser.o)
                0x0000454c                CyBleControllerIP_TuneAdvEventInterPktSlots

i.ll_adv_is_configured_connection_adv
                0x00004590       0x1e
 i.ll_adv_is_configured_connection_adv
                0x00004590       0x1e D:\program\CY8\PSoC Creator\3.2\PSoC Creator\psoc\content\cycomponentlibrary\CyComponentLibrary.cylib\BLE_v2_0\Library\gccCyBLEStack_BLE_SOC_PERIPHERAL.a(ll_advertiser.o)
                0x00004590                ll_adv_is_configured_connection_adv

i.ll_check_random_address_in_use_by_advertiser
                0x000045ae       0x10
 i.ll_check_random_address_in_use_by_advertiser
                0x000045ae       0x10 D:\program\CY8\PSoC Creator\3.2\PSoC Creator\psoc\content\cycomponentlibrary\CyComponentLibrary.cylib\BLE_v2_0\Library\gccCyBLEStack_BLE_SOC_PERIPHERAL.a(ll_advertiser.o)
                0x000045ae                ll_check_random_address_in_use_by_advertiser

i.ll_check_whitelist_in_use_by_advertiser
                0x000045be       0x10
 i.ll_check_whitelist_in_use_by_advertiser
                0x000045be       0x10 D:\program\CY8\PSoC Creator\3.2\PSoC Creator\psoc\content\cycomponentlibrary\CyComponentLibrary.cylib\BLE_v2_0\Library\gccCyBLEStack_BLE_SOC_PERIPHERAL.a(ll_advertiser.o)
                0x000045be                ll_check_whitelist_in_use_by_advertiser

i.ll_get_adv_status
                0x000045ce        0xc
 i.ll_get_adv_status
                0x000045ce        0xc D:\program\CY8\PSoC Creator\3.2\PSoC Creator\psoc\content\cycomponentlibrary\CyComponentLibrary.cylib\BLE_v2_0\Library\gccCyBLEStack_BLE_SOC_PERIPHERAL.a(ll_advertiser.o)
                0x000045ce                ll_get_adv_status

i.ll_get_adv_type
                0x000045da       0x16
 i.ll_get_adv_type
                0x000045da       0x16 D:\program\CY8\PSoC Creator\3.2\PSoC Creator\psoc\content\cycomponentlibrary\CyComponentLibrary.cylib\BLE_v2_0\Library\gccCyBLEStack_BLE_SOC_PERIPHERAL.a(ll_advertiser.o)
                0x000045da                ll_get_adv_type

i.ll_handle_adv_intr
                0x000045f0       0x50
 i.ll_handle_adv_intr
                0x000045f0       0x50 D:\program\CY8\PSoC Creator\3.2\PSoC Creator\psoc\content\cycomponentlibrary\CyComponentLibrary.cylib\BLE_v2_0\Library\gccCyBLEStack_BLE_SOC_PERIPHERAL.a(ll_advertiser.o)
                0x000045f0                ll_handle_adv_intr

i.ll_handle_set_adv_data
                0x00004640       0x14
 i.ll_handle_set_adv_data
                0x00004640       0x14 D:\program\CY8\PSoC Creator\3.2\PSoC Creator\psoc\content\cycomponentlibrary\CyComponentLibrary.cylib\BLE_v2_0\Library\gccCyBLEStack_BLE_SOC_PERIPHERAL.a(ll_advertiser.o)
                0x00004640                ll_handle_set_adv_data

i.ll_handle_set_adv_parameters
                0x00004654       0x84
 i.ll_handle_set_adv_parameters
                0x00004654       0x84 D:\program\CY8\PSoC Creator\3.2\PSoC Creator\psoc\content\cycomponentlibrary\CyComponentLibrary.cylib\BLE_v2_0\Library\gccCyBLEStack_BLE_SOC_PERIPHERAL.a(ll_advertiser.o)
                0x00004654                ll_handle_set_adv_parameters

i.ll_handle_set_advertise_enable
                0x000046d8       0x70
 i.ll_handle_set_advertise_enable
                0x000046d8       0x70 D:\program\CY8\PSoC Creator\3.2\PSoC Creator\psoc\content\cycomponentlibrary\CyComponentLibrary.cylib\BLE_v2_0\Library\gccCyBLEStack_BLE_SOC_PERIPHERAL.a(ll_advertiser.o)
                0x000046d8                ll_handle_set_advertise_enable

i.ll_handle_set_scan_resp_data
                0x00004748       0x14
 i.ll_handle_set_scan_resp_data
                0x00004748       0x14 D:\program\CY8\PSoC Creator\3.2\PSoC Creator\psoc\content\cycomponentlibrary\CyComponentLibrary.cylib\BLE_v2_0\Library\gccCyBLEStack_BLE_SOC_PERIPHERAL.a(ll_advertiser.o)
                0x00004748                ll_handle_set_scan_resp_data

i.ll_init_advertiser
                0x0000475c       0x68
 i.ll_init_advertiser
                0x0000475c       0x68 D:\program\CY8\PSoC Creator\3.2\PSoC Creator\psoc\content\cycomponentlibrary\CyComponentLibrary.cylib\BLE_v2_0\Library\gccCyBLEStack_BLE_SOC_PERIPHERAL.a(ll_advertiser.o)
                0x0000475c                ll_init_advertiser

i.is_le_connection_handle
                0x000047c4       0x28
 i.is_le_connection_handle
                0x000047c4       0x28 D:\program\CY8\PSoC Creator\3.2\PSoC Creator\psoc\content\cycomponentlibrary\CyComponentLibrary.cylib\BLE_v2_0\Library\gccCyBLEStack_BLE_SOC_PERIPHERAL.a(ll_connection.o)
                0x000047c4                is_le_connection_handle

i.le_assign_connection_handle
                0x000047ec       0x28
 i.le_assign_connection_handle
                0x000047ec       0x28 D:\program\CY8\PSoC Creator\3.2\PSoC Creator\psoc\content\cycomponentlibrary\CyComponentLibrary.cylib\BLE_v2_0\Library\gccCyBLEStack_BLE_SOC_PERIPHERAL.a(ll_connection.o)
                0x000047ec                le_assign_connection_handle

i.le_get_connection_index
                0x00004814        0x6
 i.le_get_connection_index
                0x00004814        0x6 D:\program\CY8\PSoC Creator\3.2\PSoC Creator\psoc\content\cycomponentlibrary\CyComponentLibrary.cylib\BLE_v2_0\Library\gccCyBLEStack_BLE_SOC_PERIPHERAL.a(ll_connection.o)
                0x00004814                le_get_connection_index

i.ll_allocate_connection
                0x0000481c       0x44
 i.ll_allocate_connection
                0x0000481c       0x44 D:\program\CY8\PSoC Creator\3.2\PSoC Creator\psoc\content\cycomponentlibrary\CyComponentLibrary.cylib\BLE_v2_0\Library\gccCyBLEStack_BLE_SOC_PERIPHERAL.a(ll_connection.o)
                0x0000481c                ll_allocate_connection

i.ll_calculate_and_program_def_win_widen_drift
                0x00004860       0x14
 i.ll_calculate_and_program_def_win_widen_drift
                0x00004860       0x14 D:\program\CY8\PSoC Creator\3.2\PSoC Creator\psoc\content\cycomponentlibrary\CyComponentLibrary.cylib\BLE_v2_0\Library\gccCyBLEStack_BLE_SOC_PERIPHERAL.a(ll_connection.o)
                0x00004860                ll_calculate_and_program_def_win_widen_drift

i.ll_calculate_drift
                0x00004874       0x2c
 i.ll_calculate_drift
                0x00004874       0x2c D:\program\CY8\PSoC Creator\3.2\PSoC Creator\psoc\content\cycomponentlibrary\CyComponentLibrary.cylib\BLE_v2_0\Library\gccCyBLEStack_BLE_SOC_PERIPHERAL.a(ll_connection.o)
                0x00004874                ll_calculate_drift

i.ll_check_and_decrypt_ll_pdu
                0x000048a0       0x68
 i.ll_check_and_decrypt_ll_pdu
                0x000048a0       0x68 D:\program\CY8\PSoC Creator\3.2\PSoC Creator\psoc\content\cycomponentlibrary\CyComponentLibrary.cylib\BLE_v2_0\Library\gccCyBLEStack_BLE_SOC_PERIPHERAL.a(ll_connection.o)
                0x000048a0                ll_check_and_decrypt_ll_pdu

i.ll_check_and_decrypt_packet
                0x00004908       0x6a
 i.ll_check_and_decrypt_packet
                0x00004908       0x6a D:\program\CY8\PSoC Creator\3.2\PSoC Creator\psoc\content\cycomponentlibrary\CyComponentLibrary.cylib\BLE_v2_0\Library\gccCyBLEStack_BLE_SOC_PERIPHERAL.a(ll_connection.o)
                0x00004908                ll_check_and_decrypt_packet

i.ll_check_and_encrypt_ll_pdu
                0x00004972       0x72
 i.ll_check_and_encrypt_ll_pdu
                0x00004972       0x72 D:\program\CY8\PSoC Creator\3.2\PSoC Creator\psoc\content\cycomponentlibrary\CyComponentLibrary.cylib\BLE_v2_0\Library\gccCyBLEStack_BLE_SOC_PERIPHERAL.a(ll_connection.o)
                0x00004972                ll_check_and_encrypt_ll_pdu

i.ll_check_and_encrypt_packet
                0x000049e4       0x8a
 i.ll_check_and_encrypt_packet
                0x000049e4       0x8a D:\program\CY8\PSoC Creator\3.2\PSoC Creator\psoc\content\cycomponentlibrary\CyComponentLibrary.cylib\BLE_v2_0\Library\gccCyBLEStack_BLE_SOC_PERIPHERAL.a(ll_connection.o)
                0x000049e4                ll_check_and_encrypt_packet

i.ll_check_for_allowing_incoming_connection_update
                0x00004a6e       0x42
 i.ll_check_for_allowing_incoming_connection_update
                0x00004a6e       0x42 D:\program\CY8\PSoC Creator\3.2\PSoC Creator\psoc\content\cycomponentlibrary\CyComponentLibrary.cylib\BLE_v2_0\Library\gccCyBLEStack_BLE_SOC_PERIPHERAL.a(ll_connection.o)
                0x00004a6e                ll_check_for_allowing_incoming_connection_update

i.ll_check_if_pdu_is_loaded_to_hardware
                0x00004ab0       0x1c
 i.ll_check_if_pdu_is_loaded_to_hardware
                0x00004ab0       0x1c D:\program\CY8\PSoC Creator\3.2\PSoC Creator\psoc\content\cycomponentlibrary\CyComponentLibrary.cylib\BLE_v2_0\Library\gccCyBLEStack_BLE_SOC_PERIPHERAL.a(ll_connection.o)
                0x00004ab0                ll_check_if_pdu_is_loaded_to_hardware

i.ll_check_random_address_in_use_by_initiator
                0x00004acc       0x30
 i.ll_check_random_address_in_use_by_initiator
                0x00004acc       0x30 D:\program\CY8\PSoC Creator\3.2\PSoC Creator\psoc\content\cycomponentlibrary\CyComponentLibrary.cylib\BLE_v2_0\Library\gccCyBLEStack_BLE_SOC_PERIPHERAL.a(ll_connection.o)
                0x00004acc                ll_check_random_address_in_use_by_initiator

i.ll_check_white_list_in_use_by_initiator
                0x00004afc       0x30
 i.ll_check_white_list_in_use_by_initiator
                0x00004afc       0x30 D:\program\CY8\PSoC Creator\3.2\PSoC Creator\psoc\content\cycomponentlibrary\CyComponentLibrary.cylib\BLE_v2_0\Library\gccCyBLEStack_BLE_SOC_PERIPHERAL.a(ll_connection.o)
                0x00004afc                ll_check_white_list_in_use_by_initiator

i.ll_conn_free_enc_txn_buffer
                0x00004b2c       0x16
 i.ll_conn_free_enc_txn_buffer
                0x00004b2c       0x16 D:\program\CY8\PSoC Creator\3.2\PSoC Creator\psoc\content\cycomponentlibrary\CyComponentLibrary.cylib\BLE_v2_0\Library\gccCyBLEStack_BLE_SOC_PERIPHERAL.a(ll_connection.o)
                0x00004b2c                ll_conn_free_enc_txn_buffer

i.ll_conn_fsm_update_channel_state
                0x00004b42        0x6
 i.ll_conn_fsm_update_channel_state
                0x00004b42        0x6 D:\program\CY8\PSoC Creator\3.2\PSoC Creator\psoc\content\cycomponentlibrary\CyComponentLibrary.cylib\BLE_v2_0\Library\gccCyBLEStack_BLE_SOC_PERIPHERAL.a(ll_connection.o)
                0x00004b42                ll_conn_fsm_update_channel_state

i.ll_conn_fsm_update_conn_update_state
                0x00004b48        0x6
 i.ll_conn_fsm_update_conn_update_state
                0x00004b48        0x6 D:\program\CY8\PSoC Creator\3.2\PSoC Creator\psoc\content\cycomponentlibrary\CyComponentLibrary.cylib\BLE_v2_0\Library\gccCyBLEStack_BLE_SOC_PERIPHERAL.a(ll_connection.o)
                0x00004b48                ll_conn_fsm_update_conn_update_state

i.ll_conn_fsm_update_enc_state
                0x00004b4e        0x6
 i.ll_conn_fsm_update_enc_state
                0x00004b4e        0x6 D:\program\CY8\PSoC Creator\3.2\PSoC Creator\psoc\content\cycomponentlibrary\CyComponentLibrary.cylib\BLE_v2_0\Library\gccCyBLEStack_BLE_SOC_PERIPHERAL.a(ll_connection.o)
                0x00004b4e                ll_conn_fsm_update_enc_state

i.ll_conn_fsm_update_state
                0x00004b54        0x4
 i.ll_conn_fsm_update_state
                0x00004b54        0x4 D:\program\CY8\PSoC Creator\3.2\PSoC Creator\psoc\content\cycomponentlibrary\CyComponentLibrary.cylib\BLE_v2_0\Library\gccCyBLEStack_BLE_SOC_PERIPHERAL.a(ll_connection.o)
                0x00004b54                ll_conn_fsm_update_state

i.ll_conn_handle_data_pdu_from_host_when_data_paused
                0x00004b58        0x8
 i.ll_conn_handle_data_pdu_from_host_when_data_paused
                0x00004b58        0x8 D:\program\CY8\PSoC Creator\3.2\PSoC Creator\psoc\content\cycomponentlibrary\CyComponentLibrary.cylib\BLE_v2_0\Library\gccCyBLEStack_BLE_SOC_PERIPHERAL.a(ll_connection.o)
                0x00004b58                ll_conn_handle_data_pdu_from_host_when_data_paused

i.ll_conn_handle_direct_adv_timeout
                0x00004b60       0x2a
 i.ll_conn_handle_direct_adv_timeout
                0x00004b60       0x2a D:\program\CY8\PSoC Creator\3.2\PSoC Creator\psoc\content\cycomponentlibrary\CyComponentLibrary.cylib\BLE_v2_0\Library\gccCyBLEStack_BLE_SOC_PERIPHERAL.a(ll_connection.o)
                0x00004b60                ll_conn_handle_direct_adv_timeout

i.ll_conn_handle_ping_timer_expired_interrupt
                0x00004b8c       0x1c
 i.ll_conn_handle_ping_timer_expired_interrupt
                0x00004b8c       0x1c D:\program\CY8\PSoC Creator\3.2\PSoC Creator\psoc\content\cycomponentlibrary\CyComponentLibrary.cylib\BLE_v2_0\Library\gccCyBLEStack_BLE_SOC_PERIPHERAL.a(ll_connection.o)
                0x00004b8c                ll_conn_handle_ping_timer_expired_interrupt

i.ll_conn_handle_ping_timer_nearly_expired_interrupt
                0x00004ba8       0x20
 i.ll_conn_handle_ping_timer_nearly_expired_interrupt
                0x00004ba8       0x20 D:\program\CY8\PSoC Creator\3.2\PSoC Creator\psoc\content\cycomponentlibrary\CyComponentLibrary.cylib\BLE_v2_0\Library\gccCyBLEStack_BLE_SOC_PERIPHERAL.a(ll_connection.o)
                0x00004ba8                ll_conn_handle_ping_timer_nearly_expired_interrupt

i.ll_conn_handle_stop_connectable_adv
                0x00004bc8       0x12
 i.ll_conn_handle_stop_connectable_adv
                0x00004bc8       0x12 D:\program\CY8\PSoC Creator\3.2\PSoC Creator\psoc\content\cycomponentlibrary\CyComponentLibrary.cylib\BLE_v2_0\Library\gccCyBLEStack_BLE_SOC_PERIPHERAL.a(ll_connection.o)
                0x00004bc8                ll_conn_handle_stop_connectable_adv

i.ll_conn_process_pending_transactions
                0x00004bda        0x4
 i.ll_conn_process_pending_transactions
                0x00004bda        0x4 D:\program\CY8\PSoC Creator\3.2\PSoC Creator\psoc\content\cycomponentlibrary\CyComponentLibrary.cylib\BLE_v2_0\Library\gccCyBLEStack_BLE_SOC_PERIPHERAL.a(ll_connection.o)
                0x00004bda                ll_conn_process_pending_transactions

i.ll_conn_program_authenticated_payload_timer
                0x00004be0       0x50
 i.ll_conn_program_authenticated_payload_timer