Archive member included because of file (symbol)

.\CortexM0\ARM_GCC_484\Debug\BLE Lab 4.a(cyfitter_cfg.o)
                              .\CortexM0\ARM_GCC_484\Debug\Cm0Start.o (cyfitter_cfg)
.\CortexM0\ARM_GCC_484\Debug\BLE Lab 4.a(BLE.o)
                              .\CortexM0\ARM_GCC_484\Debug\main.o (CyBle_Start)
.\CortexM0\ARM_GCC_484\Debug\BLE Lab 4.a(BLE_gatt.o)
                              .\CortexM0\ARM_GCC_484\Debug\BLE Lab 4.a(BLE.o) (cyBle_state)
.\CortexM0\ARM_GCC_484\Debug\BLE Lab 4.a(BLE_eventHandler.o)
                              .\CortexM0\ARM_GCC_484\Debug\BLE Lab 4.a(BLE.o) (cyBle_eventHandlerFlag)
.\CortexM0\ARM_GCC_484\Debug\BLE Lab 4.a(BLE_custom.o)
                              .\CortexM0\ARM_GCC_484\Debug\BLE Lab 4.a(BLE.o) (CyBle_CustomInit)
.\CortexM0\ARM_GCC_484\Debug\BLE Lab 4.a(CyBootAsmGnu.o)
                              .\CortexM0\ARM_GCC_484\Debug\BLE Lab 4.a(cyfitter_cfg.o) (CyDelayCycles)
.\CortexM0\ARM_GCC_484\Debug\BLE Lab 4.a(CyLib.o)
                              .\CortexM0\ARM_GCC_484\Debug\BLE Lab 4.a(cyfitter_cfg.o) (CySysClkWriteImoFreq)
.\CortexM0\ARM_GCC_484\Debug\BLE Lab 4.a(CyLFClk.o)
                              .\CortexM0\ARM_GCC_484\Debug\BLE Lab 4.a(cyfitter_cfg.o) (CySysClkWcoStart)
D:\program\CY8\PSoC Creator\3.2\PSoC Creator\psoc\content\cycomponentlibrary\CyComponentLibrary.cylib\BLE_v2_0\Library\gccCyBLEStack_BLE_SOC_PERIPHERAL.a(CyBle.o)
                              .\CortexM0\ARM_GCC_484\Debug\main.o (CyBle_ProcessEvents)
D:\program\CY8\PSoC Creator\3.2\PSoC Creator\psoc\content\cycomponentlibrary\CyComponentLibrary.cylib\BLE_v2_0\Library\gccCyBLEStack_BLE_SOC_PERIPHERAL.a(CyBleStackMgrIP_Interface.o)
                              D:\program\CY8\PSoC Creator\3.2\PSoC Creator\psoc\content\cycomponentlibrary\CyComponentLibrary.cylib\BLE_v2_0\Library\gccCyBLEStack_BLE_SOC_PERIPHERAL.a(CyBle.o) (CyBleStackMgr_Init)
D:\program\CY8\PSoC Creator\3.2\PSoC Creator\psoc\content\cycomponentlibrary\CyComponentLibrary.cylib\BLE_v2_0\Library\gccCyBLEStack_BLE_SOC_PERIPHERAL.a(BT_os.o)
                              D:\program\CY8\PSoC Creator\3.2\PSoC Creator\psoc\content\cycomponentlibrary\CyComponentLibrary.cylib\BLE_v2_0\Library\gccCyBLEStack_BLE_SOC_PERIPHERAL.a(CyBleStackMgrIP_Interface.o) (cyBleStackMemoryConfig)
D:\program\CY8\PSoC Creator\3.2\PSoC Creator\psoc\content\cycomponentlibrary\CyComponentLibrary.cylib\BLE_v2_0\Library\gccCyBLEStack_BLE_SOC_PERIPHERAL.a(CyBleStackMgr_StackTaskHandler.o)
                              D:\program\CY8\PSoC Creator\3.2\PSoC Creator\psoc\content\cycomponentlibrary\CyComponentLibrary.cylib\BLE_v2_0\Library\gccCyBLEStack_BLE_SOC_PERIPHERAL.a(CyBleStackMgrIP_Interface.o) (CyBle_CreateBleStackTask)
D:\program\CY8\PSoC Creator\3.2\PSoC Creator\psoc\content\cycomponentlibrary\CyComponentLibrary.cylib\BLE_v2_0\Library\gccCyBLEStack_BLE_SOC_PERIPHERAL.a(transport_sf.o)
                              D:\program\CY8\PSoC Creator\3.2\PSoC Creator\psoc\content\cycomponentlibrary\CyComponentLibrary.cylib\BLE_v2_0\Library\gccCyBLEStack_BLE_SOC_PERIPHERAL.a(CyBleStackMgr_StackTaskHandler.o) (hci_soft_transport_notify_data_received)
D:\program\CY8\PSoC Creator\3.2\PSoC Creator\psoc\content\cycomponentlibrary\CyComponentLibrary.cylib\BLE_v2_0\Library\gccCyBLEStack_BLE_SOC_PERIPHERAL.a(CyBleStackMgr_PSoCHal.o)
                              D:\program\CY8\PSoC Creator\3.2\PSoC Creator\psoc\content\cycomponentlibrary\CyComponentLibrary.cylib\BLE_v2_0\Library\gccCyBLEStack_BLE_SOC_PERIPHERAL.a(CyBleStackMgrIP_Interface.o) (CyBleStackMgr_HalInit)
D:\program\CY8\PSoC Creator\3.2\PSoC Creator\psoc\content\cycomponentlibrary\CyComponentLibrary.cylib\BLE_v2_0\Library\gccCyBLEStack_BLE_SOC_PERIPHERAL.a(CyBleStackMgr_BleSSDriver.o)
                              D:\program\CY8\PSoC Creator\3.2\PSoC Creator\psoc\content\cycomponentlibrary\CyComponentLibrary.cylib\BLE_v2_0\Library\gccCyBLEStack_BLE_SOC_PERIPHERAL.a(CyBleStackMgrIP_Interface.o) (CyBleStackMgr_BleSSInit)
D:\program\CY8\PSoC Creator\3.2\PSoC Creator\psoc\content\cycomponentlibrary\CyComponentLibrary.cylib\BLE_v2_0\Library\gccCyBLEStack_BLE_SOC_PERIPHERAL.a(config_bin.o)
                              D:\program\CY8\PSoC Creator\3.2\PSoC Creator\psoc\content\cycomponentlibrary\CyComponentLibrary.cylib\BLE_v2_0\Library\gccCyBLEStack_BLE_SOC_PERIPHERAL.a(CyBleStackMgr_PSoCHal.o) (bt_cfg_pdata)
D:\program\CY8\PSoC Creator\3.2\PSoC Creator\psoc\content\cycomponentlibrary\CyComponentLibrary.cylib\BLE_v2_0\Library\gccCyBLEStack_BLE_SOC_PERIPHERAL.a(mint_os.o)
                              D:\program\CY8\PSoC Creator\3.2\PSoC Creator\psoc\content\cycomponentlibrary\CyComponentLibrary.cylib\BLE_v2_0\Library\gccCyBLEStack_BLE_SOC_PERIPHERAL.a(CyBleStackMgrIP_Interface.o) (OS_init)
D:\program\CY8\PSoC Creator\3.2\PSoC Creator\psoc\content\cycomponentlibrary\CyComponentLibrary.cylib\BLE_v2_0\Library\gccCyBLEStack_BLE_SOC_PERIPHERAL.a(mint_os_queue.o)
[...]
Memory Configuration

Name             Origin             Length             Attributes
rom              0x00000000         0x00020000         xr
ram              0x20000000         0x00004000         xrw
*default*        0x00000000         0xffffffff

Linker script and memory map

LOAD d:/program/cy8/psoc creator/3.2/psoc creator/import/gnu/arm/4.8.4/bin/../lib/gcc/arm-none-eabi/4.8.4/armv6-m/crti.o
LOAD d:/program/cy8/psoc creator/3.2/psoc creator/import/gnu/arm/4.8.4/bin/../lib/gcc/arm-none-eabi/4.8.4/armv6-m/crtbegin.o
LOAD d:/program/cy8/psoc creator/3.2/psoc creator/import/gnu/arm/4.8.4/bin/../lib/gcc/arm-none-eabi/4.8.4/../../../../arm-none-eabi/lib/armv6-m/crt0.o
START GROUP
LOAD .\CortexM0\ARM_GCC_484\Debug\main.o
LOAD .\CortexM0\ARM_GCC_484\Debug\cymetadata.o
LOAD .\CortexM0\ARM_GCC_484\Debug\Cm0Start.o
LOAD .\CortexM0\ARM_GCC_484\Debug\BLE Lab 4.a
LOAD D:\program\CY8\PSoC Creator\3.2\PSoC Creator\psoc\content\cycomponentlibrary\CyComponentLibrary.cylib\BLE_v2_0\Library\gccCyBLEStack_BLE_SOC_PERIPHERAL.a
LOAD D:\program\CY8\PSoC Creator\3.2\PSoC Creator\psoc\content\cycomponentlibrary\CyComponentLibrary.cylib\CapSense_CSD_P4_v2_20\PSoC4\Library\CapsenseP4Library_GCC.a
LOAD D:\program\CY8\PSoC Creator\3.2\PSoC Creator\psoc\content\cycomponentlibrary\CyComponentLibrary.cylib\CortexM0\ARM_GCC_484\Debug\CyComponentLibrary.a
END GROUP
START GROUP
LOAD d:/program/cy8/psoc creator/3.2/psoc creator/import/gnu/arm/4.8.4/bin/../lib/gcc/arm-none-eabi/4.8.4/armv6-m\libgcc.a
LOAD d:/program/cy8/psoc creator/3.2/psoc creator/import/gnu/arm/4.8.4/bin/../lib/gcc/arm-none-eabi/4.8.4/../../../../arm-none-eabi/lib/armv6-m\libg_s.a
LOAD d:/program/cy8/psoc creator/3.2/psoc creator/import/gnu/arm/4.8.4/bin/../lib/gcc/arm-none-eabi/4.8.4/../../../../arm-none-eabi/lib/armv6-m\libc_s.a
END GROUP
START GROUP
LOAD d:/program/cy8/psoc creator/3.2/psoc creator/import/gnu/arm/4.8.4/bin/../lib/gcc/arm-none-eabi/4.8.4/armv6-m\libgcc.a
LOAD d:/program/cy8/psoc creator/3.2/psoc creator/import/gnu/arm/4.8.4/bin/../lib/gcc/arm-none-eabi/4.8.4/../../../../arm-none-eabi/lib/armv6-m\libc_s.a
END GROUP
LOAD d:/program/cy8/psoc creator/3.2/psoc creator/import/gnu/arm/4.8.4/bin/../lib/gcc/arm-none-eabi/4.8.4/armv6-m/crtend.o
LOAD d:/program/cy8/psoc creator/3.2/psoc creator/import/gnu/arm/4.8.4/bin/../lib/gcc/arm-none-eabi/4.8.4/armv6-m/crtn.o
START GROUP
LOAD d:/program/cy8/psoc creator/3.2/psoc creator/import/gnu/arm/4.8.4/bin/../lib/gcc/arm-none-eabi/4.8.4/armv6-m\libgcc.a
LOAD d:/program/cy8/psoc creator/3.2/psoc creator/import/gnu/arm/4.8.4/bin/../lib/gcc/arm-none-eabi/4.8.4/../../../../arm-none-eabi/lib/armv6-m\libc.a
LOAD d:/program/cy8/psoc creator/3.2/psoc creator/import/gnu/arm/4.8.4/bin/../lib/gcc/arm-none-eabi/4.8.4/../../../../arm-none-eabi/lib/armv6-m\libnosys.a
END GROUP
                0x00000000                CY_APPL_ORIGIN = 0x0
                0x00000080                CY_FLASH_ROW_SIZE = 0x80
                0x00000001                CY_APPL_NUM = 0x1
                0x00000040                CY_METADATA_SIZE = 0x40
                0x20001d78                PROVIDE (__cy_heap_start, _end)
                0x00000001                PROVIDE (__cy_region_num, ((__cy_regions_end - __cy_regions) / 0x10))
                0x20004000                PROVIDE (__cy_stack, (ORIGIN (ram) + 0x4000))
                0x20003800                PROVIDE (__cy_heap_end, (__cy_stack - 0x800))

.cybootloader   0x00000000        0x0
 *(.cybootloader)
                0x00000000                appl1_start = CY_APPL_ORIGIN?CY_APPL_ORIGIN:ALIGN (CY_FLASH_ROW_SIZE)
                0x0000ff80                appl2_start = (appl1_start + ALIGN ((((0x20000 - appl1_start) - (0x2 * CY_FLASH_ROW_SIZE)) / 0x2), CY_FLASH_ROW_SIZE))
                0x00000000                appl_start = (CY_APPL_NUM == 0x1)?appl1_start:appl2_start

.text           0x00000000      0xef4
 CREATE_OBJECT_SYMBOLS
                0x00000000                PROVIDE (__cy_interrupt_vector, RomVectors)
 *(.romvectors)
 .romvectors    0x00000000       0x10 .\CortexM0\ARM_GCC_484\Debug\Cm0Start.o
                0x00000000                RomVectors
                0x00000001                ASSERT ((. != __cy_interrupt_vector), No interrupt vector)
                0x00000001                ASSERT (CY_APPL_ORIGIN?(SIZEOF (.cybootloader) <= CY_APPL_ORIGIN):0x1, Wrong image location)
                0x00000010                PROVIDE (__cy_reset, Reset)
 *(.text.Reset)
 .text.Reset    0x00000010        0x8 .\CortexM0\ARM_GCC_484\Debug\Cm0Start.o
                0x00000010                Reset
                0x00000001                ASSERT ((. != __cy_reset), No reset code)
 *(.psocinit)
 .psocinit      0x00000018      0x214 .\CortexM0\ARM_GCC_484\Debug\BLE Lab 4.a(cyfitter_cfg.o)
                0x00000120                cyfitter_cfg
                0x0000022c                . = MAX (., 0x100)
 *(.text .text.* .gnu.linkonce.t.*)
 .text          0x0000022c       0x60 d:/program/cy8/psoc creator/3.2/psoc creator/import/gnu/arm/4.8.4/bin/../lib/gcc/arm-none-eabi/4.8.4/armv6-m/crtbegin.o
 .text.StackEventHandler
                0x0000028c        0x4 .\CortexM0\ARM_GCC_484\Debug\main.o
                0x0000028c                StackEventHandler
 .text.main     0x00000290       0x14 .\CortexM0\ARM_GCC_484\Debug\main.o
                0x00000290                main
 .text.IntDefaultHandler
                0x000002a4        0x4 .\CortexM0\ARM_GCC_484\Debug\Cm0Start.o
                0x000002a4                IntDefaultHandler
 .text.Start_c  0x000002a8       0x48 .\CortexM0\ARM_GCC_484\Debug\Cm0Start.o
                0x000002a8                Start_c
 .text.initialize_psoc
                0x000002f0       0x58 .\CortexM0\ARM_GCC_484\Debug\Cm0Start.o
                0x000002f0                initialize_psoc
 .text.cfg_write_bytes32
                0x00000348       0x38 .\CortexM0\ARM_GCC_484\Debug\BLE Lab 4.a(cyfitter_cfg.o)
 .text.CYMEMZERO
                0x00000380        0xc .\CortexM0\ARM_GCC_484\Debug\BLE Lab 4.a(cyfitter_cfg.o)
 .text.SetAnalogRoutingPumps
                0x0000038c       0x40 .\CortexM0\ARM_GCC_484\Debug\BLE Lab 4.a(cyfitter_cfg.o)
                0x0000038c                SetAnalogRoutingPumps
 .text.AnalogSetDefault
                0x000003cc       0x28 .\CortexM0\ARM_GCC_484\Debug\BLE Lab 4.a(cyfitter_cfg.o)
 .text.CyBle_ServiceInit
                0x000003f4        0x8 .\CortexM0\ARM_GCC_484\Debug\BLE Lab 4.a(BLE.o)
                0x000003f4                CyBle_ServiceInit
 .text.CyBle_Init
                0x000003fc       0x24 .\CortexM0\ARM_GCC_484\Debug\BLE Lab 4.a(BLE.o)
                0x000003fc                CyBle_Init
 .text.CyBle_Start
                0x00000420       0x7c .\CortexM0\ARM_GCC_484\Debug\BLE Lab 4.a(BLE.o)
                0x00000420                CyBle_Start
 .text.CyBle_GappStartAdvertisement
                0x0000049c       0x84 .\CortexM0\ARM_GCC_484\Debug\BLE Lab 4.a(BLE.o)
                0x0000049c                CyBle_GappStartAdvertisement
 .text.CyBle_ChangeAdDeviceAddress
                0x00000520        0x4 .\CortexM0\ARM_GCC_484\Debug\BLE Lab 4.a(BLE.o)
                0x00000520                CyBle_ChangeAdDeviceAddress
 .text.CyBle_Get16ByPtr
                0x00000524        0xc .\CortexM0\ARM_GCC_484\Debug\BLE Lab 4.a(BLE.o)
                0x00000524                CyBle_Get16ByPtr
 .text.CyBle_GattsWriteEventHandler
                0x00000530       0x58 .\CortexM0\ARM_GCC_484\Debug\BLE Lab 4.a(BLE_gatt.o)
                0x00000530                CyBle_GattsWriteEventHandler
 .text.CyBle_GattDisconnectEventHandler
                0x00000588       0x10 .\CortexM0\ARM_GCC_484\Debug\BLE Lab 4.a(BLE_eventHandler.o)
 .text.CyBle_IsDeviceAddressValid
                0x00000598       0x24 .\CortexM0\ARM_GCC_484\Debug\BLE Lab 4.a(BLE_eventHandler.o)
 .text.CyBle_WriteReqHandler
                0x000005bc       0x38 .\CortexM0\ARM_GCC_484\Debug\BLE Lab 4.a(BLE_eventHandler.o)
 .text.CyBle_EventHandler
                0x000005f4      0x1d4 .\CortexM0\ARM_GCC_484\Debug\BLE Lab 4.a(BLE_eventHandler.o)
                0x000005f4                CyBle_EventHandler
 .text.CyBle_CustomInit
                0x000007c8        0x4 .\CortexM0\ARM_GCC_484\Debug\BLE Lab 4.a(BLE_custom.o)
                0x000007c8                CyBle_CustomInit
 *fill*         0x000007cc        0x4 
 .text          0x000007d0       0x20 .\CortexM0\ARM_GCC_484\Debug\BLE Lab 4.a(CyBootAsmGnu.o)
                0x000007d0                CyDelayCycles
                0x000007e2                CyEnterCriticalSection
                0x000007ea                CyExitCriticalSection
 .text.CySysClkWriteImoFreq
                0x000007f0       0x64 .\CortexM0\ARM_GCC_484\Debug\BLE Lab 4.a(CyLib.o)
                0x000007f0                CySysClkWriteImoFreq
 .text.CySysClkEcoReadStatus
                0x00000854       0x10 .\CortexM0\ARM_GCC_484\Debug\BLE Lab 4.a(CyLib.o)
                0x00000854                CySysClkEcoReadStatus
 .text.CyIntEnable
                0x00000864       0x14 .\CortexM0\ARM_GCC_484\Debug\BLE Lab 4.a(CyLib.o)
                0x00000864                CyIntEnable
 .text.CyHalt   0x00000878        0x4 .\CortexM0\ARM_GCC_484\Debug\BLE Lab 4.a(CyLib.o)
                0x00000878                CyHalt
 .text.CyIntSetVector
                0x0000087c       0x20 .\CortexM0\ARM_GCC_484\Debug\BLE Lab 4.a(CyLib.o)
                0x0000087c                CyIntSetVector
 .text.CyDelay  0x0000089c       0x30 .\CortexM0\ARM_GCC_484\Debug\BLE Lab 4.a(CyLib.o)
                0x0000089c                CyDelay
 .text.CyDelayUs
                0x000008cc       0x14 .\CortexM0\ARM_GCC_484\Debug\BLE Lab 4.a(CyLib.o)
                0x000008cc                CyDelayUs
 .text.CySysClkEcoStart
                0x000008e0       0x54 .\CortexM0\ARM_GCC_484\Debug\BLE Lab 4.a(CyLib.o)
                0x000008e0                CySysClkEcoStart
 .text.CySysWdtLocked
                0x00000934       0x18 .\CortexM0\ARM_GCC_484\Debug\BLE Lab 4.a(CyLFClk.o)
 .text.CySysClkWcoStart
                0x0000094c       0x40 .\CortexM0\ARM_GCC_484\Debug\BLE Lab 4.a(CyLFClk.o)
                0x0000094c                CySysClkWcoStart
 .text.CySysClkWcoSetPowerMode
                0x0000098c       0x84 .\CortexM0\ARM_GCC_484\Debug\BLE Lab 4.a(CyLFClk.o)
                0x0000098c                CySysClkWcoSetPowerMode
 .text.CySysWdtLock
                0x00000a10       0x1c .\CortexM0\ARM_GCC_484\Debug\BLE Lab 4.a(CyLFClk.o)
                0x00000a10                CySysWdtLock
 .text.CySysWdtUnlock
                0x00000a2c       0x30 .\CortexM0\ARM_GCC_484\Debug\BLE Lab 4.a(CyLFClk.o)
                0x00000a2c                CySysWdtUnlock
 .text.CySysWdtClearInterrupt
                0x00000a5c       0x4c .\CortexM0\ARM_GCC_484\Debug\BLE Lab 4.a(CyLFClk.o)
                0x00000a5c                CySysWdtClearInterrupt
 .text.CySysWdtIsr
                0x00000aa8       0xa4 .\CortexM0\ARM_GCC_484\Debug\BLE Lab 4.a(CyLFClk.o)
                0x00000aa8                CySysWdtIsr
 .text.CyBLE_Bless_LlRegWrite
                0x00000b4c        0x4 .\CortexM0\ARM_GCC_484\Debug\BLE Lab 4.a(BLE_HAL_PVT.o)
                0x00000b4c                CyBLE_Bless_LlRegWrite
 .text.CyBLE_Bless_RfRegWrite
                0x00000b50        0x4 .\CortexM0\ARM_GCC_484\Debug\BLE Lab 4.a(BLE_HAL_PVT.o)
                0x00000b50                CyBLE_Bless_RfRegWrite
 .text.CyBLE_BlessDeviceConfig
                0x00000b54       0xdc .\CortexM0\ARM_GCC_484\Debug\BLE Lab 4.a(BLE_HAL_PVT.o)
                0x00000b54                CyBLE_BlessDeviceConfig
 .text.CyBleHal_DelayUs
                0x00000c30        0x8 .\CortexM0\ARM_GCC_484\Debug\BLE Lab 4.a(BLE_HAL_PVT.o)
                0x00000c30                CyBleHal_DelayUs
 .text.CyBleHal_DelayMs
                0x00000c38        0x8 .\CortexM0\ARM_GCC_484\Debug\BLE Lab 4.a(BLE_HAL_PVT.o)
                0x00000c38                CyBleHal_DelayMs
 .text.CyBleHal_EnableGlobalInterrupts
                0x00000c40        0x8 .\CortexM0\ARM_GCC_484\Debug\BLE Lab 4.a(BLE_HAL_PVT.o)
                0x00000c40                CyBleHal_EnableGlobalInterrupts
 .text.CyBleHal_DisableGlobalInterrupts
                0x00000c48        0x8 .\CortexM0\ARM_GCC_484\Debug\BLE Lab 4.a(BLE_HAL_PVT.o)
                0x00000c48                CyBleHal_DisableGlobalInterrupts
 .text.CyBle_HalInit
                0x00000c50       0x18 .\CortexM0\ARM_GCC_484\Debug\BLE Lab 4.a(BLE_HAL_PVT.o)
                0x00000c50                CyBle_HalInit
 .text.CYBLE_BlessStart
                0x00000c68       0x10 .\CortexM0\ARM_GCC_484\Debug\BLE Lab 4.a(BLE_HAL_PVT.o)
                0x00000c68                CYBLE_BlessStart
 .text.BLE_bless_isr_SetVector
                0x00000c78        0xc .\CortexM0\ARM_GCC_484\Debug\BLE Lab 4.a(BLE_bless_isr.o)
                0x00000c78                BLE_bless_isr_SetVector
 .text.BLE_bless_isr_SetPriority
                0x00000c84       0x24 .\CortexM0\ARM_GCC_484\Debug\BLE Lab 4.a(BLE_bless_isr.o)
                0x00000c84                BLE_bless_isr_SetPriority
 .text.BLE_bless_isr_Enable
                0x00000ca8       0x10 .\CortexM0\ARM_GCC_484\Debug\BLE Lab 4.a(BLE_bless_isr.o)
                0x00000ca8                BLE_bless_isr_Enable
 .text.BLE_bless_isr_Disable
                0x00000cb8       0x10 .\CortexM0\ARM_GCC_484\Debug\BLE Lab 4.a(BLE_bless_isr.o)
                0x00000cb8                BLE_bless_isr_Disable
 .text.BLE_bless_isr_StartEx
                0x00000cc8       0x1c .\CortexM0\ARM_GCC_484\Debug\BLE Lab 4.a(BLE_bless_isr.o)
                0x00000cc8                BLE_bless_isr_StartEx
 .text.CySysPmSleep
                0x00000ce4       0x1c .\CortexM0\ARM_GCC_484\Debug\BLE Lab 4.a(cyPm.o)
                0x00000ce4                CySysPmSleep
 .text.CyBLE_Bless_Interrupt
                0x00000d00        0x8 .\CortexM0\ARM_GCC_484\Debug\BLE Lab 4.a(BLE_HAL_INT.o)
                0x00000d00                CyBLE_Bless_Interrupt
 .text          0x00000d08       0x9c d:/program/cy8/psoc creator/3.2/psoc creator/import/gnu/arm/4.8.4/bin/../lib/gcc/arm-none-eabi/4.8.4/armv6-m\libgcc.a(_udivsi3.o)
                0x00000d08                __aeabi_uidiv
                0x00000d08                __udivsi3
                0x00000d90                __aeabi_uidivmod
 .text          0x00000da4       0xc0 d:/program/cy8/psoc creator/3.2/psoc creator/import/gnu/arm/4.8.4/bin/../lib/gcc/arm-none-eabi/4.8.4/armv6-m\libgcc.a(_divsi3.o)
                0x00000da4                __divsi3
                0x00000da4                __aeabi_idiv
                0x00000e50                __aeabi_idivmod
 .text          0x00000e64        0x4 d:/program/cy8/psoc creator/3.2/psoc creator/import/gnu/arm/4.8.4/bin/../lib/gcc/arm-none-eabi/4.8.4/armv6-m\libgcc.a(_dvmd_tls.o)
                0x00000e64                __aeabi_idiv0
                0x00000e64                __aeabi_ldiv0
 .text.__libc_init_array
                0x00000e68       0x4c d:/program/cy8/psoc creator/3.2/psoc creator/import/gnu/arm/4.8.4/bin/../lib/gcc/arm-none-eabi/4.8.4/../../../../arm-none-eabi/lib/armv6-m\libg_s.a(lib_a-init.o)
                0x00000e68                __libc_init_array
 .text.memcmp   0x00000eb4       0x1e d:/program/cy8/psoc creator/3.2/psoc creator/import/gnu/arm/4.8.4/bin/../lib/gcc/arm-none-eabi/4.8.4/../../../../arm-none-eabi/lib/armv6-m\libg_s.a(lib_a-memcmp.o)
                0x00000eb4                memcmp
 .text.memcpy   0x00000ed2       0x12 d:/program/cy8/psoc creator/3.2/psoc creator/import/gnu/arm/4.8.4/bin/../lib/gcc/arm-none-eabi/4.8.4/../../../../arm-none-eabi/lib/armv6-m\libg_s.a(lib_a-memcpy-stub.o)
                0x00000ed2                memcpy
 .text.memset   0x00000ee4       0x10 d:/program/cy8/psoc creator/3.2/psoc creator/import/gnu/arm/4.8.4/bin/../lib/gcc/arm-none-eabi/4.8.4/../../../../arm-none-eabi/lib/armv6-m\libg_s.a(lib_a-memset.o)
                0x00000ee4                memset
 *(.plt)
 *(.gnu.warning)
 *(.glue_7t)
 .glue_7t       0x00000000        0x0 linker stubs
 *(.glue_7)
 .glue_7        0x00000000        0x0 linker stubs
 *(.vfp11_veneer)
 .vfp11_veneer  0x00000000        0x0 linker stubs
 *(.bootloader)
 *(.ARM.extab* .gnu.linkonce.armextab.*)
 *(.gcc_except_table)

.v4_bx          0x00000ef4        0x0
 .v4_bx         0x00000000        0x0 linker stubs

.iplt           0x00000ef4        0x0
 .iplt          0x00000000        0x0 d:/program/cy8/psoc creator/3.2/psoc creator/import/gnu/arm/4.8.4/bin/../lib/gcc/arm-none-eabi/4.8.4/armv6-m/crtbegin.o

i.CyBle_ExitLPM
                0x00000ef4        0x8
 i.CyBle_ExitLPM
                0x00000ef4        0x8 D:\program\CY8\PSoC Creator\3.2\PSoC Creator\psoc\content\cycomponentlibrary\CyComponentLibrary.cylib\BLE_v2_0\Library\gccCyBLEStack_BLE_SOC_PERIPHERAL.a(CyBle.o)
                0x00000ef4                CyBle_ExitLPM

i.CyBle_ProcessEvents
                0x00000efc        0x8
 i.CyBle_ProcessEvents
                0x00000efc        0x8 D:\program\CY8\PSoC Creator\3.2\PSoC Creator\psoc\content\cycomponentlibrary\CyComponentLibrary.cylib\BLE_v2_0\Library\gccCyBLEStack_BLE_SOC_PERIPHERAL.a(CyBle.o)
                0x00000efc                CyBle_ProcessEvents

i.CyBle_SetDeviceAddress
                0x00000f04       0x24
 i.CyBle_SetDeviceAddress
                0x00000f04       0x24 D:\program\CY8\PSoC Creator\3.2\PSoC Creator\psoc\content\cycomponentlibrary\CyComponentLibrary.cylib\BLE_v2_0\Library\gccCyBLEStack_BLE_SOC_PERIPHERAL.a(CyBle.o)
                0x00000f04                CyBle_SetDeviceAddress

i.CyBle_StackInit
                0x00000f28       0x80
 i.CyBle_StackInit
                0x00000f28       0x80 D:\program\CY8\PSoC Creator\3.2\PSoC Creator\psoc\content\cycomponentlibrary\CyComponentLibrary.cylib\BLE_v2_0\Library\gccCyBLEStack_BLE_SOC_PERIPHERAL.a(CyBle.o)
                0x00000f28                CyBle_StackInit

i.CyBleStackMgr_Init
                0x00000fa8       0xb4
 i.CyBleStackMgr_Init
                0x00000fa8       0xb4 D:\program\CY8\PSoC Creator\3.2\PSoC Creator\psoc\content\cycomponentlibrary\CyComponentLibrary.cylib\BLE_v2_0\Library\gccCyBLEStack_BLE_SOC_PERIPHERAL.a(CyBleStackMgrIP_Interface.o)
                0x00000fa8                CyBleStackMgr_Init

i.CyBleStackMgr_ProcessBleEvents
                0x0000105c       0x14
 i.CyBleStackMgr_ProcessBleEvents
                0x0000105c       0x14 D:\program\CY8\PSoC Creator\3.2\PSoC Creator\psoc\content\cycomponentlibrary\CyComponentLibrary.cylib\BLE_v2_0\Library\gccCyBLEStack_BLE_SOC_PERIPHERAL.a(CyBleStackMgrIP_Interface.o)
                0x0000105c                CyBleStackMgr_ProcessBleEvents

i.CyBle_GetHeapMemory
                0x00001070       0x28
 i.CyBle_GetHeapMemory
                0x00001070       0x28 D:\program\CY8\PSoC Creator\3.2\PSoC Creator\psoc\content\cycomponentlibrary\CyComponentLibrary.cylib\BLE_v2_0\Library\gccCyBLEStack_BLE_SOC_PERIPHERAL.a(CyBleStackMgrIP_Interface.o)
                0x00001070                CyBle_GetHeapMemory

i.CyBle_GetNumAppBufferPools
                0x00001098        0xc
 i.CyBle_GetNumAppBufferPools
                0x00001098        0xc D:\program\CY8\PSoC Creator\3.2\PSoC Creator\psoc\content\cycomponentlibrary\CyComponentLibrary.cylib\BLE_v2_0\Library\gccCyBLEStack_BLE_SOC_PERIPHERAL.a(CyBleStackMgrIP_Interface.o)
                0x00001098                CyBle_GetNumAppBufferPools

i.CyBle_GetReservedPoolInfo
                0x000010a4       0x3c
 i.CyBle_GetReservedPoolInfo
                0x000010a4       0x3c D:\program\CY8\PSoC Creator\3.2\PSoC Creator\psoc\content\cycomponentlibrary\CyComponentLibrary.cylib\BLE_v2_0\Library\gccCyBLEStack_BLE_SOC_PERIPHERAL.a(CyBleStackMgrIP_Interface.o)
                0x000010a4                CyBle_GetReservedPoolInfo

i.CyBle_HostStackBufferPoolInit
                0x000010e0       0x7c
 i.CyBle_HostStackBufferPoolInit
                0x000010e0       0x7c D:\program\CY8\PSoC Creator\3.2\PSoC Creator\psoc\content\cycomponentlibrary\CyComponentLibrary.cylib\BLE_v2_0\Library\gccCyBLEStack_BLE_SOC_PERIPHERAL.a(CyBleStackMgrIP_Interface.o)

i.ble_stack_idle_task_callback
                0x0000115c        0x2
 i.ble_stack_idle_task_callback
                0x0000115c        0x2 D:\program\CY8\PSoC Creator\3.2\PSoC Creator\psoc\content\cycomponentlibrary\CyComponentLibrary.cylib\BLE_v2_0\Library\gccCyBLEStack_BLE_SOC_PERIPHERAL.a(CyBleStackMgrIP_Interface.o)
                0x0000115c                ble_stack_idle_task_callback

i.BT_OSFreeBuf  0x00001160       0x20
 i.BT_OSFreeBuf
                0x00001160       0x20 D:\program\CY8\PSoC Creator\3.2\PSoC Creator\psoc\content\cycomponentlibrary\CyComponentLibrary.cylib\BLE_v2_0\Library\gccCyBLEStack_BLE_SOC_PERIPHERAL.a(BT_os.o)
                0x00001160                BT_OSFreeBuf

i.BT_OSGetBuF   0x00001180       0x30
 i.BT_OSGetBuF  0x00001180       0x30 D:\program\CY8\PSoC Creator\3.2\PSoC Creator\psoc\content\cycomponentlibrary\CyComponentLibrary.cylib\BLE_v2_0\Library\gccCyBLEStack_BLE_SOC_PERIPHERAL.a(BT_os.o)
                0x00001180                BT_OSGetBuF

i.BT_OSMemCreate
                0x000011b0       0x3c
 i.BT_OSMemCreate
                0x000011b0       0x3c D:\program\CY8\PSoC Creator\3.2\PSoC Creator\psoc\content\cycomponentlibrary\CyComponentLibrary.cylib\BLE_v2_0\Library\gccCyBLEStack_BLE_SOC_PERIPHERAL.a(BT_os.o)
                0x000011b0                BT_OSMemCreate

i.BT_alloc_mem_ext
                0x000011ec       0x40
 i.BT_alloc_mem_ext
                0x000011ec       0x40 D:\program\CY8\PSoC Creator\3.2\PSoC Creator\psoc\content\cycomponentlibrary\CyComponentLibrary.cylib\BLE_v2_0\Library\gccCyBLEStack_BLE_SOC_PERIPHERAL.a(BT_os.o)
                0x000011ec                BT_alloc_mem_ext

i.BT_buff_alloc_from_cfg_pool_ext
                0x0000122c       0x18
 i.BT_buff_alloc_from_cfg_pool_ext
                0x0000122c       0x18 D:\program\CY8\PSoC Creator\3.2\PSoC Creator\psoc\content\cycomponentlibrary\CyComponentLibrary.cylib\BLE_v2_0\Library\gccCyBLEStack_BLE_SOC_PERIPHERAL.a(BT_os.o)
                0x0000122c                BT_buff_alloc_from_cfg_pool_ext

i.BT_free_mem   0x00001244        0xc
 i.BT_free_mem  0x00001244        0xc D:\program\CY8\PSoC Creator\3.2\PSoC Creator\psoc\content\cycomponentlibrary\CyComponentLibrary.cylib\BLE_v2_0\Library\gccCyBLEStack_BLE_SOC_PERIPHERAL.a(BT_os.o)
                0x00001244                BT_free_mem

i.bt_stack_create_buffer_pool
                0x00001250       0x30
 i.bt_stack_create_buffer_pool
                0x00001250       0x30 D:\program\CY8\PSoC Creator\3.2\PSoC Creator\psoc\content\cycomponentlibrary\CyComponentLibrary.cylib\BLE_v2_0\Library\gccCyBLEStack_BLE_SOC_PERIPHERAL.a(BT_os.o)
                0x00001250                bt_stack_create_buffer_pool

i.CyBle_CheckBleStackTaskStatus
                0x00001280        0x4
 i.CyBle_CheckBleStackTaskStatus
                0x00001280        0x4 D:\program\CY8\PSoC Creator\3.2\PSoC Creator\psoc\content\cycomponentlibrary\CyComponentLibrary.cylib\BLE_v2_0\Library\gccCyBLEStack_BLE_SOC_PERIPHERAL.a(CyBleStackMgr_StackTaskHandler.o)
                0x00001280                CyBle_CheckBleStackTaskStatus

i.CyBle_CreateBleStackTask
                0x00001284       0x2c
 i.CyBle_CreateBleStackTask
                0x00001284       0x2c D:\program\CY8\PSoC Creator\3.2\PSoC Creator\psoc\content\cycomponentlibrary\CyComponentLibrary.cylib\BLE_v2_0\Library\gccCyBLEStack_BLE_SOC_PERIPHERAL.a(CyBleStackMgr_StackTaskHandler.o)
                0x00001284                CyBle_CreateBleStackTask

i.CyBle_SignalBleStackTask
                0x000012b0       0x50
 i.CyBle_SignalBleStackTask
                0x000012b0       0x50 D:\program\CY8\PSoC Creator\3.2\PSoC Creator\psoc\content\cycomponentlibrary\CyComponentLibrary.cylib\BLE_v2_0\Library\gccCyBLEStack_BLE_SOC_PERIPHERAL.a(CyBleStackMgr_StackTaskHandler.o)
                0x000012b0                CyBle_SignalBleStackTask

i.CyBle_StackTaskHandler
                0x00001300       0x5c
 i.CyBle_StackTaskHandler
                0x00001300       0x5c D:\program\CY8\PSoC Creator\3.2\PSoC Creator\psoc\content\cycomponentlibrary\CyComponentLibrary.cylib\BLE_v2_0\Library\gccCyBLEStack_BLE_SOC_PERIPHERAL.a(CyBleStackMgr_StackTaskHandler.o)
                0x00001300                CyBle_StackTaskHandler

i.__ARM_common_switch8
                0x0000135c       0x1a
 i.__ARM_common_switch8
                0x0000135c       0x1a D:\program\CY8\PSoC Creator\3.2\PSoC Creator\psoc\content\cycomponentlibrary\CyComponentLibrary.cylib\BLE_v2_0\Library\gccCyBLEStack_BLE_SOC_PERIPHERAL.a(CyBleStackMgr_StackTaskHandler.o)
                0x0000135c                __ARM_common_switch8

i.hci_soft_transport_notify_data_received
                0x00001378        0xc
 i.hci_soft_transport_notify_data_received
                0x00001378        0xc D:\program\CY8\PSoC Creator\3.2\PSoC Creator\psoc\content\cycomponentlibrary\CyComponentLibrary.cylib\BLE_v2_0\Library\gccCyBLEStack_BLE_SOC_PERIPHERAL.a(transport_sf.o)
                0x00001378                hci_soft_transport_notify_data_received

i.hci_soft_transport_rx_data
                0x00001384       0x40
 i.hci_soft_transport_rx_data
                0x00001384       0x40 D:\program\CY8\PSoC Creator\3.2\PSoC Creator\psoc\content\cycomponentlibrary\CyComponentLibrary.cylib\BLE_v2_0\Library\gccCyBLEStack_BLE_SOC_PERIPHERAL.a(transport_sf.o)
                0x00001384                hci_soft_transport_rx_data

i.hci_transport_bt_init
                0x000013c4        0x2
 i.hci_transport_bt_init
                0x000013c4        0x2 D:\program\CY8\PSoC Creator\3.2\PSoC Creator\psoc\content\cycomponentlibrary\CyComponentLibrary.cylib\BLE_v2_0\Library\gccCyBLEStack_BLE_SOC_PERIPHERAL.a(transport_sf.o)
                0x000013c4                hci_transport_bt_init

i.hci_transport_init
                0x000013c8       0x10
 i.hci_transport_init
                0x000013c8       0x10 D:\program\CY8\PSoC Creator\3.2\PSoC Creator\psoc\content\cycomponentlibrary\CyComponentLibrary.cylib\BLE_v2_0\Library\gccCyBLEStack_BLE_SOC_PERIPHERAL.a(transport_sf.o)
                0x000013c8                hci_transport_init

i.hci_transport_write_data
                0x000013d8       0xd4
 i.hci_transport_write_data
                0x000013d8       0xd4 D:\program\CY8\PSoC Creator\3.2\PSoC Creator\psoc\content\cycomponentlibrary\CyComponentLibrary.cylib\BLE_v2_0\Library\gccCyBLEStack_BLE_SOC_PERIPHERAL.a(transport_sf.o)
                0x000013d8                hci_transport_write_data

i.pf_hci_soft_transport_write
                0x000014ac       0x44
 i.pf_hci_soft_transport_write
                0x000014ac       0x44 D:\program\CY8\PSoC Creator\3.2\PSoC Creator\psoc\content\cycomponentlibrary\CyComponentLibrary.cylib\BLE_v2_0\Library\gccCyBLEStack_BLE_SOC_PERIPHERAL.a(transport_sf.o)
                0x000014ac                pf_hci_soft_transport_write

i.pf_soft_hci_transport_init
                0x000014f0        0xc
 i.pf_soft_hci_transport_init
                0x000014f0        0xc D:\program\CY8\PSoC Creator\3.2\PSoC Creator\psoc\content\cycomponentlibrary\CyComponentLibrary.cylib\BLE_v2_0\Library\gccCyBLEStack_BLE_SOC_PERIPHERAL.a(transport_sf.o)
                0x000014f0                pf_soft_hci_transport_init

i.CyBleStackMgr_GetTime
                0x000014fc       0x14
 i.CyBleStackMgr_GetTime
                0x000014fc       0x14 D:\program\CY8\PSoC Creator\3.2\PSoC Creator\psoc\content\cycomponentlibrary\CyComponentLibrary.cylib\BLE_v2_0\Library\gccCyBLEStack_BLE_SOC_PERIPHERAL.a(CyBleStackMgr_PSoCHal.o)
                0x000014fc                CyBleStackMgr_GetTime

i.CyBleStackMgr_HalInit
                0x00001510       0x24
 i.CyBleStackMgr_HalInit
                0x00001510       0x24 D:\program\CY8\PSoC Creator\3.2\PSoC Creator\psoc\content\cycomponentlibrary\CyComponentLibrary.cylib\BLE_v2_0\Library\gccCyBLEStack_BLE_SOC_PERIPHERAL.a(CyBleStackMgr_PSoCHal.o)
                0x00001510                CyBleStackMgr_HalInit

i.CyBleStackMgr_HalIntrEnable
                0x00001534        0x8
 i.CyBleStackMgr_HalIntrEnable
                0x00001534        0x8 D:\program\CY8\PSoC Creator\3.2\PSoC Creator\psoc\content\cycomponentlibrary\CyComponentLibrary.cylib\BLE_v2_0\Library\gccCyBLEStack_BLE_SOC_PERIPHERAL.a(CyBleStackMgr_PSoCHal.o)
                0x00001534                CyBleStackMgr_HalIntrEnable

i.CyBleStackMgr_HandleLinkLayerTick
                0x0000153c       0x5c
 i.CyBleStackMgr_HandleLinkLayerTick
                0x0000153c       0x5c D:\program\CY8\PSoC Creator\3.2\PSoC Creator\psoc\content\cycomponentlibrary\CyComponentLibrary.cylib\BLE_v2_0\Library\gccCyBLEStack_BLE_SOC_PERIPHERAL.a(CyBleStackMgr_PSoCHal.o)
                0x0000153c                CyBleStackMgr_HandleLinkLayerTick

i.CyBleStackMgr_HciPortInit
                0x00001598        0xc
 i.CyBleStackMgr_HciPortInit
                0x00001598        0xc D:\program\CY8\PSoC Creator\3.2\PSoC Creator\psoc\content\cycomponentlibrary\CyComponentLibrary.cylib\BLE_v2_0\Library\gccCyBLEStack_BLE_SOC_PERIPHERAL.a(CyBleStackMgr_PSoCHal.o)
                0x00001598                CyBleStackMgr_HciPortInit

i.CyBleStackMgr_HciPortReset
                0x000015a4        0x2
 i.CyBleStackMgr_HciPortReset
                0x000015a4        0x2 D:\program\CY8\PSoC Creator\3.2\PSoC Creator\psoc\content\cycomponentlibrary\CyComponentLibrary.cylib\BLE_v2_0\Library\gccCyBLEStack_BLE_SOC_PERIPHERAL.a(CyBleStackMgr_PSoCHal.o)
                0x000015a4                CyBleStackMgr_HciPortReset

i.CyBleStackMgr_HciPortWrite
                0x000015a6        0x8
 i.CyBleStackMgr_HciPortWrite
                0x000015a6        0x8 D:\program\CY8\PSoC Creator\3.2\PSoC Creator\psoc\content\cycomponentlibrary\CyComponentLibrary.cylib\BLE_v2_0\Library\gccCyBLEStack_BLE_SOC_PERIPHERAL.a(CyBleStackMgr_PSoCHal.o)
                0x000015a6                CyBleStackMgr_HciPortWrite

i.CyBleStackMgr_ResetLinkLayerTimerEntity
                0x000015b0       0x14
 i.CyBleStackMgr_ResetLinkLayerTimerEntity
                0x000015b0       0x14 D:\program\CY8\PSoC Creator\3.2\PSoC Creator\psoc\content\cycomponentlibrary\CyComponentLibrary.cylib\BLE_v2_0\Library\gccCyBLEStack_BLE_SOC_PERIPHERAL.a(CyBleStackMgr_PSoCHal.o)
                0x000015b0                CyBleStackMgr_ResetLinkLayerTimerEntity

i.CyBleStackMgr_TimerStart
                0x000015c4       0x2c
 i.CyBleStackMgr_TimerStart
                0x000015c4       0x2c D:\program\CY8\PSoC Creator\3.2\PSoC Creator\psoc\content\cycomponentlibrary\CyComponentLibrary.cylib\BLE_v2_0\Library\gccCyBLEStack_BLE_SOC_PERIPHERAL.a(CyBleStackMgr_PSoCHal.o)
                0x000015c4                CyBleStackMgr_TimerStart

i.CyBleStackMgr_TimerStop
                0x000015f0       0x18
 i.CyBleStackMgr_TimerStop
                0x000015f0       0x18 D:\program\CY8\PSoC Creator\3.2\PSoC Creator\psoc\content\cycomponentlibrary\CyComponentLibrary.cylib\BLE_v2_0\Library\gccCyBLEStack_BLE_SOC_PERIPHERAL.a(CyBleStackMgr_PSoCHal.o)
                0x000015f0                CyBleStackMgr_TimerStop

i.CyBleStackMgr_isTimerRunning
                0x00001608       0x10
 i.CyBleStackMgr_isTimerRunning
                0x00001608       0x10 D:\program\CY8\PSoC Creator\3.2\PSoC Creator\psoc\content\cycomponentlibrary\CyComponentLibrary.cylib\BLE_v2_0\Library\gccCyBLEStack_BLE_SOC_PERIPHERAL.a(CyBleStackMgr_PSoCHal.o)
                0x00001608                CyBleStackMgr_isTimerRunning

i.CyBleAtlantisRadioInit
                0x00001618      0x150
 i.CyBleAtlantisRadioInit
                0x00001618      0x150 D:\program\CY8\PSoC Creator\3.2\PSoC Creator\psoc\content\cycomponentlibrary\CyComponentLibrary.cylib\BLE_v2_0\Library\gccCyBLEStack_BLE_SOC_PERIPHERAL.a(CyBleStackMgr_BleSSDriver.o)

i.CyBleStackMgr_BleSSFifoRead
                0x00001768       0x38
 i.CyBleStackMgr_BleSSFifoRead
                0x00001768       0x38 D:\program\CY8\PSoC Creator\3.2\PSoC Creator\psoc\content\cycomponentlibrary\CyComponentLibrary.cylib\BLE_v2_0\Library\gccCyBLEStack_BLE_SOC_PERIPHERAL.a(CyBleStackMgr_BleSSDriver.o)
                0x00001768                CyBleStackMgr_BleSSFifoRead

i.CyBleStackMgr_BleSSFifoWrite
                0x000017a0       0x30
 i.CyBleStackMgr_BleSSFifoWrite
                0x000017a0       0x30 D:\program\CY8\PSoC Creator\3.2\PSoC Creator\psoc\content\cycomponentlibrary\CyComponentLibrary.cylib\BLE_v2_0\Library\gccCyBLEStack_BLE_SOC_PERIPHERAL.a(CyBleStackMgr_BleSSDriver.o)
                0x000017a0                CyBleStackMgr_BleSSFifoWrite

i.CyBleStackMgr_BleSSInit
                0x000017d0       0x50
 i.CyBleStackMgr_BleSSInit
                0x000017d0       0x50 D:\program\CY8\PSoC Creator\3.2\PSoC Creator\psoc\content\cycomponentlibrary\CyComponentLibrary.cylib\BLE_v2_0\Library\gccCyBLEStack_BLE_SOC_PERIPHERAL.a(CyBleStackMgr_BleSSDriver.o)
                0x000017d0                CyBleStackMgr_BleSSInit

i.CyBleStackMgr_BleSSMemRead
                0x00001820       0x26
 i.CyBleStackMgr_BleSSMemRead
                0x00001820       0x26 D:\program\CY8\PSoC Creator\3.2\PSoC Creator\psoc\content\cycomponentlibrary\CyComponentLibrary.cylib\BLE_v2_0\Library\gccCyBLEStack_BLE_SOC_PERIPHERAL.a(CyBleStackMgr_BleSSDriver.o)
                0x00001820                CyBleStackMgr_BleSSMemRead

i.CyBleStackMgr_BleSSMemWrite
                0x00001848       0x34
 i.CyBleStackMgr_BleSSMemWrite
                0x00001848       0x34 D:\program\CY8\PSoC Creator\3.2\PSoC Creator\psoc\content\cycomponentlibrary\CyComponentLibrary.cylib\BLE_v2_0\Library\gccCyBLEStack_BLE_SOC_PERIPHERAL.a(CyBleStackMgr_BleSSDriver.o)
                0x00001848                CyBleStackMgr_BleSSMemWrite

i.CyBleStackMgr_BleSSRegRead
                0x0000187c        0xc
 i.CyBleStackMgr_BleSSRegRead
                0x0000187c        0xc D:\program\CY8\PSoC Creator\3.2\PSoC Creator\psoc\content\cycomponentlibrary\CyComponentLibrary.cylib\BLE_v2_0\Library\gccCyBLEStack_BLE_SOC_PERIPHERAL.a(CyBleStackMgr_BleSSDriver.o)
                0x0000187c                CyBleStackMgr_BleSSRegRead

i.CyBleStackMgr_BleSSRegWrite
                0x00001888        0xc
 i.CyBleStackMgr_BleSSRegWrite
                0x00001888        0xc D:\program\CY8\PSoC Creator\3.2\PSoC Creator\psoc\content\cycomponentlibrary\CyComponentLibrary.cylib\BLE_v2_0\Library\gccCyBLEStack_BLE_SOC_PERIPHERAL.a(CyBleStackMgr_BleSSDriver.o)
                0x00001888                CyBleStackMgr_BleSSRegWrite

i.CyBleStackMgr_BleSSReset
                0x00001894       0x38
 i.CyBleStackMgr_BleSSReset
                0x00001894       0x38 D:\program\CY8\PSoC Creator\3.2\PSoC Creator\psoc\content\cycomponentlibrary\CyComponentLibrary.cylib\BLE_v2_0\Library\gccCyBLEStack_BLE_SOC_PERIPHERAL.a(CyBleStackMgr_BleSSDriver.o)
                0x00001894                CyBleStackMgr_BleSSReset

i.CyBleStackMgr_GenericIface
                0x000018cc       0x3c
 i.CyBleStackMgr_GenericIface
                0x000018cc       0x3c D:\program\CY8\PSoC Creator\3.2\PSoC Creator\psoc\content\cycomponentlibrary\CyComponentLibrary.cylib\BLE_v2_0\Library\gccCyBLEStack_BLE_SOC_PERIPHERAL.a(CyBleStackMgr_BleSSDriver.o)
                0x000018cc                CyBleStackMgr_GenericIface

i.CyBleStackMgr_HandleBleSSIntr
                0x00001908       0x90
 i.CyBleStackMgr_HandleBleSSIntr
                0x00001908       0x90 D:\program\CY8\PSoC Creator\3.2\PSoC Creator\psoc\content\cycomponentlibrary\CyComponentLibrary.cylib\BLE_v2_0\Library\gccCyBLEStack_BLE_SOC_PERIPHERAL.a(CyBleStackMgr_BleSSDriver.o)
                0x00001908                CyBleStackMgr_HandleBleSSIntr

i.CyBleStackMgr_SetClockParam
                0x00001998       0xb4
 i.CyBleStackMgr_SetClockParam
                0x00001998       0xb4 D:\program\CY8\PSoC Creator\3.2\PSoC Creator\psoc\content\cycomponentlibrary\CyComponentLibrary.cylib\BLE_v2_0\Library\gccCyBLEStack_BLE_SOC_PERIPHERAL.a(CyBleStackMgr_BleSSDriver.o)

i.CyBle_ExitDsmMode
                0x00001a4c       0x2c
 i.CyBle_ExitDsmMode
                0x00001a4c       0x2c D:\program\CY8\PSoC Creator\3.2\PSoC Creator\psoc\content\cycomponentlibrary\CyComponentLibrary.cylib\BLE_v2_0\Library\gccCyBLEStack_BLE_SOC_PERIPHERAL.a(CyBleStackMgr_BleSSDriver.o)
                0x00001a4c                CyBle_ExitDsmMode

i.CyBle_GetBleSsOperationalMode
                0x00001a78        0xc
 i.CyBle_GetBleSsOperationalMode
                0x00001a78        0xc D:\program\CY8\PSoC Creator\3.2\PSoC Creator\psoc\content\cycomponentlibrary\CyComponentLibrary.cylib\BLE_v2_0\Library\gccCyBLEStack_BLE_SOC_PERIPHERAL.a(CyBleStackMgr_BleSSDriver.o)
                0x00001a78                CyBle_GetBleSsOperationalMode

i.CyBle_GetLpMode
                0x00001a84       0x26
 i.CyBle_GetLpMode
                0x00001a84       0x26 D:\program\CY8\PSoC Creator\3.2\PSoC Creator\psoc\content\cycomponentlibrary\CyComponentLibrary.cylib\BLE_v2_0\Library\gccCyBLEStack_BLE_SOC_PERIPHERAL.a(CyBleStackMgr_BleSSDriver.o)
                0x00001a84                CyBle_GetLpMode

i.CyBle_GetTxGainMode
                0x00001aac       0x2c
 i.CyBle_GetTxGainMode
                0x00001aac       0x2c D:\program\CY8\PSoC Creator\3.2\PSoC Creator\psoc\content\cycomponentlibrary\CyComponentLibrary.cylib\BLE_v2_0\Library\gccCyBLEStack_BLE_SOC_PERIPHERAL.a(CyBleStackMgr_BleSSDriver.o)
                0x00001aac                CyBle_GetTxGainMode

i.CyBle_SetBleSsOperationalMode
                0x00001ad8       0x20
 i.CyBle_SetBleSsOperationalMode
                0x00001ad8       0x20 D:\program\CY8\PSoC Creator\3.2\PSoC Creator\psoc\content\cycomponentlibrary\CyComponentLibrary.cylib\BLE_v2_0\Library\gccCyBLEStack_BLE_SOC_PERIPHERAL.a(CyBleStackMgr_BleSSDriver.o)
                0x00001ad8                CyBle_SetBleSsOperationalMode

i.CyBle_SetEventCloseState
                0x00001af8        0xc
 i.CyBle_SetEventCloseState
                0x00001af8        0xc D:\program\CY8\PSoC Creator\3.2\PSoC Creator\psoc\content\cycomponentlibrary\CyComponentLibrary.cylib\BLE_v2_0\Library\gccCyBLEStack_BLE_SOC_PERIPHERAL.a(CyBleStackMgr_BleSSDriver.o)
                0x00001af8                CyBle_SetEventCloseState

i.CyBle_SetRxGainMode
                0x00001b04       0x20
 i.CyBle_SetRxGainMode
                0x00001b04       0x20 D:\program\CY8\PSoC Creator\3.2\PSoC Creator\psoc\content\cycomponentlibrary\CyComponentLibrary.cylib\BLE_v2_0\Library\gccCyBLEStack_BLE_SOC_PERIPHERAL.a(CyBleStackMgr_BleSSDriver.o)
                0x00001b04                CyBle_SetRxGainMode

i.CyBle_SetTxGainMode
                0x00001b24       0x38
 i.CyBle_SetTxGainMode
                0x00001b24       0x38 D:\program\CY8\PSoC Creator\3.2\PSoC Creator\psoc\content\cycomponentlibrary\CyComponentLibrary.cylib\BLE_v2_0\Library\gccCyBLEStack_BLE_SOC_PERIPHERAL.a(CyBleStackMgr_BleSSDriver.o)
                0x00001b24                CyBle_SetTxGainMode

i.pf_rf_get_abs_rssi
                0x00001b5c       0x24
 i.pf_rf_get_abs_rssi
                0x00001b5c       0x24 D:\program\CY8\PSoC Creator\3.2\PSoC Creator\psoc\content\cycomponentlibrary\CyComponentLibrary.cylib\BLE_v2_0\Library\gccCyBLEStack_BLE_SOC_PERIPHERAL.a(CyBleStackMgr_BleSSDriver.o)
                0x00001b5c                pf_rf_get_abs_rssi

i.OS_init       0x00001b80       0x64
 i.OS_init      0x00001b80       0x64 D:\program\CY8\PSoC Creator\3.2\PSoC Creator\psoc\content\cycomponentlibrary\CyComponentLibrary.cylib\BLE_v2_0\Library\gccCyBLEStack_BLE_SOC_PERIPHERAL.a(mint_os.o)
                0x00001b80                OS_init

i.mintos_malloc
                0x00001be4       0x34
 i.mintos_malloc
                0x00001be4       0x34 D:\program\CY8\PSoC Creator\3.2\PSoC Creator\psoc\content\cycomponentlibrary\CyComponentLibrary.cylib\BLE_v2_0\Library\gccCyBLEStack_BLE_SOC_PERIPHERAL.a(mint_os.o)
                0x00001be4                mintos_malloc

i.OS_create_queue
                0x00001c18       0x64
 i.OS_create_queue
                0x00001c18       0x64 D:\program\CY8\PSoC Creator\3.2\PSoC Creator\psoc\content\cycomponentlibrary\CyComponentLibrary.cylib\BLE_v2_0\Library\gccCyBLEStack_BLE_SOC_PERIPHERAL.a(mint_os_queue.o)
                0x00001c18                OS_create_queue

i.OS_enqueue_item
                0x00001c7c       0x8c
 i.OS_enqueue_item
                0x00001c7c       0x8c D:\program\CY8\PSoC Creator\3.2\PSoC Creator\psoc\content\cycomponentlibrary\CyComponentLibrary.cylib\BLE_v2_0\Library\gccCyBLEStack_BLE_SOC_PERIPHERAL.a(mint_os_queue.o)
                0x00001c7c                OS_enqueue_item

i.OS_queue_get_num_of_items
                0x00001d08       0x28
 i.OS_queue_get_num_of_items
                0x00001d08       0x28 D:\program\CY8\PSoC Creator\3.2\PSoC Creator\psoc\content\cycomponentlibrary\CyComponentLibrary.cylib\BLE_v2_0\Library\gccCyBLEStack_BLE_SOC_PERIPHERAL.a(mint_os_queue.o)
                0x00001d08                OS_queue_get_num_of_items

i.OS_queue_mgmt_init
                0x00001d30       0x40
 i.OS_queue_mgmt_init
                0x00001d30       0x40 D:\program\CY8\PSoC Creator\3.2\PSoC Creator\psoc\content\cycomponentlibrary\CyComponentLibrary.cylib\BLE_v2_0\Library\gccCyBLEStack_BLE_SOC_PERIPHERAL.a(mint_os_queue.o)
                0x00001d30                OS_queue_mgmt_init

i.OS_remove_item
                0x00001d70       0xa0
 i.OS_remove_item
                0x00001d70       0xa0 D:\program\CY8\PSoC Creator\3.2\PSoC Creator\psoc\content\cycomponentlibrary\CyComponentLibrary.cylib\BLE_v2_0\Library\gccCyBLEStack_BLE_SOC_PERIPHERAL.a(mint_os_queue.o)
                0x00001d70                OS_remove_item

i.OS_create_task
                0x00001e10       0x88
 i.OS_create_task
                0x00001e10       0x88 D:\program\CY8\PSoC Creator\3.2\PSoC Creator\psoc\content\cycomponentlibrary\CyComponentLibrary.cylib\BLE_v2_0\Library\gccCyBLEStack_BLE_SOC_PERIPHERAL.a(mint_os_task.o)
                0x00001e10                OS_create_task

i.OS_isr_send_signal_to_task
                0x00001e98        0xc
 i.OS_isr_send_signal_to_task
                0x00001e98        0xc D:\program\CY8\PSoC Creator\3.2\PSoC Creator\psoc\content\cycomponentlibrary\CyComponentLibrary.cylib\BLE_v2_0\Library\gccCyBLEStack_BLE_SOC_PERIPHERAL.a(mint_os_task.o)
                0x00001e98                OS_isr_send_signal_to_task

i.OS_scheduler  0x00001ea4       0x64
 i.OS_scheduler
                0x00001ea4       0x64 D:\program\CY8\PSoC Creator\3.2\PSoC Creator\psoc\content\cycomponentlibrary\CyComponentLibrary.cylib\BLE_v2_0\Library\gccCyBLEStack_BLE_SOC_PERIPHERAL.a(mint_os_task.o)
                0x00001ea4                OS_scheduler

i.OS_send_signal_to_task
                0x00001f08        0xc
 i.OS_send_signal_to_task
                0x00001f08        0xc D:\program\CY8\PSoC Creator\3.2\PSoC Creator\psoc\content\cycomponentlibrary\CyComponentLibrary.cylib\BLE_v2_0\Library\gccCyBLEStack_BLE_SOC_PERIPHERAL.a(mint_os_task.o)
                0x00001f08                OS_send_signal_to_task

i.OS_send_signal_to_task_context
                0x00001f14       0x3c
 i.OS_send_signal_to_task_context
                0x00001f14       0x3c D:\program\CY8\PSoC Creator\3.2\PSoC Creator\psoc\content\cycomponentlibrary\CyComponentLibrary.cylib\BLE_v2_0\Library\gccCyBLEStack_BLE_SOC_PERIPHERAL.a(mint_os_task.o)

i.OS_task_mgmt_init
                0x00001f50       0x50
 i.OS_task_mgmt_init
                0x00001f50       0x50 D:\program\CY8\PSoC Creator\3.2\PSoC Creator\psoc\content\cycomponentlibrary\CyComponentLibrary.cylib\BLE_v2_0\Library\gccCyBLEStack_BLE_SOC_PERIPHERAL.a(mint_os_task.o)
                0x00001f50                OS_task_mgmt_init

i.mint_buf_mgmt_allocate_buffer
                0x00001fa0       0x4c
 i.mint_buf_mgmt_allocate_buffer
                0x00001fa0       0x4c D:\program\CY8\PSoC Creator\3.2\PSoC Creator\psoc\content\cycomponentlibrary\CyComponentLibrary.cylib\BLE_v2_0\Library\gccCyBLEStack_BLE_SOC_PERIPHERAL.a(mint_buf_mgmt.o)
                0x00001fa0                mint_buf_mgmt_allocate_buffer

i.mint_buf_mgmt_create_pool
                0x00001fec       0xd0
 i.mint_buf_mgmt_create_pool
                0x00001fec       0xd0 D:\program\CY8\PSoC Creator\3.2\PSoC Creator\psoc\content\cycomponentlibrary\CyComponentLibrary.cylib\BLE_v2_0\Library\gccCyBLEStack_BLE_SOC_PERIPHERAL.a(mint_buf_mgmt.o)
                0x00001fec                mint_buf_mgmt_create_pool

i.mint_buf_mgmt_free_buffer
                0x000020bc       0xa4
 i.mint_buf_mgmt_free_buffer
                0x000020bc       0xa4 D:\program\CY8\PSoC Creator\3.2\PSoC Creator\psoc\content\cycomponentlibrary\CyComponentLibrary.cylib\BLE_v2_0\Library\gccCyBLEStack_BLE_SOC_PERIPHERAL.a(mint_buf_mgmt.o)
                0x000020bc                mint_buf_mgmt_free_buffer

i.mint_buf_mgmt_init
                0x00002160       0x44
 i.mint_buf_mgmt_init
                0x00002160       0x44 D:\program\CY8\PSoC Creator\3.2\PSoC Creator\psoc\content\cycomponentlibrary\CyComponentLibrary.cylib\BLE_v2_0\Library\gccCyBLEStack_BLE_SOC_PERIPHERAL.a(mint_buf_mgmt.o)
                0x00002160                mint_buf_mgmt_init

i.mint_buf_mgmt_malloc
                0x000021a4       0x2c
 i.mint_buf_mgmt_malloc
                0x000021a4       0x2c D:\program\CY8\PSoC Creator\3.2\PSoC Creator\psoc\content\cycomponentlibrary\CyComponentLibrary.cylib\BLE_v2_0\Library\gccCyBLEStack_BLE_SOC_PERIPHERAL.a(mint_buf_mgmt.o)
                0x000021a4                mint_buf_mgmt_malloc

i.mint_buf_mgmt_pl_init
                0x000021d0       0x40
 i.mint_buf_mgmt_pl_init
                0x000021d0       0x40 D:\program\CY8\PSoC Creator\3.2\PSoC Creator\psoc\content\cycomponentlibrary\CyComponentLibrary.cylib\BLE_v2_0\Library\gccCyBLEStack_BLE_SOC_PERIPHERAL.a(mint_buf_mgmt.o)
                0x000021d0                mint_buf_mgmt_pl_init

i.mint_buf_mgmt_reset_pool
                0x00002210       0x70
 i.mint_buf_mgmt_reset_pool
                0x00002210       0x70 D:\program\CY8\PSoC Creator\3.2\PSoC Creator\psoc\content\cycomponentlibrary\CyComponentLibrary.cylib\BLE_v2_0\Library\gccCyBLEStack_BLE_SOC_PERIPHERAL.a(mint_buf_mgmt.o)
                0x00002210                mint_buf_mgmt_reset_pool

i.mint_buf_mgmt_stack_init
                0x00002280       0x24
 i.mint_buf_mgmt_stack_init
                0x00002280       0x24 D:\program\CY8\PSoC Creator\3.2\PSoC Creator\psoc\content\cycomponentlibrary\CyComponentLibrary.cylib\BLE_v2_0\Library\gccCyBLEStack_BLE_SOC_PERIPHERAL.a(mint_buf_mgmt.o)
                0x00002280                mint_buf_mgmt_stack_init

i.mint_buf_mgmt_stack_pop
                0x000022a4       0x36
 i.mint_buf_mgmt_stack_pop
                0x000022a4       0x36 D:\program\CY8\PSoC Creator\3.2\PSoC Creator\psoc\content\cycomponentlibrary\CyComponentLibrary.cylib\BLE_v2_0\Library\gccCyBLEStack_BLE_SOC_PERIPHERAL.a(mint_buf_mgmt.o)
                0x000022a4                mint_buf_mgmt_stack_pop

i.mint_buf_mgmt_stack_push
                0x000022da       0x36
 i.mint_buf_mgmt_stack_push
                0x000022da       0x36 D:\program\CY8\PSoC Creator\3.2\PSoC Creator\psoc\content\cycomponentlibrary\CyComponentLibrary.cylib\BLE_v2_0\Library\gccCyBLEStack_BLE_SOC_PERIPHERAL.a(mint_buf_mgmt.o)
                0x000022da                mint_buf_mgmt_stack_push

i.mint_buf_mgmt_stack_reset
                0x00002310       0x1e
 i.mint_buf_mgmt_stack_reset
                0x00002310       0x1e D:\program\CY8\PSoC Creator\3.2\PSoC Creator\psoc\content\cycomponentlibrary\CyComponentLibrary.cylib\BLE_v2_0\Library\gccCyBLEStack_BLE_SOC_PERIPHERAL.a(mint_buf_mgmt.o)
                0x00002310                mint_buf_mgmt_stack_reset

i.mint_buf_mgmt_stack_search_item
                0x0000232e       0x30
 i.mint_buf_mgmt_stack_search_item
                0x0000232e       0x30 D:\program\CY8\PSoC Creator\3.2\PSoC Creator\psoc\content\cycomponentlibrary\CyComponentLibrary.cylib\BLE_v2_0\Library\gccCyBLEStack_BLE_SOC_PERIPHERAL.a(mint_buf_mgmt.o)
                0x0000232e                mint_buf_mgmt_stack_search_item

i.CyBleControllerIP_GetPingState
                0x00002360        0xc
 i.CyBleControllerIP_GetPingState
                0x00002360        0xc D:\program\CY8\PSoC Creator\3.2\PSoC Creator\psoc\content\cycomponentlibrary\CyComponentLibrary.cylib\BLE_v2_0\Library\gccCyBLEStack_BLE_SOC_PERIPHERAL.a(CyBleControllerIP_Interface.o)
                0x00002360                CyBleControllerIP_GetPingState

i.CyBleController_AddDeviceToWhiteList
                0x0000236c       0x40
 i.CyBleController_AddDeviceToWhiteList
                0x0000236c       0x40 D:\program\CY8\PSoC Creator\3.2\PSoC Creator\psoc\content\cycomponentlibrary\CyComponentLibrary.cylib\BLE_v2_0\Library\gccCyBLEStack_BLE_SOC_PERIPHERAL.a(CyBleControllerIP_Interface.o)
                0x0000236c                CyBleController_AddDeviceToWhiteList

i.CyBleController_ExitLowPowerMode
                0x000023ac       0x10
 i.CyBleController_ExitLowPowerMode
                0x000023ac       0x10 D:\program\CY8\PSoC Creator\3.2\PSoC Creator\psoc\content\cycomponentlibrary\CyComponentLibrary.cylib\BLE_v2_0\Library\gccCyBLEStack_BLE_SOC_PERIPHERAL.a(CyBleControllerIP_Interface.o)
                0x000023ac                CyBleController_ExitLowPowerMode

i.CyBleController_Init
                0x000023bc       0x32
 i.CyBleController_Init
                0x000023bc       0x32 D:\program\CY8\PSoC Creator\3.2\PSoC Creator\psoc\content\cycomponentlibrary\CyComponentLibrary.cylib\BLE_v2_0\Library\gccCyBLEStack_BLE_SOC_PERIPHERAL.a(CyBleControllerIP_Interface.o)
                0x000023bc                CyBleController_Init

i.CyBleController_SetDeviceAddress
                0x000023ee       0x2e
 i.CyBleController_SetDeviceAddress
                0x000023ee       0x2e D:\program\CY8\PSoC Creator\3.2\PSoC Creator\psoc\content\cycomponentlibrary\CyComponentLibrary.cylib\BLE_v2_0\Library\gccCyBLEStack_BLE_SOC_PERIPHERAL.a(CyBleControllerIP_Interface.o)
                0x000023ee                CyBleController_SetDeviceAddress

i.CyBle_GetTxPowerLevel
                0x0000241c       0x4e
 i.CyBle_GetTxPowerLevel
                0x0000241c       0x4e D:\program\CY8\PSoC Creator\3.2\PSoC Creator\psoc\content\cycomponentlibrary\CyComponentLibrary.cylib\BLE_v2_0\Library\gccCyBLEStack_BLE_SOC_PERIPHERAL.a(CyBleControllerIP_Interface.o)
                0x0000241c                CyBle_GetTxPowerLevel

i.CyBle_SetTxPowerLevel
                0x0000246a       0x56
 i.CyBle_SetTxPowerLevel
                0x0000246a       0x56 D:\program\CY8\PSoC Creator\3.2\PSoC Creator\psoc\content\cycomponentlibrary\CyComponentLibrary.cylib\BLE_v2_0\Library\gccCyBLEStack_BLE_SOC_PERIPHERAL.a(CyBleControllerIP_Interface.o)
                0x0000246a                CyBle_SetTxPowerLevel

i.ll_check_and_mark_packet_ready_for_transmission
                0x000024c0       0x28
 i.ll_check_and_mark_packet_ready_for_transmission
                0x000024c0       0x28 D:\program\CY8\PSoC Creator\3.2\PSoC Creator\psoc\content\cycomponentlibrary\CyComponentLibrary.cylib\BLE_v2_0\Library\gccCyBLEStack_BLE_SOC_PERIPHERAL.a(ll.o)
                0x000024c0                ll_check_and_mark_packet_ready_for_transmission

i.ll_cleanup_pending_data_pdu
                0x000024e8       0x38
 i.ll_cleanup_pending_data_pdu
                0x000024e8       0x38 D:\program\CY8\PSoC Creator\3.2\PSoC Creator\psoc\content\cycomponentlibrary\CyComponentLibrary.cylib\BLE_v2_0\Library\gccCyBLEStack_BLE_SOC_PERIPHERAL.a(ll.o)
                0x000024e8                ll_cleanup_pending_data_pdu

i.ll_exit_low_power_mode
                0x00002520       0xac
 i.ll_exit_low_power_mode
                0x00002520       0xac D:\program\CY8\PSoC Creator\3.2\PSoC Creator\psoc\content\cycomponentlibrary\CyComponentLibrary.cylib\BLE_v2_0\Library\gccCyBLEStack_BLE_SOC_PERIPHERAL.a(ll.o)
                0x00002520                ll_exit_low_power_mode

i.ll_get_ack_status
                0x000025cc       0x3c
 i.ll_get_ack_status
                0x000025cc       0x3c D:\program\CY8\PSoC Creator\3.2\PSoC Creator\psoc\content\cycomponentlibrary\CyComponentLibrary.cylib\BLE_v2_0\Library\gccCyBLEStack_BLE_SOC_PERIPHERAL.a(ll.o)
                0x000025cc                ll_get_ack_status

i.ll_get_adv_ch_tx_power
                0x00002608       0x20
 i.ll_get_adv_ch_tx_power
                0x00002608       0x20 D:\program\CY8\PSoC Creator\3.2\PSoC Creator\psoc\content\cycomponentlibrary\CyComponentLibrary.cylib\BLE_v2_0\Library\gccCyBLEStack_BLE_SOC_PERIPHERAL.a(ll.o)
                0x00002608                ll_get_adv_ch_tx_power

i.ll_get_data_channel_map
                0x00002628       0x24
 i.ll_get_data_channel_map
                0x00002628       0x24 D:\program\CY8\PSoC Creator\3.2\PSoC Creator\psoc\content\cycomponentlibrary\CyComponentLibrary.cylib\BLE_v2_0\Library\gccCyBLEStack_BLE_SOC_PERIPHERAL.a(ll.o)
                0x00002628                ll_get_data_channel_map

i.ll_get_max_white_list_size
                0x0000264c        0xc
 i.ll_get_max_white_list_size
                0x0000264c        0xc D:\program\CY8\PSoC Creator\3.2\PSoC Creator\psoc\content\cycomponentlibrary\CyComponentLibrary.cylib\BLE_v2_0\Library\gccCyBLEStack_BLE_SOC_PERIPHERAL.a(ll.o)
                0x0000264c                ll_get_max_white_list_size

i.ll_get_my_role
                0x00002658        0xc
 i.ll_get_my_role
                0x00002658        0xc D:\program\CY8\PSoC Creator\3.2\PSoC Creator\psoc\content\cycomponentlibrary\CyComponentLibrary.cylib\BLE_v2_0\Library\gccCyBLEStack_BLE_SOC_PERIPHERAL.a(ll.o)
                0x00002658                ll_get_my_role

i.ll_get_next_available_fifo_for_data_pdu
                0x00002664        0x8
 i.ll_get_next_available_fifo_for_data_pdu
                0x00002664        0x8 D:\program\CY8\PSoC Creator\3.2\PSoC Creator\psoc\content\cycomponentlibrary\CyComponentLibrary.cylib\BLE_v2_0\Library\gccCyBLEStack_BLE_SOC_PERIPHERAL.a(ll.o)
                0x00002664                ll_get_next_available_fifo_for_data_pdu

i.ll_get_next_available_fifo_for_ll_pdu
                0x0000266c       0x24
 i.ll_get_next_available_fifo_for_ll_pdu
                0x0000266c       0x24 D:\program\CY8\PSoC Creator\3.2\PSoC Creator\psoc\content\cycomponentlibrary\CyComponentLibrary.cylib\BLE_v2_0\Library\gccCyBLEStack_BLE_SOC_PERIPHERAL.a(ll.o)
                0x0000266c                ll_get_next_available_fifo_for_ll_pdu

i.ll_get_rssi_value
                0x00002690       0x26
 i.ll_get_rssi_value
                0x00002690       0x26 D:\program\CY8\PSoC Creator\3.2\PSoC Creator\psoc\content\cycomponentlibrary\CyComponentLibrary.cylib\BLE_v2_0\Library\gccCyBLEStack_BLE_SOC_PERIPHERAL.a(ll.o)
                0x00002690                ll_get_rssi_value

i.ll_get_transmit_power_level
                0x000026b8       0x2c
 i.ll_get_transmit_power_level
                0x000026b8       0x2c D:\program\CY8\PSoC Creator\3.2\PSoC Creator\psoc\content\cycomponentlibrary\CyComponentLibrary.cylib\BLE_v2_0\Library\gccCyBLEStack_BLE_SOC_PERIPHERAL.a(ll.o)
                0x000026b8                ll_get_transmit_power_level

i.ll_handle_ack_received
                0x000026e4       0x74
 i.ll_handle_ack_received
                0x000026e4       0x74 D:\program\CY8\PSoC Creator\3.2\PSoC Creator\psoc\content\cycomponentlibrary\CyComponentLibrary.cylib\BLE_v2_0\Library\gccCyBLEStack_BLE_SOC_PERIPHERAL.a(ll.o)
                0x000026e4                ll_handle_ack_received

i.ll_handle_add_device_in_whitelist
                0x00002758       0x3a
 i.ll_handle_add_device_in_whitelist
                0x00002758       0x3a D:\program\CY8\PSoC Creator\3.2\PSoC Creator\psoc\content\cycomponentlibrary\CyComponentLibrary.cylib\BLE_v2_0\Library\gccCyBLEStack_BLE_SOC_PERIPHERAL.a(ll.o)
                0x00002758                ll_handle_add_device_in_whitelist

i.ll_handle_clear_whitelist
                0x00002792       0x16
 i.ll_handle_clear_whitelist
                0x00002792       0x16 D:\program\CY8\PSoC Creator\3.2\PSoC Creator\psoc\content\cycomponentlibrary\CyComponentLibrary.cylib\BLE_v2_0\Library\gccCyBLEStack_BLE_SOC_PERIPHERAL.a(ll.o)
                0x00002792                ll_handle_clear_whitelist

i.ll_handle_encrypt_host_data
                0x000027a8       0x36
 i.ll_handle_encrypt_host_data
                0x000027a8       0x36 D:\program\CY8\PSoC Creator\3.2\PSoC Creator\psoc\content\cycomponentlibrary\CyComponentLibrary.cylib\BLE_v2_0\Library\gccCyBLEStack_BLE_SOC_PERIPHERAL.a(ll.o)
                0x000027a8                ll_handle_encrypt_host_data

i.ll_handle_host_data_packet
                0x000027de       0x54
 i.ll_handle_host_data_packet
                0x000027de       0x54 D:\program\CY8\PSoC Creator\3.2\PSoC Creator\psoc\content\cycomponentlibrary\CyComponentLibrary.cylib\BLE_v2_0\Library\gccCyBLEStack_BLE_SOC_PERIPHERAL.a(ll.o)
                0x000027de                ll_handle_host_data_packet

i.ll_handle_read_host_channel_map
                0x00002832        0x4
 i.ll_handle_read_host_channel_map
                0x00002832        0x4 D:\program\CY8\PSoC Creator\3.2\PSoC Creator\psoc\content\cycomponentlibrary\CyComponentLibrary.cylib\BLE_v2_0\Library\gccCyBLEStack_BLE_SOC_PERIPHERAL.a(ll.o)
                0x00002832                ll_handle_read_host_channel_map

i.ll_handle_remove_device_in_whitelist
                0x00002836       0x2a
 i.ll_handle_remove_device_in_whitelist
                0x00002836       0x2a D:\program\CY8\PSoC Creator\3.2\PSoC Creator\psoc\content\cycomponentlibrary\CyComponentLibrary.cylib\BLE_v2_0\Library\gccCyBLEStack_BLE_SOC_PERIPHERAL.a(ll.o)
                0x00002836                ll_handle_remove_device_in_whitelist

i.ll_handle_reset
                0x00002860        0xe
 i.ll_handle_reset
                0x00002860        0xe D:\program\CY8\PSoC Creator\3.2\PSoC Creator\psoc\content\cycomponentlibrary\CyComponentLibrary.cylib\BLE_v2_0\Library\gccCyBLEStack_BLE_SOC_PERIPHERAL.a(ll.o)
                0x00002860                ll_handle_reset

i.ll_handle_set_random_address
                0x0000286e       0x36
 i.ll_handle_set_random_address
                0x0000286e       0x36 D:\program\CY8\PSoC Creator\3.2\PSoC Creator\psoc\content\cycomponentlibrary\CyComponentLibrary.cylib\BLE_v2_0\Library\gccCyBLEStack_BLE_SOC_PERIPHERAL.a(ll.o)
                0x0000286e                ll_handle_set_random_address

i.ll_init       0x000028a4       0x18
 i.ll_init      0x000028a4       0x18 D:\program\CY8\PSoC Creator\3.2\PSoC Creator\psoc\content\cycomponentlibrary\CyComponentLibrary.cylib\BLE_v2_0\Library\gccCyBLEStack_BLE_SOC_PERIPHERAL.a(ll.o)
                0x000028a4                ll_init

i.ll_initialize_device_attributes
                0x000028bc       0x4c
 i.ll_initialize_device_attributes
                0x000028bc       0x4c D:\program\CY8\PSoC Creator\3.2\PSoC Creator\psoc\content\cycomponentlibrary\CyComponentLibrary.cylib\BLE_v2_0\Library\gccCyBLEStack_BLE_SOC_PERIPHERAL.a(ll.o)
                0x000028bc                ll_initialize_device_attributes

i.ll_is_pkt_pending
                0x00002908       0x2a
 i.ll_is_pkt_pending
                0x00002908       0x2a D:\program\CY8\PSoC Creator\3.2\PSoC Creator\psoc\content\cycomponentlibrary\CyComponentLibrary.cylib\BLE_v2_0\Library\gccCyBLEStack_BLE_SOC_PERIPHERAL.a(ll.o)
                0x00002908                ll_is_pkt_pending

i.ll_is_sent_pkt_pending
                0x00002932       0x1a
 i.ll_is_sent_pkt_pending
                0x00002932       0x1a D:\program\CY8\PSoC Creator\3.2\PSoC Creator\psoc\content\cycomponentlibrary\CyComponentLibrary.cylib\BLE_v2_0\Library\gccCyBLEStack_BLE_SOC_PERIPHERAL.a(ll.o)
                0x00002932                ll_is_sent_pkt_pending

i.ll_isr_exit_low_power_mode
                0x0000294c       0x16
 i.ll_isr_exit_low_power_mode
                0x0000294c       0x16 D:\program\CY8\PSoC Creator\3.2\PSoC Creator\psoc\content\cycomponentlibrary\CyComponentLibrary.cylib\BLE_v2_0\Library\gccCyBLEStack_BLE_SOC_PERIPHERAL.a(ll.o)
                0x0000294c                ll_isr_exit_low_power_mode

i.ll_load_host_data_packet
                0x00002962       0x4a
 i.ll_load_host_data_packet
                0x00002962       0x4a D:\program\CY8\PSoC Creator\3.2\PSoC Creator\psoc\content\cycomponentlibrary\CyComponentLibrary.cylib\BLE_v2_0\Library\gccCyBLEStack_BLE_SOC_PERIPHERAL.a(ll.o)
                0x00002962                ll_load_host_data_packet

i.ll_load_packet_to_fifo
                0x000029ac       0x6e
 i.ll_load_packet_to_fifo
                0x000029ac       0x6e D:\program\CY8\PSoC Creator\3.2\PSoC Creator\psoc\content\cycomponentlibrary\CyComponentLibrary.cylib\BLE_v2_0\Library\gccCyBLEStack_BLE_SOC_PERIPHERAL.a(ll.o)
                0x000029ac                ll_load_packet_to_fifo

i.ll_process_acks
                0x00002a1a       0x3c
 i.ll_process_acks
                0x00002a1a       0x3c D:\program\CY8\PSoC Creator\3.2\PSoC Creator\psoc\content\cycomponentlibrary\CyComponentLibrary.cylib\BLE_v2_0\Library\gccCyBLEStack_BLE_SOC_PERIPHERAL.a(ll.o)
                0x00002a1a                ll_process_acks

i.ll_reset      0x00002a56       0x12
 i.ll_reset     0x00002a56       0x12 D:\program\CY8\PSoC Creator\3.2\PSoC Creator\psoc\content\cycomponentlibrary\CyComponentLibrary.cylib\BLE_v2_0\Library\gccCyBLEStack_BLE_SOC_PERIPHERAL.a(ll.o)
                0x00002a56                ll_reset

i.ll_update_active_features
                0x00002a68       0x58
 i.ll_update_active_features
                0x00002a68       0x58 D:\program\CY8\PSoC Creator\3.2\PSoC Creator\psoc\content\cycomponentlibrary\CyComponentLibrary.cylib\BLE_v2_0\Library\gccCyBLEStack_BLE_SOC_PERIPHERAL.a(ll.o)
                0x00002a68                ll_update_active_features

i.ll_update_device_fsm
                0x00002ac0        0x8
 i.ll_update_device_fsm
                0x00002ac0        0x8 D:\program\CY8\PSoC Creator\3.2\PSoC Creator\psoc\content\cycomponentlibrary\CyComponentLibrary.cylib\BLE_v2_0\Library\gccCyBLEStack_BLE_SOC_PERIPHERAL.a(ll.o)
                0x00002ac0                ll_update_device_fsm

i.pf_le_start_timer
                0x00002ac8       0x16
 i.pf_le_start_timer
                0x00002ac8       0x16 D:\program\CY8\PSoC Creator\3.2\PSoC Creator\psoc\content\cycomponentlibrary\CyComponentLibrary.cylib\BLE_v2_0\Library\gccCyBLEStack_BLE_SOC_PERIPHERAL.a(ll.o)
                0x00002ac8                pf_le_start_timer

i.pf_le_stop_timer
                0x00002ade       0x12
 i.pf_le_stop_timer
                0x00002ade       0x12 D:\program\CY8\PSoC Creator\3.2\PSoC Creator\psoc\content\cycomponentlibrary\CyComponentLibrary.cylib\BLE_v2_0\Library\gccCyBLEStack_BLE_SOC_PERIPHERAL.a(ll.o)
                0x00002ade                pf_le_stop_timer

i.CyBleControllerIP_TuneAdvEventInterPktSlots
                0x00002af0       0x44
 i.CyBleControllerIP_TuneAdvEventInterPktSlots
                0x00002af0       0x44 D:\program\CY8\PSoC Creator\3.2\PSoC Creator\psoc\content\cycomponentlibrary\CyComponentLibrary.cylib\BLE_v2_0\Library\gccCyBLEStack_BLE_SOC_PERIPHERAL.a(ll_advertiser.o)
                0x00002af0                CyBleControllerIP_TuneAdvEventInterPktSlots

i.ll_adv_is_configured_connection_adv
                0x00002b34       0x1e
 i.ll_adv_is_configured_connection_adv
                0x00002b34       0x1e D:\program\CY8\PSoC Creator\3.2\PSoC Creator\psoc\content\cycomponentlibrary\CyComponentLibrary.cylib\BLE_v2_0\Library\gccCyBLEStack_BLE_SOC_PERIPHERAL.a(ll_advertiser.o)
                0x00002b34                ll_adv_is_configured_connection_adv

i.ll_check_random_address_in_use_by_advertiser
                0x00002b52       0x10
 i.ll_check_random_address_in_use_by_advertiser
                0x00002b52       0x10 D:\program\CY8\PSoC Creator\3.2\PSoC Creator\psoc\content\cycomponentlibrary\CyComponentLibrary.cylib\BLE_v2_0\Library\gccCyBLEStack_BLE_SOC_PERIPHERAL.a(ll_advertiser.o)
                0x00002b52                ll_check_random_address_in_use_by_advertiser

i.ll_check_whitelist_in_use_by_advertiser
                0x00002b62       0x10
 i.ll_check_whitelist_in_use_by_advertiser
                0x00002b62       0x10 D:\program\CY8\PSoC Creator\3.2\PSoC Creator\psoc\content\cycomponentlibrary\CyComponentLibrary.cylib\BLE_v2_0\Library\gccCyBLEStack_BLE_SOC_PERIPHERAL.a(ll_advertiser.o)
                0x00002b62                ll_check_whitelist_in_use_by_advertiser

i.ll_get_adv_status
                0x00002b72        0xc
 i.ll_get_adv_status
                0x00002b72        0xc D:\program\CY8\PSoC Creator\3.2\PSoC Creator\psoc\content\cycomponentlibrary\CyComponentLibrary.cylib\BLE_v2_0\Library\gccCyBLEStack_BLE_SOC_PERIPHERAL.a(ll_advertiser.o)
                0x00002b72                ll_get_adv_status

i.ll_get_adv_type
                0x00002b7e       0x16
 i.ll_get_adv_type
                0x00002b7e       0x16 D:\program\CY8\PSoC Creator\3.2\PSoC Creator\psoc\content\cycomponentlibrary\CyComponentLibrary.cylib\BLE_v2_0\Library\gccCyBLEStack_BLE_SOC_PERIPHERAL.a(ll_advertiser.o)
                0x00002b7e                ll_get_adv_type

i.ll_handle_adv_intr
                0x00002b94       0x50
 i.ll_handle_adv_intr
                0x00002b94       0x50 D:\program\CY8\PSoC Creator\3.2\PSoC Creator\psoc\content\cycomponentlibrary\CyComponentLibrary.cylib\BLE_v2_0\Library\gccCyBLEStack_BLE_SOC_PERIPHERAL.a(ll_advertiser.o)
                0x00002b94                ll_handle_adv_intr

i.ll_handle_set_adv_data
                0x00002be4       0x14
 i.ll_handle_set_adv_data
                0x00002be4       0x14 D:\program\CY8\PSoC Creator\3.2\PSoC Creator\psoc\content\cycomponentlibrary\CyComponentLibrary.cylib\BLE_v2_0\Library\gccCyBLEStack_BLE_SOC_PERIPHERAL.a(ll_advertiser.o)
                0x00002be4                ll_handle_set_adv_data

i.ll_handle_set_adv_parameters
                0x00002bf8       0x84
 i.ll_handle_set_adv_parameters
                0x00002bf8       0x84 D:\program\CY8\PSoC Creator\3.2\PSoC Creator\psoc\content\cycomponentlibrary\CyComponentLibrary.cylib\BLE_v2_0\Library\gccCyBLEStack_BLE_SOC_PERIPHERAL.a(ll_advertiser.o)
                0x00002bf8                ll_handle_set_adv_parameters

i.ll_handle_set_advertise_enable
                0x00002c7c       0x70
 i.ll_handle_set_advertise_enable
                0x00002c7c       0x70 D:\program\CY8\PSoC Creator\3.2\PSoC Creator\psoc\content\cycomponentlibrary\CyComponentLibrary.cylib\BLE_v2_0\Library\gccCyBLEStack_BLE_SOC_PERIPHERAL.a(ll_advertiser.o)
                0x00002c7c                ll_handle_set_advertise_enable

i.ll_handle_set_scan_resp_data
                0x00002cec       0x14
 i.ll_handle_set_scan_resp_data
                0x00002cec       0x14 D:\program\CY8\PSoC Creator\3.2\PSoC Creator\psoc\content\cycomponentlibrary\CyComponentLibrary.cylib\BLE_v2_0\Library\gccCyBLEStack_BLE_SOC_PERIPHERAL.a(ll_advertiser.o)
                0x00002cec                ll_handle_set_scan_resp_data

i.ll_init_advertiser
                0x00002d00       0x68
 i.ll_init_advertiser
                0x00002d00       0x68 D:\program\CY8\PSoC Creator\3.2\PSoC Creator\psoc\content\cycomponentlibrary\CyComponentLibrary.cylib\BLE_v2_0\Library\gccCyBLEStack_BLE_SOC_PERIPHERAL.a(ll_advertiser.o)
                0x00002d00                ll_init_advertiser

i.is_le_connection_handle
                0x00002d68       0x28
 i.is_le_connection_handle
                0x00002d68       0x28 D:\program\CY8\PSoC Creator\3.2\PSoC Creator\psoc\content\cycomponentlibrary\CyComponentLibrary.cylib\BLE_v2_0\Library\gccCyBLEStack_BLE_SOC_PERIPHERAL.a(ll_connection.o)
                0x00002d68                is_le_connection_handle

i.le_assign_connection_handle
                0x00002d90       0x28
 i.le_assign_connection_handle
                0x00002d90       0x28 D:\program\CY8\PSoC Creator\3.2\PSoC Creator\psoc\content\cycomponentlibrary\CyComponentLibrary.cylib\BLE_v2_0\Library\gccCyBLEStack_BLE_SOC_PERIPHERAL.a(ll_connection.o)
                0x00002d90                le_assign_connection_handle

i.le_get_connection_index
                0x00002db8        0x6
 i.le_get_connection_index
                0x00002db8        0x6 D:\program\CY8\PSoC Creator\3.2\PSoC Creator\psoc\content\cycomponentlibrary\CyComponentLibrary.cylib\BLE_v2_0\Library\gccCyBLEStack_BLE_SOC_PERIPHERAL.a(ll_connection.o)
                0x00002db8                le_get_connection_index

i.ll_allocate_connection
                0x00002dc0       0x44
 i.ll_allocate_connection
                0x00002dc0       0x44 D:\program\CY8\PSoC Creator\3.2\PSoC Creator\psoc\content\cycomponentlibrary\CyComponentLibrary.cylib\BLE_v2_0\Library\gccCyBLEStack_BLE_SOC_PERIPHERAL.a(ll_connection.o)
                0x00002dc0                ll_allocate_connection

i.ll_calculate_and_program_def_win_widen_drift
                0x00002e04       0x14
 i.ll_calculate_and_program_def_win_widen_drift
                0x00002e04       0x14 D:\program\CY8\PSoC Creator\3.2\PSoC Creator\psoc\content\cycomponentlibrary\CyComponentLibrary.cylib\BLE_v2_0\Library\gccCyBLEStack_BLE_SOC_PERIPHERAL.a(ll_connection.o)
                0x00002e04                ll_calculate_and_program_def_win_widen_drift

i.ll_calculate_drift
                0x00002e18       0x2c
 i.ll_calculate_drift
                0x00002e18       0x2c D:\program\CY8\PSoC Creator\3.2\PSoC Creator\psoc\content\cycomponentlibrary\CyComponentLibrary.cylib\BLE_v2_0\Library\gccCyBLEStack_BLE_SOC_PERIPHERAL.a(ll_connection.o)
                0x00002e18                ll_calculate_drift

i.ll_check_and_decrypt_ll_pdu
                0x00002e44       0x68
 i.ll_check_and_decrypt_ll_pdu
                0x00002e44       0x68 D:\program\CY8\PSoC Creator\3.2\PSoC Creator\psoc\content\cycomponentlibrary\CyComponentLibrary.cylib\BLE_v2_0\Library\gccCyBLEStack_BLE_SOC_PERIPHERAL.a(ll_connection.o)
                0x00002e44                ll_check_and_decrypt_ll_pdu

i.ll_check_and_decrypt_packet
                0x00002eac       0x6a
 i.ll_check_and_decrypt_packet
                0x00002eac       0x6a D:\program\CY8\PSoC Creator\3.2\PSoC Creator\psoc\content\cycomponentlibrary\CyComponentLibrary.cylib\BLE_v2_0\Library\gccCyBLEStack_BLE_SOC_PERIPHERAL.a(ll_connection.o)
                0x00002eac                ll_check_and_decrypt_packet

i.ll_check_and_encrypt_ll_pdu
                0x00002f16       0x72
 i.ll_check_and_encrypt_ll_pdu
                0x00002f16       0x72 D:\program\CY8\PSoC Creator\3.2\PSoC Creator\psoc\content\cycomponentlibrary\CyComponentLibrary.cylib\BLE_v2_0\Library\gccCyBLEStack_BLE_SOC_PERIPHERAL.a(ll_connection.o)
                0x00002f16                ll_check_and_encrypt_ll_pdu

i.ll_check_and_encrypt_packet
                0x00002f88       0x8a
 i.ll_check_and_encrypt_packet
                0x00002f88       0x8a D:\program\CY8\PSoC Creator\3.2\PSoC Creator\psoc\content\cycomponentlibrary\CyComponentLibrary.cylib\BLE_v2_0\Library\gccCyBLEStack_BLE_SOC_PERIPHERAL.a(ll_connection.o)
                0x00002f88                ll_check_and_encrypt_packet

i.ll_check_for_allowing_incoming_connection_update
                0x00003012       0x42
 i.ll_check_for_allowing_incoming_connection_update
                0x00003012       0x42 D:\program\CY8\PSoC Creator\3.2\PSoC Creator\psoc\content\cycomponentlibrary\CyComponentLibrary.cylib\BLE_v2_0\Library\gccCyBLEStack_BLE_SOC_PERIPHERAL.a(ll_connection.o)
                0x00003012                ll_check_for_allowing_incoming_connection_update

i.ll_check_if_pdu_is_loaded_to_hardware
                0x00003054       0x1c
 i.ll_check_if_pdu_is_loaded_to_hardware
                0x00003054       0x1c D:\program\CY8\PSoC Creator\3.2\PSoC Creator\psoc\content\cycomponentlibrary\CyComponentLibrary.cylib\BLE_v2_0\Library\gccCyBLEStack_BLE_SOC_PERIPHERAL.a(ll_connection.o)
                0x00003054                ll_check_if_pdu_is_loaded_to_hardware

i.ll_check_random_address_in_use_by_initiator
                0x00003070       0x30
 i.ll_check_random_address_in_use_by_initiator
                0x00003070       0x30 D:\program\CY8\PSoC Creator\3.2\PSoC Creator\psoc\content\cycomponentlibrary\CyComponentLibrary.cylib\BLE_v2_0\Library\gccCyBLEStack_BLE_SOC_PERIPHERAL.a(ll_connection.o)
                0x00003070                ll_check_random_address_in_use_by_initiator

i.ll_check_white_list_in_use_by_initiator
                0x000030a0       0x30
 i.ll_check_white_list_in_use_by_initiator
                0x000030a0       0x30 D:\program\CY8\PSoC Creator\3.2\PSoC Creator\psoc\content\cycomponentlibrary\CyComponentLibrary.cylib\BLE_v2_0\Library\gccCyBLEStack_BLE_SOC_PERIPHERAL.a(ll_connection.o)
                0x000030a0                ll_check_white_list_in_use_by_initiator

i.ll_conn_free_enc_txn_buffer
                0x000030d0       0x16
 i.ll_conn_free_enc_txn_buffer
                0x000030d0       0x16 D:\program\CY8\PSoC Creator\3.2\PSoC Creator\psoc\content\cycomponentlibrary\CyComponentLibrary.cylib\BLE_v2_0\Library\gccCyBLEStack_BLE_SOC_PERIPHERAL.a(ll_connection.o)
                0x000030d0                ll_conn_free_enc_txn_buffer

i.ll_conn_fsm_update_channel_state
                0x000030e6        0x6
 i.ll_conn_fsm_update_channel_state
                0x000030e6        0x6 D:\program\CY8\PSoC Creator\3.2\PSoC Creator\psoc\content\cycomponentlibrary\CyComponentLibrary.cylib\BLE_v2_0\Library\gccCyBLEStack_BLE_SOC_PERIPHERAL.a(ll_connection.o)
                0x000030e6                ll_conn_fsm_update_channel_state

i.ll_conn_fsm_update_conn_update_state
                0x000030ec        0x6
 i.ll_conn_fsm_update_conn_update_state
                0x000030ec        0x6 D:\program\CY8\PSoC Creator\3.2\PSoC Creator\psoc\content\cycomponentlibrary\CyComponentLibrary.cylib\BLE_v2_0\Library\gccCyBLEStack_BLE_SOC_PERIPHERAL.a(ll_connection.o)
                0x000030ec                ll_conn_fsm_update_conn_update_state

i.ll_conn_fsm_update_enc_state
                0x000030f2        0x6
 i.ll_conn_fsm_update_enc_state
                0x000030f2        0x6 D:\program\CY8\PSoC Creator\3.2\PSoC Creator\psoc\content\cycomponentlibrary\CyComponentLibrary.cylib\BLE_v2_0\Library\gccCyBLEStack_BLE_SOC_PERIPHERAL.a(ll_connection.o)
                0x000030f2                ll_conn_fsm_update_enc_state

i.ll_conn_fsm_update_state
                0x000030f8        0x4
 i.ll_conn_fsm_update_state
                0x000030f8        0x4 D:\program\CY8\PSoC Creator\3.2\PSoC Creator\psoc\content\cycomponentlibrary\CyComponentLibrary.cylib\BLE_v2_0\Library\gccCyBLEStack_BLE_SOC_PERIPHERAL.a(ll_connection.o)
                0x000030f8                ll_conn_fsm_update_state

i.ll_conn_handle_data_pdu_from_host_when_data_paused
                0x000030fc        0x8
 i.ll_conn_handle_data_pdu_from_host_when_data_paused
                0x000030fc        0x8 D:\program\CY8\PSoC Creator\3.2\PSoC Creator\psoc\content\cycomponentlibrary\CyComponentLibrary.cylib\BLE_v2_0\Library\gccCyBLEStack_BLE_SOC_PERIPHERAL.a(ll_connection.o)
                0x000030fc                ll_conn_handle_data_pdu_from_host_when_data_paused

i.ll_conn_handle_direct_adv_timeout
                0x00003104       0x2a
 i.ll_conn_handle_direct_adv_timeout
                0x00003104       0x2a D:\program\CY8\PSoC Creator\3.2\PSoC Creator\psoc\content\cycomponentlibrary\CyComponentLibrary.cylib\BLE_v2_0\Library\gccCyBLEStack_BLE_SOC_PERIPHERAL.a(ll_connection.o)
                0x00003104                ll_conn_handle_direct_adv_timeout

i.ll_conn_handle_ping_timer_expired_interrupt
                0x00003130       0x1c
 i.ll_conn_handle_ping_timer_expired_interrupt
                0x00003130       0x1c D:\program\CY8\PSoC Creator\3.2\PSoC Creator\psoc\content\cycomponentlibrary\CyComponentLibrary.cylib\BLE_v2_0\Library\gccCyBLEStack_BLE_SOC_PERIPHERAL.a(ll_connection.o)
                0x00003130                ll_conn_handle_ping_timer_expired_interrupt

i.ll_conn_handle_ping_timer_nearly_expired_interrupt
                0x0000314c       0x20
 i.ll_conn_handle_ping_timer_nearly_expired_interrupt
                0x0000314c       0x20 D:\program\CY8\PSoC Creator\3.2\PSoC Creator\psoc\content\cycomponentlibrary\CyComponentLibrary.cylib\BLE_v2_0\Library\gccCyBLEStack_BLE_SOC_PERIPHERAL.a(ll_connection.o)
                0x0000314c                ll_conn_handle_ping_timer_nearly_expired_interrupt

i.ll_conn_handle_stop_connectable_adv
                0x0000316c       0x12
 i.ll_conn_handle_stop_connectable_adv
                0x0000316c       0x12 D:\program\CY8\PSoC Creator\3.2\PSoC Creator\psoc\content\cycomponentlibrary\CyComponentLibrary.cylib\BLE_v2_0\Library\gccCyBLEStack_BLE_SOC_PERIPHERAL.a(ll_connection.o)
                0x0000316c                ll_conn_handle_stop_connectable_adv

i.ll_conn_process_pending_transactions
                0x0000317e        0x4
 i.ll_conn_process_pending_transactions
                0x0000317e        0x4 D:\program\CY8\PSoC Creator\3.2\PSoC Creator\psoc\content\cycomponentlibrary\CyComponentLibrary.cylib\BLE_v2_0\Library\gccCyBLEStack_BLE_SOC_PERIPHERAL.a(ll_connection.o)
                0x0000317e                ll_conn_process_pending_transactions

i.ll_conn_program_authenticated_payload_timer
                0x00003184       0x50
 i.ll_conn_program_authenticated_payload_timer
                0x00003184       0x50 D:\program\CY8\PSoC Creator\3.2\PSoC Creator\psoc\content\cycomponentlibrary\CyComponentLibrary.cylib\BLE_v2_0\Library\gccCyBLEStack_BLE_SOC_PERIPHERAL.a(ll_connection.o)
                0x00003184                ll_conn_program_authenticated_payload_timer

i.ll_conn_read_data_pdu_from_hardware
                0x000031d4       0x14
 i.ll_conn_read_data_pdu_from_hardware
                0x000031d4       0x14 D:\program\CY8\PSoC Creator\3.2\PSoC Creator\psoc\content\cycomponentlibrary\CyComponentLibrary.cylib\BLE_v2_0\Library\gccCyBLEStack_BLE_SOC_PERIPHERAL.a(ll_connection.o)
                0x000031d4                ll_conn_read_data_pdu_from_hardware

i.ll_conn_send_ping_req_pdu
                0x000031e8       0x40
 i.ll_conn_send_ping_req_pdu
                0x000031e8       0x40 D:\program\CY8\PSoC Creator\3.2\PSoC Creator\psoc\content\cycomponentlibrary\CyComponentLibrary.cylib\BLE_v2_0\Library\gccCyBLEStack_BLE_SOC_PERIPHERAL.a(ll_connection.o)
                0x000031e8                ll_conn_send_ping_req_pdu

i.ll_conn_store_pending_tx_pdu
                0x00003228       0x1a
 i.ll_conn_store_pending_tx_pdu
                0x00003228       0x1a D:\program\CY8\PSoC Creator\3.2\PSoC Creator\psoc\content\cycomponentlibrary\CyComponentLibrary.cylib\BLE_v2_0\Library\gccCyBLEStack_BLE_SOC_PERIPHERAL.a(ll_connection.o)
                0x00003228                ll_conn_store_pending_tx_pdu

i.ll_conn_update_rssi
                0x00003242       0x16
 i.ll_conn_update_rssi
                0x00003242       0x16 D:\program\CY8\PSoC Creator\3.2\PSoC Creator\psoc\content\cycomponentlibrary\CyComponentLibrary.cylib\BLE_v2_0\Library\gccCyBLEStack_BLE_SOC_PERIPHERAL.a(ll_connection.o)
                0x00003242                ll_conn_update_rssi

i.ll_convert_hci_llid_to_ll_llid_host_to_controller
                0x00003258        0x8
 i.ll_convert_hci_llid_to_ll_llid_host_to_controller
                0x00003258        0x8 D:\program\CY8\PSoC Creator\3.2\PSoC Creator\psoc\content\cycomponentlibrary\CyComponentLibrary.cylib\BLE_v2_0\Library\gccCyBLEStack_BLE_SOC_PERIPHERAL.a(ll_connection.o)
                0x00003258                ll_convert_hci_llid_to_ll_llid_host_to_controller

i.ll_convert_ll_llid_to_hci_llid_controller_to_host
                0x00003260        0x2
 i.ll_convert_ll_llid_to_hci_llid_controller_to_host
                0x00003260        0x2 D:\program\CY8\PSoC Creator\3.2\PSoC Creator\psoc\content\cycomponentlibrary\CyComponentLibrary.cylib\BLE_v2_0\Library\gccCyBLEStack_BLE_SOC_PERIPHERAL.a(ll_connection.o)
                0x00003260                ll_convert_ll_llid_to_hci_llid_controller_to_host

i.ll_decode_and_program_connect_req
                0x00003264       0xec
 i.ll_decode_and_program_connect_req
                0x00003264       0xec D:\program\CY8\PSoC Creator\3.2\PSoC Creator\psoc\content\cycomponentlibrary\CyComponentLibrary.cylib\BLE_v2_0\Library\gccCyBLEStack_BLE_SOC_PERIPHERAL.a(ll_connection.o)
                0x00003264                ll_decode_and_program_connect_req

i.ll_enc_fsm_derive_session_key
                0x00003350       0x46
 i.ll_enc_fsm_derive_session_key
                0x00003350       0x46 D:\program\CY8\PSoC Creator\3.2\PSoC Creator\psoc\content\cycomponentlibrary\CyComponentLibrary.cylib\BLE_v2_0\Library\gccCyBLEStack_BLE_SOC_PERIPHERAL.a(ll_connection.o)
                0x00003350                ll_enc_fsm_derive_session_key

i.ll_enc_handle_enc_complete
                0x00003396       0x68
 i.ll_enc_handle_enc_complete
                0x00003396       0x68 D:\program\CY8\PSoC Creator\3.2\PSoC Creator\psoc\content\cycomponentlibrary\CyComponentLibrary.cylib\BLE_v2_0\Library\gccCyBLEStack_BLE_SOC_PERIPHERAL.a(ll_connection.o)
                0x00003396                ll_enc_handle_enc_complete

i.ll_enc_handle_enc_failure
                0x00003400       0xa4
 i.ll_enc_handle_enc_failure
                0x00003400       0xa4 D:\program\CY8\PSoC Creator\3.2\PSoC Creator\psoc\content\cycomponentlibrary\CyComponentLibrary.cylib\BLE_v2_0\Library\gccCyBLEStack_BLE_SOC_PERIPHERAL.a(ll_connection.o)
                0x00003400                ll_enc_handle_enc_failure

i.ll_enc_handle_ll_reject_pdu_cb
                0x000034a4       0x24
 i.ll_enc_handle_ll_reject_pdu_cb
                0x000034a4       0x24 D:\program\CY8\PSoC Creator\3.2\PSoC Creator\psoc\content\cycomponentlibrary\CyComponentLibrary.cylib\BLE_v2_0\Library\gccCyBLEStack_BLE_SOC_PERIPHERAL.a(ll_connection.o)
                0x000034a4                ll_enc_handle_ll_reject_pdu_cb

i.ll_enc_handle_ll_terminate_pdu
                0x000034c8       0x16
 i.ll_enc_handle_ll_terminate_pdu
                0x000034c8       0x16 D:\program\CY8\PSoC Creator\3.2\PSoC Creator\psoc\content\cycomponentlibrary\CyComponentLibrary.cylib\BLE_v2_0\Library\gccCyBLEStack_BLE_SOC_PERIPHERAL.a(ll_connection.o)
                0x000034c8                ll_enc_handle_ll_terminate_pdu

i.ll_enc_handle_ll_unknown_resp_pdu_cb
                0x000034de       0x24
 i.ll_enc_handle_ll_unknown_resp_pdu_cb
                0x000034de       0x24 D:\program\CY8\PSoC Creator\3.2\PSoC Creator\psoc\content\cycomponentlibrary\CyComponentLibrary.cylib\BLE_v2_0\Library\gccCyBLEStack_BLE_SOC_PERIPHERAL.a(ll_connection.o)
                0x000034de                ll_enc_handle_ll_unknown_resp_pdu_cb

i.ll_enc_handle_slave_await_to_start_cb
                0x00003504       0x80
 i.ll_enc_handle_slave_await_to_start_cb
                0x00003504       0x80 D:\program\CY8\PSoC Creator\3.2\PSoC Creator\psoc\content\cycomponentlibrary\CyComponentLibrary.cylib\BLE_v2_0\Library\gccCyBLEStack_BLE_SOC_PERIPHERAL.a(ll_connection.o)
                0x00003504                ll_enc_handle_slave_await_to_start_cb

i.ll_enc_handle_slave_enc_resp_ack_cb
                0x00003584       0x28
 i.ll_enc_handle_slave_enc_resp_ack_cb
                0x00003584       0x28 D:\program\CY8\PSoC Creator\3.2\PSoC Creator\psoc\content\cycomponentlibrary\CyComponentLibrary.cylib\BLE_v2_0\Library\gccCyBLEStack_BLE_SOC_PERIPHERAL.a(ll_connection.o)
                0x00003584                ll_enc_handle_slave_enc_resp_ack_cb

i.ll_enc_handle_slave_ltk_neg_reply_cb
                0x000035ac       0x60
 i.ll_enc_handle_slave_ltk_neg_reply_cb
                0x000035ac       0x60 D:\program\CY8\PSoC Creator\3.2\PSoC Creator\psoc\content\cycomponentlibrary\CyComponentLibrary.cylib\BLE_v2_0\Library\gccCyBLEStack_BLE_SOC_PERIPHERAL.a(ll_connection.o)
                0x000035ac                ll_enc_handle_slave_ltk_neg_reply_cb

i.ll_enc_handle_slave_pause_enc_req_cb
                0x0000360c       0x46
 i.ll_enc_handle_slave_pause_enc_req_cb
                0x0000360c       0x46 D:\program\CY8\PSoC Creator\3.2\PSoC Creator\psoc\content\cycomponentlibrary\CyComponentLibrary.cylib\BLE_v2_0\Library\gccCyBLEStack_BLE_SOC_PERIPHERAL.a(ll_connection.o)
                0x0000360c                ll_enc_handle_slave_pause_enc_req_cb

i.ll_enc_handle_slave_pause_enc_resp_cb
                0x00003652       0x10
 i.ll_enc_handle_slave_pause_enc_resp_cb
                0x00003652       0x10 D:\program\CY8\PSoC Creator\3.2\PSoC Creator\psoc\content\cycomponentlibrary\CyComponentLibrary.cylib\BLE_v2_0\Library\gccCyBLEStack_BLE_SOC_PERIPHERAL.a(ll_connection.o)
                0x00003652                ll_enc_handle_slave_pause_enc_resp_cb

i.ll_enc_handle_slave_reject_ind_ack_cb
                0x00003662       0x22
 i.ll_enc_handle_slave_reject_ind_ack_cb
                0x00003662       0x22 D:\program\CY8\PSoC Creator\3.2\PSoC Creator\psoc\content\cycomponentlibrary\CyComponentLibrary.cylib\BLE_v2_0\Library\gccCyBLEStack_BLE_SOC_PERIPHERAL.a(ll_connection.o)
                0x00003662                ll_enc_handle_slave_reject_ind_ack_cb

i.ll_enc_handle_slave_start_enc_resp_ack_cb
                0x00003684        0x8
 i.ll_enc_handle_slave_start_enc_resp_ack_cb
                0x00003684        0x8 D:\program\CY8\PSoC Creator\3.2\PSoC Creator\psoc\content\cycomponentlibrary\CyComponentLibrary.cylib\BLE_v2_0\Library\gccCyBLEStack_BLE_SOC_PERIPHERAL.a(ll_connection.o)
                0x00003684                ll_enc_handle_slave_start_enc_resp_ack_cb

i.ll_enc_handle_slave_start_enc_resp_cb
                0x0000368c       0x34
 i.ll_enc_handle_slave_start_enc_resp_cb
                0x0000368c       0x34 D:\program\CY8\PSoC Creator\3.2\PSoC Creator\psoc\content\cycomponentlibrary\CyComponentLibrary.cylib\BLE_v2_0\Library\gccCyBLEStack_BLE_SOC_PERIPHERAL.a(ll_connection.o)
                0x0000368c                ll_enc_handle_slave_start_enc_resp_cb

i.ll_enc_send_start_encryption_request
                0x000036c0       0x38
 i.ll_enc_send_start_encryption_request
                0x000036c0       0x38 D:\program\CY8\PSoC Creator\3.2\PSoC Creator\psoc\content\cycomponentlibrary\CyComponentLibrary.cylib\BLE_v2_0\Library\gccCyBLEStack_BLE_SOC_PERIPHERAL.a(ll_connection.o)
                0x000036c0                ll_enc_send_start_encryption_request

i.ll_extract_pdu_opcode
                0x000036f8        0x4
 i.ll_extract_pdu_opcode
                0x000036f8        0x4 D:\program\CY8\PSoC Creator\3.2\PSoC Creator\psoc\content\cycomponentlibrary\CyComponentLibrary.cylib\BLE_v2_0\Library\gccCyBLEStack_BLE_SOC_PERIPHERAL.a(ll_connection.o)
                0x000036f8                ll_extract_pdu_opcode

i.ll_fsm_handle_conn_established_ind
                0x000036fc       0x7c
 i.ll_fsm_handle_conn_established_ind
                0x000036fc       0x7c D:\program\CY8\PSoC Creator\3.2\PSoC Creator\psoc\content\cycomponentlibrary\CyComponentLibrary.cylib\BLE_v2_0\Library\gccCyBLEStack_BLE_SOC_PERIPHERAL.a(ll_connection.o)
                0x000036fc                ll_fsm_handle_conn_established_ind

i.ll_fsm_handle_conn_failure_ind
                0x00003778        0xc
 i.ll_fsm_handle_conn_failure_ind
                0x00003778        0xc D:\program\CY8\PSoC Creator\3.2\PSoC Creator\psoc\content\cycomponentlibrary\CyComponentLibrary.cylib\BLE_v2_0\Library\gccCyBLEStack_BLE_SOC_PERIPHERAL.a(ll_connection.o)
                0x00003778                ll_fsm_handle_conn_failure_ind

i.ll_fsm_handle_disconnecting_state
                0x00003784       0x16
 i.ll_fsm_handle_disconnecting_state
                0x00003784       0x16 D:\program\CY8\PSoC Creator\3.2\PSoC Creator\psoc\content\cycomponentlibrary\CyComponentLibrary.cylib\BLE_v2_0\Library\gccCyBLEStack_BLE_SOC_PERIPHERAL.a(ll_connection.o)
                0x00003784                ll_fsm_handle_disconnecting_state

i.ll_fsm_handle_end_of_conn_interval
                0x0000379c       0x30
 i.ll_fsm_handle_end_of_conn_interval
                0x0000379c       0x30 D:\program\CY8\PSoC Creator\3.2\PSoC Creator\psoc\content\cycomponentlibrary\CyComponentLibrary.cylib\BLE_v2_0\Library\gccCyBLEStack_BLE_SOC_PERIPHERAL.a(ll_connection.o)
                0x0000379c                ll_fsm_handle_end_of_conn_interval

i.ll_fsm_handle_pdu_response_timeout
                0x000037cc       0x20
 i.ll_fsm_handle_pdu_response_timeout
                0x000037cc       0x20 D:\program\CY8\PSoC Creator\3.2\PSoC Creator\psoc\content\cycomponentlibrary\CyComponentLibrary.cylib\BLE_v2_0\Library\gccCyBLEStack_BLE_SOC_PERIPHERAL.a(ll_connection.o)
                0x000037cc                ll_fsm_handle_pdu_response_timeout

i.ll_fsm_handle_sup_timeout_ind
                0x000037ec       0x22
 i.ll_fsm_handle_sup_timeout_ind
                0x000037ec       0x22 D:\program\CY8\PSoC Creator\3.2\PSoC Creator\psoc\content\cycomponentlibrary\CyComponentLibrary.cylib\BLE_v2_0\Library\gccCyBLEStack_BLE_SOC_PERIPHERAL.a(ll_connection.o)
                0x000037ec                ll_fsm_handle_sup_timeout_ind

i.ll_fsm_move_to_disconnected_state
                0x0000380e       0x94
 i.ll_fsm_move_to_disconnected_state
                0x0000380e       0x94 D:\program\CY8\PSoC Creator\3.2\PSoC Creator\psoc\content\cycomponentlibrary\CyComponentLibrary.cylib\BLE_v2_0\Library\gccCyBLEStack_BLE_SOC_PERIPHERAL.a(ll_connection.o)
                0x0000380e                ll_fsm_move_to_disconnected_state

i.ll_generate_connection_complete
                0x000038a2       0x62
 i.ll_generate_connection_complete
                0x000038a2       0x62 D:\program\CY8\PSoC Creator\3.2\PSoC Creator\psoc\content\cycomponentlibrary\CyComponentLibrary.cylib\BLE_v2_0\Library\gccCyBLEStack_BLE_SOC_PERIPHERAL.a(ll_connection.o)
                0x000038a2                ll_generate_connection_complete

i.ll_generate_disconnection_complete
                0x00003904        0xe
 i.ll_generate_disconnection_complete
                0x00003904        0xe D:\program\CY8\PSoC Creator\3.2\PSoC Creator\psoc\content\cycomponentlibrary\CyComponentLibrary.cylib\BLE_v2_0\Library\gccCyBLEStack_BLE_SOC_PERIPHERAL.a(ll_connection.o)
                0x00003904                ll_generate_disconnection_complete

i.ll_generate_random_number
                0x00003912        0x8
 i.ll_generate_random_number
                0x00003912        0x8 D:\program\CY8\PSoC Creator\3.2\PSoC Creator\psoc\content\cycomponentlibrary\CyComponentLibrary.cylib\BLE_v2_0\Library\gccCyBLEStack_BLE_SOC_PERIPHERAL.a(ll_connection.o)
                0x00003912                ll_generate_random_number

i.ll_get_connection_entity
                0x0000391c       0x24
 i.ll_get_connection_entity
                0x0000391c       0x24 D:\program\CY8\PSoC Creator\3.2\PSoC Creator\psoc\content\cycomponentlibrary\CyComponentLibrary.cylib\BLE_v2_0\Library\gccCyBLEStack_BLE_SOC_PERIPHERAL.a(ll_connection.o)
                0x0000391c                ll_get_connection_entity

i.ll_get_enc_txn_info
                0x00003940       0x1e
 i.ll_get_enc_txn_info
                0x00003940       0x1e D:\program\CY8\PSoC Creator\3.2\PSoC Creator\psoc\content\cycomponentlibrary\CyComponentLibrary.cylib\BLE_v2_0\Library\gccCyBLEStack_BLE_SOC_PERIPHERAL.a(ll_connection.o)
                0x00003940                ll_get_enc_txn_info

i.ll_get_next_pdu_tx_fifo_index
                0x00003960       0x28
 i.ll_get_next_pdu_tx_fifo_index
                0x00003960       0x28 D:\program\CY8\PSoC Creator\3.2\PSoC Creator\psoc\content\cycomponentlibrary\CyComponentLibrary.cylib\BLE_v2_0\Library\gccCyBLEStack_BLE_SOC_PERIPHERAL.a(ll_connection.o)
                0x00003960                ll_get_next_pdu_tx_fifo_index

i.ll_handle_ack_for_pause_tx_data
                0x00003988       0x38
 i.ll_handle_ack_for_pause_tx_data
                0x00003988       0x38 D:\program\CY8\PSoC Creator\3.2\PSoC Creator\psoc\content\cycomponentlibrary\CyComponentLibrary.cylib\BLE_v2_0\Library\gccCyBLEStack_BLE_SOC_PERIPHERAL.a(ll_connection.o)
                0x00003988                ll_handle_ack_for_pause_tx_data

i.ll_handle_acl_tx_complete
                0x000039c0       0x44
 i.ll_handle_acl_tx_complete
                0x000039c0       0x44 D:\program\CY8\PSoC Creator\3.2\PSoC Creator\psoc\content\cycomponentlibrary\CyComponentLibrary.cylib\BLE_v2_0\Library\gccCyBLEStack_BLE_SOC_PERIPHERAL.a(ll_connection.o)
                0x000039c0                ll_handle_acl_tx_complete

i.ll_handle_conn_created_ind
                0x00003a04        0x2
 i.ll_handle_conn_created_ind
                0x00003a04        0x2 D:\program\CY8\PSoC Creator\3.2\PSoC Creator\psoc\content\cycomponentlibrary\CyComponentLibrary.cylib\BLE_v2_0\Library\gccCyBLEStack_BLE_SOC_PERIPHERAL.a(ll_connection.o)
                0x00003a04                ll_handle_conn_created_ind

i.ll_handle_conn_established_ind
                0x00003a06        0x2
 i.ll_handle_conn_established_ind
                0x00003a06        0x2 D:\program\CY8\PSoC Creator\3.2\PSoC Creator\psoc\content\cycomponentlibrary\CyComponentLibrary.cylib\BLE_v2_0\Library\gccCyBLEStack_BLE_SOC_PERIPHERAL.a(ll_connection.o)
                0x00003a06                ll_handle_conn_established_ind

i.ll_handle_conn_failed_indication
                0x00003a08       0x30
 i.ll_handle_conn_failed_indication
                0x00003a08       0x30 D:\program\CY8\PSoC Creator\3.2\PSoC Creator\psoc\content\cycomponentlibrary\CyComponentLibrary.cylib\BLE_v2_0\Library\gccCyBLEStack_BLE_SOC_PERIPHERAL.a(ll_connection.o)
                0x00003a08                ll_handle_conn_failed_indication

i.ll_handle_conn_interrupt
                0x00003a38       0x94
 i.ll_handle_conn_interrupt
                0x00003a38       0x94 D:\program\CY8\PSoC Creator\3.2\PSoC Creator\psoc\content\cycomponentlibrary\CyComponentLibrary.cylib\BLE_v2_0\Library\gccCyBLEStack_BLE_SOC_PERIPHERAL.a(ll_connection.o)
                0x00003a38                ll_handle_conn_interrupt

i.ll_handle_conn_update_ind
                0x00003acc       0x98
 i.ll_handle_conn_update_ind