Archive member included because of file (symbol)

.\CortexM0\ARM_GCC_484\Debug\BLE Lab 3.a(cyfitter_cfg.o)
                              .\CortexM0\ARM_GCC_484\Debug\Cm0Start.o (cyfitter_cfg)
.\CortexM0\ARM_GCC_484\Debug\BLE Lab 3.a(GREEN.o)
                              .\CortexM0\ARM_GCC_484\Debug\main.o (GREEN_SetDriveMode)
.\CortexM0\ARM_GCC_484\Debug\BLE Lab 3.a(RED.o)
                              .\CortexM0\ARM_GCC_484\Debug\main.o (RED_SetDriveMode)
.\CortexM0\ARM_GCC_484\Debug\BLE Lab 3.a(PRS_2.o)
                              .\CortexM0\ARM_GCC_484\Debug\main.o (PRS_2_Start)
.\CortexM0\ARM_GCC_484\Debug\BLE Lab 3.a(PRS_1.o)
                              .\CortexM0\ARM_GCC_484\Debug\main.o (PRS_1_Start)
.\CortexM0\ARM_GCC_484\Debug\BLE Lab 3.a(BLUE.o)
                              .\CortexM0\ARM_GCC_484\Debug\main.o (BLUE_SetDriveMode)
.\CortexM0\ARM_GCC_484\Debug\BLE Lab 3.a(BLE.o)
                              .\CortexM0\ARM_GCC_484\Debug\main.o (CyBle_Start)
.\CortexM0\ARM_GCC_484\Debug\BLE Lab 3.a(BLE_gatt.o)
                              .\CortexM0\ARM_GCC_484\Debug\BLEApplications.o (cyBle_state)
.\CortexM0\ARM_GCC_484\Debug\BLE Lab 3.a(BLE_eventHandler.o)
                              .\CortexM0\ARM_GCC_484\Debug\BLEApplications.o (cyBle_connHandle)
.\CortexM0\ARM_GCC_484\Debug\BLE Lab 3.a(BLE_custom.o)
                              .\CortexM0\ARM_GCC_484\Debug\BLEApplications.o (cyBle_customs)
.\CortexM0\ARM_GCC_484\Debug\BLE Lab 3.a(CapSense.o)
                              .\CortexM0\ARM_GCC_484\Debug\main.o (CapSense_Start)
.\CortexM0\ARM_GCC_484\Debug\BLE Lab 3.a(CapSense_CSHL.o)
                              .\CortexM0\ARM_GCC_484\Debug\BLE Lab 3.a(CapSense.o) (CapSense_rawDataIndex)
.\CortexM0\ARM_GCC_484\Debug\BLE Lab 3.a(CapSense_INT.o)
                              .\CortexM0\ARM_GCC_484\Debug\BLE Lab 3.a(CapSense.o) (CapSense_ISR)
.\CortexM0\ARM_GCC_484\Debug\BLE Lab 3.a(CapSense_SMS.o)
                              .\CortexM0\ARM_GCC_484\Debug\BLE Lab 3.a(CapSense_CSHL.o) (CapSense_config)
.\CortexM0\ARM_GCC_484\Debug\BLE Lab 3.a(CapSense_SampleClk.o)
                              .\CortexM0\ARM_GCC_484\Debug\BLE Lab 3.a(CapSense.o) (CapSense_SampleClk_StartEx)
.\CortexM0\ARM_GCC_484\Debug\BLE Lab 3.a(CapSense_SenseClk.o)
                              .\CortexM0\ARM_GCC_484\Debug\BLE Lab 3.a(CapSense.o) (CapSense_SenseClk_StartEx)
.\CortexM0\ARM_GCC_484\Debug\BLE Lab 3.a(CyBootAsmGnu.o)
                              .\CortexM0\ARM_GCC_484\Debug\BLE Lab 3.a(cyfitter_cfg.o) (CyDelayCycles)
.\CortexM0\ARM_GCC_484\Debug\BLE Lab 3.a(CyLib.o)
                              .\CortexM0\ARM_GCC_484\Debug\BLE Lab 3.a(cyfitter_cfg.o) (CySysClkWriteImoFreq)
D:\program\CY8\PSoC Creator\3.2\PSoC Creator\psoc\content\cycomponentlibrary\CyComponentLibrary.cylib\BLE_v2_0\Library\gccCyBLEStack_BLE_SOC_PERIPHERAL.a(CyBle.o)
                              .\CortexM0\ARM_GCC_484\Debug\main.o (CyBle_ProcessEvents)
D:\program\CY8\PSoC Creator\3.2\PSoC Creator\psoc\content\cycomponentlibrary\CyComponentLibrary.cylib\BLE_v2_0\Library\gccCyBLEStack_BLE_SOC_PERIPHERAL.a(CyBleStackMgrIP_Interface.o)
                              D:\program\CY8\PSoC Creator\3.2\PSoC Creator\psoc\content\cycomponentlibrary\CyComponentLibrary.cylib\BLE_v2_0\Library\gccCyBLEStack_BLE_SOC_PERIPHERAL.a(CyBle.o) (CyBleStackMgr_Init)
D:\program\CY8\PSoC Creator\3.2\PSoC Creator\psoc\content\cycomponentlibrary\CyComponentLibrary.cylib\BLE_v2_0\Library\gccCyBLEStack_BLE_SOC_PERIPHERAL.a(BT_os.o)
                              D:\program\CY8\PSoC Creator\3.2\PSoC Creator\psoc\content\cycomponentlibrary\CyComponentLibrary.cylib\BLE_v2_0\Library\gccCyBLEStack_BLE_SOC_PERIPHERAL.a(CyBleStackMgrIP_Interface.o) (cyBleStackMemoryConfig)
D:\program\CY8\PSoC Creator\3.2\PSoC Creator\psoc\content\cycomponentlibrary\CyComponentLibrary.cylib\BLE_v2_0\Library\gccCyBLEStack_BLE_SOC_PERIPHERAL.a(CyBleStackMgr_StackTaskHandler.o)
                              D:\program\CY8\PSoC Creator\3.2\PSoC Creator\psoc\content\cycomponentlibrary\CyComponentLibrary.cylib\BLE_v2_0\Library\gccCyBLEStack_BLE_SOC_PERIPHERAL.a(CyBleStackMgrIP_Interface.o) (CyBle_CreateBleStackTask)
D:\program\CY8\PSoC Creator\3.2\PSoC Creator\psoc\content\cycomponentlibrary\CyComponentLibrary.cylib\BLE_v2_0\Library\gccCyBLEStack_BLE_SOC_PERIPHERAL.a(transport_sf.o)
                              D:\program\CY8\PSoC Creator\3.2\PSoC Creator\psoc\content\cycomponentlibrary\CyComponentLibrary.cylib\BLE_v2_0\Library\gccCyBLEStack_BLE_SOC_PERIPHERAL.a(CyBleStackMgr_StackTaskHandler.o) (hci_soft_transport_notify_data_received)
D:\program\CY8\PSoC Creator\3.2\PSoC Creator\psoc\content\cycomponentlibrary\CyComponentLibrary.cylib\BLE_v2_0\Library\gccCyBLEStack_BLE_SOC_PERIPHERAL.a(CyBleStackMgr_PSoCHal.o)
[...]
Memory Configuration

Name             Origin             Length             Attributes
rom              0x00000000         0x00020000         xr
ram              0x20000000         0x00004000         xrw
*default*        0x00000000         0xffffffff

Linker script and memory map

LOAD d:/program/cy8/psoc creator/3.2/psoc creator/import/gnu/arm/4.8.4/bin/../lib/gcc/arm-none-eabi/4.8.4/armv6-m/crti.o
LOAD d:/program/cy8/psoc creator/3.2/psoc creator/import/gnu/arm/4.8.4/bin/../lib/gcc/arm-none-eabi/4.8.4/armv6-m/crtbegin.o
LOAD d:/program/cy8/psoc creator/3.2/psoc creator/import/gnu/arm/4.8.4/bin/../lib/gcc/arm-none-eabi/4.8.4/../../../../arm-none-eabi/lib/armv6-m/crt0.o
START GROUP
LOAD .\CortexM0\ARM_GCC_484\Debug\main.o
LOAD .\CortexM0\ARM_GCC_484\Debug\BLEApplications.o
LOAD .\CortexM0\ARM_GCC_484\Debug\cymetadata.o
LOAD .\CortexM0\ARM_GCC_484\Debug\Cm0Start.o
LOAD .\CortexM0\ARM_GCC_484\Debug\BLE Lab 3.a
LOAD D:\program\CY8\PSoC Creator\3.2\PSoC Creator\psoc\content\cycomponentlibrary\CyComponentLibrary.cylib\BLE_v2_0\Library\gccCyBLEStack_BLE_SOC_PERIPHERAL.a
LOAD D:\program\CY8\PSoC Creator\3.2\PSoC Creator\psoc\content\cycomponentlibrary\CyComponentLibrary.cylib\CapSense_CSD_P4_v2_20\PSoC4\Library\CapsenseP4Library_GCC.a
LOAD D:\program\CY8\PSoC Creator\3.2\PSoC Creator\psoc\content\cycomponentlibrary\CyComponentLibrary.cylib\CortexM0\ARM_GCC_484\Debug\CyComponentLibrary.a
END GROUP
START GROUP
LOAD d:/program/cy8/psoc creator/3.2/psoc creator/import/gnu/arm/4.8.4/bin/../lib/gcc/arm-none-eabi/4.8.4/armv6-m\libgcc.a
LOAD d:/program/cy8/psoc creator/3.2/psoc creator/import/gnu/arm/4.8.4/bin/../lib/gcc/arm-none-eabi/4.8.4/../../../../arm-none-eabi/lib/armv6-m\libg_s.a
LOAD d:/program/cy8/psoc creator/3.2/psoc creator/import/gnu/arm/4.8.4/bin/../lib/gcc/arm-none-eabi/4.8.4/../../../../arm-none-eabi/lib/armv6-m\libc_s.a
END GROUP
START GROUP
LOAD d:/program/cy8/psoc creator/3.2/psoc creator/import/gnu/arm/4.8.4/bin/../lib/gcc/arm-none-eabi/4.8.4/armv6-m\libgcc.a
LOAD d:/program/cy8/psoc creator/3.2/psoc creator/import/gnu/arm/4.8.4/bin/../lib/gcc/arm-none-eabi/4.8.4/../../../../arm-none-eabi/lib/armv6-m\libc_s.a
END GROUP
LOAD d:/program/cy8/psoc creator/3.2/psoc creator/import/gnu/arm/4.8.4/bin/../lib/gcc/arm-none-eabi/4.8.4/armv6-m/crtend.o
LOAD d:/program/cy8/psoc creator/3.2/psoc creator/import/gnu/arm/4.8.4/bin/../lib/gcc/arm-none-eabi/4.8.4/armv6-m/crtn.o
START GROUP
LOAD d:/program/cy8/psoc creator/3.2/psoc creator/import/gnu/arm/4.8.4/bin/../lib/gcc/arm-none-eabi/4.8.4/armv6-m\libgcc.a
LOAD d:/program/cy8/psoc creator/3.2/psoc creator/import/gnu/arm/4.8.4/bin/../lib/gcc/arm-none-eabi/4.8.4/../../../../arm-none-eabi/lib/armv6-m\libc.a
LOAD d:/program/cy8/psoc creator/3.2/psoc creator/import/gnu/arm/4.8.4/bin/../lib/gcc/arm-none-eabi/4.8.4/../../../../arm-none-eabi/lib/armv6-m\libnosys.a
END GROUP
                0x00000000                CY_APPL_ORIGIN = 0x0
                0x00000080                CY_FLASH_ROW_SIZE = 0x80
                0x00000001                CY_APPL_NUM = 0x1
                0x00000040                CY_METADATA_SIZE = 0x40
                0x20001e70                PROVIDE (__cy_heap_start, _end)
                0x00000001                PROVIDE (__cy_region_num, ((__cy_regions_end - __cy_regions) / 0x10))
                0x20004000                PROVIDE (__cy_stack, (ORIGIN (ram) + 0x4000))
                0x20003800                PROVIDE (__cy_heap_end, (__cy_stack - 0x800))

.cybootloader   0x00000000        0x0
 *(.cybootloader)
                0x00000000                appl1_start = CY_APPL_ORIGIN?CY_APPL_ORIGIN:ALIGN (CY_FLASH_ROW_SIZE)
                0x0000ff80                appl2_start = (appl1_start + ALIGN ((((0x20000 - appl1_start) - (0x2 * CY_FLASH_ROW_SIZE)) / 0x2), CY_FLASH_ROW_SIZE))
                0x00000000                appl_start = (CY_APPL_NUM == 0x1)?appl1_start:appl2_start

.text           0x00000000     0x3430
 CREATE_OBJECT_SYMBOLS
                0x00000000                PROVIDE (__cy_interrupt_vector, RomVectors)
 *(.romvectors)
 .romvectors    0x00000000       0x10 .\CortexM0\ARM_GCC_484\Debug\Cm0Start.o
                0x00000000                RomVectors
                0x00000001                ASSERT ((. != __cy_interrupt_vector), No interrupt vector)
                0x00000001                ASSERT (CY_APPL_ORIGIN?(SIZEOF (.cybootloader) <= CY_APPL_ORIGIN):0x1, Wrong image location)
                0x00000010                PROVIDE (__cy_reset, Reset)
 *(.text.Reset)
 .text.Reset    0x00000010        0x8 .\CortexM0\ARM_GCC_484\Debug\Cm0Start.o
                0x00000010                Reset
                0x00000001                ASSERT ((. != __cy_reset), No reset code)
 *(.psocinit)
 .psocinit      0x00000018      0x28c .\CortexM0\ARM_GCC_484\Debug\BLE Lab 3.a(cyfitter_cfg.o)
                0x00000114                cyfitter_cfg
                0x000002a4                . = MAX (., 0x100)
 *(.text .text.* .gnu.linkonce.t.*)
 .text          0x000002a4       0x60 d:/program/cy8/psoc creator/3.2/psoc creator/import/gnu/arm/4.8.4/bin/../lib/gcc/arm-none-eabi/4.8.4/armv6-m/crtbegin.o
 .text.main     0x00000304       0x2c .\CortexM0\ARM_GCC_484\Debug\main.o
                0x00000304                main
 .text.InitializeSystem
                0x00000330       0x4c .\CortexM0\ARM_GCC_484\Debug\main.o
 .text.HandleCapSenseSlider
                0x0000037c       0x68 .\CortexM0\ARM_GCC_484\Debug\main.o
 .text.CustomEventHandler
                0x000003e4      0x144 .\CortexM0\ARM_GCC_484\Debug\BLEApplications.o
                0x000003e4                CustomEventHandler
 .text.SendCapSenseNotification
                0x00000528       0x50 .\CortexM0\ARM_GCC_484\Debug\BLEApplications.o
                0x00000528                SendCapSenseNotification
 .text.UpdateRGBled
                0x00000578       0xc0 .\CortexM0\ARM_GCC_484\Debug\BLEApplications.o
                0x00000578                UpdateRGBled
 .text.IntDefaultHandler
                0x00000638        0x8 .\CortexM0\ARM_GCC_484\Debug\Cm0Start.o
                0x00000638                IntDefaultHandler
 .text.Start_c  0x00000640       0x98 .\CortexM0\ARM_GCC_484\Debug\Cm0Start.o
                0x00000640                Start_c
 .text.initialize_psoc
                0x000006d8       0x70 .\CortexM0\ARM_GCC_484\Debug\Cm0Start.o
                0x000006d8                initialize_psoc
 .text.CYMEMZERO
                0x00000748       0x20 .\CortexM0\ARM_GCC_484\Debug\BLE Lab 3.a(cyfitter_cfg.o)
 .text.cfg_write_bytes32
                0x00000768       0x80 .\CortexM0\ARM_GCC_484\Debug\BLE Lab 3.a(cyfitter_cfg.o)
 .text.AnalogSetDefault
                0x000007e8       0x2c .\CortexM0\ARM_GCC_484\Debug\BLE Lab 3.a(cyfitter_cfg.o)
 .text.SetAnalogRoutingPumps
                0x00000814       0x70 .\CortexM0\ARM_GCC_484\Debug\BLE Lab 3.a(cyfitter_cfg.o)
                0x00000814                SetAnalogRoutingPumps
 .text.GREEN_SetDriveMode
                0x00000884       0x30 .\CortexM0\ARM_GCC_484\Debug\BLE Lab 3.a(GREEN.o)
                0x00000884                GREEN_SetDriveMode
 .text.RED_SetDriveMode
                0x000008b4       0x30 .\CortexM0\ARM_GCC_484\Debug\BLE Lab 3.a(RED.o)
                0x000008b4                RED_SetDriveMode
 .text.PRS_2_Start
                0x000008e4       0x24 .\CortexM0\ARM_GCC_484\Debug\BLE Lab 3.a(PRS_2.o)
                0x000008e4                PRS_2_Start
 .text.PRS_2_Init
                0x00000908       0x70 .\CortexM0\ARM_GCC_484\Debug\BLE Lab 3.a(PRS_2.o)
                0x00000908                PRS_2_Init
 .text.PRS_2_Enable
                0x00000978       0x1c .\CortexM0\ARM_GCC_484\Debug\BLE Lab 3.a(PRS_2.o)
                0x00000978                PRS_2_Enable
 .text.PRS_2_WriteSeed
                0x00000994       0x34 .\CortexM0\ARM_GCC_484\Debug\BLE Lab 3.a(PRS_2.o)
                0x00000994                PRS_2_WriteSeed
 .text.PRS_2_WritePolynomial
                0x000009c8       0x20 .\CortexM0\ARM_GCC_484\Debug\BLE Lab 3.a(PRS_2.o)
                0x000009c8                PRS_2_WritePolynomial
 .text.PRS_2_WritePulse0
                0x000009e8       0x20 .\CortexM0\ARM_GCC_484\Debug\BLE Lab 3.a(PRS_2.o)
                0x000009e8                PRS_2_WritePulse0
 .text.PRS_2_WritePulse1
                0x00000a08       0x20 .\CortexM0\ARM_GCC_484\Debug\BLE Lab 3.a(PRS_2.o)
                0x00000a08                PRS_2_WritePulse1
 .text.PRS_1_Start
                0x00000a28       0x24 .\CortexM0\ARM_GCC_484\Debug\BLE Lab 3.a(PRS_1.o)
                0x00000a28                PRS_1_Start
 .text.PRS_1_Init
                0x00000a4c       0x70 .\CortexM0\ARM_GCC_484\Debug\BLE Lab 3.a(PRS_1.o)
                0x00000a4c                PRS_1_Init
 .text.PRS_1_Enable
                0x00000abc       0x1c .\CortexM0\ARM_GCC_484\Debug\BLE Lab 3.a(PRS_1.o)
                0x00000abc                PRS_1_Enable
 .text.PRS_1_WriteSeed
                0x00000ad8       0x34 .\CortexM0\ARM_GCC_484\Debug\BLE Lab 3.a(PRS_1.o)
                0x00000ad8                PRS_1_WriteSeed
 .text.PRS_1_WritePolynomial
                0x00000b0c       0x20 .\CortexM0\ARM_GCC_484\Debug\BLE Lab 3.a(PRS_1.o)
                0x00000b0c                PRS_1_WritePolynomial
 .text.PRS_1_WritePulse0
                0x00000b2c       0x20 .\CortexM0\ARM_GCC_484\Debug\BLE Lab 3.a(PRS_1.o)
                0x00000b2c                PRS_1_WritePulse0
 .text.PRS_1_WritePulse1
                0x00000b4c       0x20 .\CortexM0\ARM_GCC_484\Debug\BLE Lab 3.a(PRS_1.o)
                0x00000b4c                PRS_1_WritePulse1
 .text.BLUE_SetDriveMode
                0x00000b6c       0x30 .\CortexM0\ARM_GCC_484\Debug\BLE Lab 3.a(BLUE.o)
                0x00000b6c                BLUE_SetDriveMode
 .text.CyBle_Init
                0x00000b9c       0x2c .\CortexM0\ARM_GCC_484\Debug\BLE Lab 3.a(BLE.o)
                0x00000b9c                CyBle_Init
 .text.CyBle_ServiceInit
                0x00000bc8        0xc .\CortexM0\ARM_GCC_484\Debug\BLE Lab 3.a(BLE.o)
                0x00000bc8                CyBle_ServiceInit
 .text.CyBle_Start
                0x00000bd4       0xb0 .\CortexM0\ARM_GCC_484\Debug\BLE Lab 3.a(BLE.o)
                0x00000bd4                CyBle_Start
 .text.CyBle_GappStartAdvertisement
                0x00000c84       0xd4 .\CortexM0\ARM_GCC_484\Debug\BLE Lab 3.a(BLE.o)
                0x00000c84                CyBle_GappStartAdvertisement
 .text.CyBle_ChangeAdDeviceAddress
                0x00000d58       0x60 .\CortexM0\ARM_GCC_484\Debug\BLE Lab 3.a(BLE.o)
                0x00000d58                CyBle_ChangeAdDeviceAddress
 .text.CyBle_Get16ByPtr
                0x00000db8       0x24 .\CortexM0\ARM_GCC_484\Debug\BLE Lab 3.a(BLE.o)
                0x00000db8                CyBle_Get16ByPtr
 .text.CyBle_GattsWriteEventHandler
                0x00000ddc       0xa0 .\CortexM0\ARM_GCC_484\Debug\BLE Lab 3.a(BLE_gatt.o)
                0x00000ddc                CyBle_GattsWriteEventHandler
 .text.CyBle_WriteReqHandler
                0x00000e7c       0x70 .\CortexM0\ARM_GCC_484\Debug\BLE Lab 3.a(BLE_eventHandler.o)
 .text.CyBle_ValueConfirmation
                0x00000eec       0x10 .\CortexM0\ARM_GCC_484\Debug\BLE Lab 3.a(BLE_eventHandler.o)
 .text.CyBle_GattDisconnectEventHandler
                0x00000efc       0x18 .\CortexM0\ARM_GCC_484\Debug\BLE Lab 3.a(BLE_eventHandler.o)
 .text.CyBle_TimeOutEventHandler
                0x00000f14       0x10 .\CortexM0\ARM_GCC_484\Debug\BLE Lab 3.a(BLE_eventHandler.o)
 .text.CyBle_GattConnectReqHandler
                0x00000f24        0x8 .\CortexM0\ARM_GCC_484\Debug\BLE Lab 3.a(BLE_eventHandler.o)
 .text.CyBle_IsDeviceAddressValid
                0x00000f2c       0x60 .\CortexM0\ARM_GCC_484\Debug\BLE Lab 3.a(BLE_eventHandler.o)
 .text.CyBle_L2Cap_ConnParamUpdateRspEventHandler
                0x00000f8c       0x14 .\CortexM0\ARM_GCC_484\Debug\BLE Lab 3.a(BLE_eventHandler.o)
 .text.CyBle_GapConnUpdateCompleteEventHandler
                0x00000fa0       0x10 .\CortexM0\ARM_GCC_484\Debug\BLE Lab 3.a(BLE_eventHandler.o)
 .text.CyBle_EventHandler
                0x00000fb0      0x2d8 .\CortexM0\ARM_GCC_484\Debug\BLE Lab 3.a(BLE_eventHandler.o)
                0x00000fb0                CyBle_EventHandler
 .text.CyBle_CustomInit
                0x00001288        0x8 .\CortexM0\ARM_GCC_484\Debug\BLE Lab 3.a(BLE_custom.o)
                0x00001288                CyBle_CustomInit
 .text.CapSense_Init
                0x00001290       0x3c .\CortexM0\ARM_GCC_484\Debug\BLE Lab 3.a(CapSense.o)
                0x00001290                CapSense_Init
 .text.CapSense_CsdHwBlockInit
                0x000012cc       0xbc .\CortexM0\ARM_GCC_484\Debug\BLE Lab 3.a(CapSense.o)
                0x000012cc                CapSense_CsdHwBlockInit
 .text.CapSense_Enable
                0x00001388       0x54 .\CortexM0\ARM_GCC_484\Debug\BLE Lab 3.a(CapSense.o)
                0x00001388                CapSense_Enable
 .text.CapSense_Start
                0x000013dc       0x44 .\CortexM0\ARM_GCC_484\Debug\BLE Lab 3.a(CapSense.o)
                0x000013dc                CapSense_Start
 .text.CapSense_FindNextSensor
                0x00001420       0x48 .\CortexM0\ARM_GCC_484\Debug\BLE Lab 3.a(CapSense.o)
                0x00001420                CapSense_FindNextSensor
 .text.CapSense_ScanSensor
                0x00001468       0x34 .\CortexM0\ARM_GCC_484\Debug\BLE Lab 3.a(CapSense.o)
                0x00001468                CapSense_ScanSensor
 .text.CapSense_ScanEnabledWidgets
                0x0000149c       0x58 .\CortexM0\ARM_GCC_484\Debug\BLE Lab 3.a(CapSense.o)
                0x0000149c                CapSense_ScanEnabledWidgets
 .text.CapSense_IsBusy
                0x000014f4       0x1c .\CortexM0\ARM_GCC_484\Debug\BLE Lab 3.a(CapSense.o)
                0x000014f4                CapSense_IsBusy
 .text.CapSense_ReadSensorRaw
                0x00001510       0x1c .\CortexM0\ARM_GCC_484\Debug\BLE Lab 3.a(CapSense.o)
                0x00001510                CapSense_ReadSensorRaw
 .text.CapSense_ClearSensors
                0x0000152c       0x28 .\CortexM0\ARM_GCC_484\Debug\BLE Lab 3.a(CapSense.o)
                0x0000152c                CapSense_ClearSensors
 .text.CapSense_EnableSensor
                0x00001554       0xcc .\CortexM0\ARM_GCC_484\Debug\BLE Lab 3.a(CapSense.o)
                0x00001554                CapSense_EnableSensor
 .text.CapSense_DisableSensor
                0x00001620      0x120 .\CortexM0\ARM_GCC_484\Debug\BLE Lab 3.a(CapSense.o)
                0x00001620                CapSense_DisableSensor
 .text.CapSense_PreScan
                0x00001740      0x180 .\CortexM0\ARM_GCC_484\Debug\BLE Lab 3.a(CapSense.o)
                0x00001740                CapSense_PreScan
 .text.CapSense_PostScan
                0x000018c0       0xc8 .\CortexM0\ARM_GCC_484\Debug\BLE Lab 3.a(CapSense.o)
                0x000018c0                CapSense_PostScan
 .text.CapSense_SetShieldDelay
                0x00001988       0x30 .\CortexM0\ARM_GCC_484\Debug\BLE Lab 3.a(CapSense.o)
                0x00001988                CapSense_SetShieldDelay
 .text.CapSense_GetBitValue
                0x000019b8       0x44 .\CortexM0\ARM_GCC_484\Debug\BLE Lab 3.a(CapSense.o)
                0x000019b8                CapSense_GetBitValue
 .text.CapSense_SetBitValue
                0x000019fc       0x68 .\CortexM0\ARM_GCC_484\Debug\BLE Lab 3.a(CapSense.o)
                0x000019fc                CapSense_SetBitValue
 .text.CapSense_GetSensorRaw
                0x00001a64       0x50 .\CortexM0\ARM_GCC_484\Debug\BLE Lab 3.a(CapSense.o)
                0x00001a64                CapSense_GetSensorRaw
 .text.CapSense_NormalizeWidgets
                0x00001ab4       0x9c .\CortexM0\ARM_GCC_484\Debug\BLE Lab 3.a(CapSense.o)
                0x00001ab4                CapSense_NormalizeWidgets
 .text.CapSense_BaseInit
                0x00001b50       0x58 .\CortexM0\ARM_GCC_484\Debug\BLE Lab 3.a(CapSense_CSHL.o)
                0x00001b50                CapSense_BaseInit
 .text.CapSense_InitializeSensorBaseline
                0x00001ba8       0x2c .\CortexM0\ARM_GCC_484\Debug\BLE Lab 3.a(CapSense_CSHL.o)
                0x00001ba8                CapSense_InitializeSensorBaseline
 .text.CapSense_InitializeAllBaselines
                0x00001bd4       0x28 .\CortexM0\ARM_GCC_484\Debug\BLE Lab 3.a(CapSense_CSHL.o)
                0x00001bd4                CapSense_InitializeAllBaselines
 .text.CapSense_UpdateBaselineNoThreshold
                0x00001bfc      0x228 .\CortexM0\ARM_GCC_484\Debug\BLE Lab 3.a(CapSense_CSHL.o)
                0x00001bfc                CapSense_UpdateBaselineNoThreshold
 .text.CapSense_UpdateSensorBaseline
                0x00001e24       0x20 .\CortexM0\ARM_GCC_484\Debug\BLE Lab 3.a(CapSense_CSHL.o)
                0x00001e24                CapSense_UpdateSensorBaseline
 .text.CapSense_UpdateEnabledBaselines
                0x00001e44       0x40 .\CortexM0\ARM_GCC_484\Debug\BLE Lab 3.a(CapSense_CSHL.o)
                0x00001e44                CapSense_UpdateEnabledBaselines
 .text.CapSense_FindMaximum
                0x00001e84       0xac .\CortexM0\ARM_GCC_484\Debug\BLE Lab 3.a(CapSense_CSHL.o)
                0x00001e84                CapSense_FindMaximum
 .text.CapSense_CalcCentroid
                0x00001f30      0x194 .\CortexM0\ARM_GCC_484\Debug\BLE Lab 3.a(CapSense_CSHL.o)
                0x00001f30                CapSense_CalcCentroid
 .text.CapSense_GetCentroidPos
                0x000020c4      0x15c .\CortexM0\ARM_GCC_484\Debug\BLE Lab 3.a(CapSense_CSHL.o)
                0x000020c4                CapSense_GetCentroidPos
 .text.CapSense_IIR4Filter
                0x00002220       0x3c .\CortexM0\ARM_GCC_484\Debug\BLE Lab 3.a(CapSense_CSHL.o)
                0x00002220                CapSense_IIR4Filter
 .text.CapSense_ISR
                0x0000225c       0xd4 .\CortexM0\ARM_GCC_484\Debug\BLE Lab 3.a(CapSense_INT.o)
                0x0000225c                CapSense_ISR
 .text.CapSense_AutoTune
                0x00002330      0x104 .\CortexM0\ARM_GCC_484\Debug\BLE Lab 3.a(CapSense_SMS.o)
                0x00002330                CapSense_AutoTune
 .text.CapSense_UpdateThresholds
                0x00002434       0xec .\CortexM0\ARM_GCC_484\Debug\BLE Lab 3.a(CapSense_SMS.o)
                0x00002434                CapSense_UpdateThresholds
 .text.CapSense_SetAnalogSwitchesSrcDirect
                0x00002520       0x18 .\CortexM0\ARM_GCC_484\Debug\BLE Lab 3.a(CapSense_SMS.o)
                0x00002520                CapSense_SetAnalogSwitchesSrcDirect
 .text.CapSense_DisableBaselineIDAC
                0x00002538       0x34 .\CortexM0\ARM_GCC_484\Debug\BLE Lab 3.a(CapSense_SMS.o)
                0x00002538                CapSense_DisableBaselineIDAC
 .text.CapSense_EnableBaselineIDAC
                0x0000256c       0x8c .\CortexM0\ARM_GCC_484\Debug\BLE Lab 3.a(CapSense_SMS.o)
                0x0000256c                CapSense_EnableBaselineIDAC
 .text.CapSense_SampleClk_StartEx
                0x000025f8       0x2c .\CortexM0\ARM_GCC_484\Debug\BLE Lab 3.a(CapSense_SampleClk.o)
                0x000025f8                CapSense_SampleClk_StartEx
 .text.CapSense_SampleClk_Stop
                0x00002624       0x20 .\CortexM0\ARM_GCC_484\Debug\BLE Lab 3.a(CapSense_SampleClk.o)
                0x00002624                CapSense_SampleClk_Stop
 .text.CapSense_SampleClk_SetFractionalDividerRegister
                0x00002644       0x44 .\CortexM0\ARM_GCC_484\Debug\BLE Lab 3.a(CapSense_SampleClk.o)
                0x00002644                CapSense_SampleClk_SetFractionalDividerRegister
 .text.CapSense_SenseClk_StartEx
                0x00002688       0x2c .\CortexM0\ARM_GCC_484\Debug\BLE Lab 3.a(CapSense_SenseClk.o)
                0x00002688                CapSense_SenseClk_StartEx
 .text.CapSense_SenseClk_Stop
                0x000026b4       0x20 .\CortexM0\ARM_GCC_484\Debug\BLE Lab 3.a(CapSense_SenseClk.o)
                0x000026b4                CapSense_SenseClk_Stop
 .text.CapSense_SenseClk_SetFractionalDividerRegister
                0x000026d4       0x44 .\CortexM0\ARM_GCC_484\Debug\BLE Lab 3.a(CapSense_SenseClk.o)
                0x000026d4                CapSense_SenseClk_SetFractionalDividerRegister
 .text          0x00002718       0x20 .\CortexM0\ARM_GCC_484\Debug\BLE Lab 3.a(CyBootAsmGnu.o)
                0x00002718                CyDelayCycles
                0x0000272a                CyEnterCriticalSection
                0x00002732                CyExitCriticalSection
 .text.CySysClkWcoSetHighPowerMode
                0x00002738       0x3c .\CortexM0\ARM_GCC_484\Debug\BLE Lab 3.a(CyLib.o)
 .text.CySysClkWcoSetLowPowerMode
                0x00002774       0x48 .\CortexM0\ARM_GCC_484\Debug\BLE Lab 3.a(CyLib.o)
 .text.CySysClkWriteImoFreq
                0x000027bc      0x1e0 .\CortexM0\ARM_GCC_484\Debug\BLE Lab 3.a(CyLib.o)
                0x000027bc                CySysClkWriteImoFreq
 .text.CySysClkEcoStart
                0x0000299c       0x74 .\CortexM0\ARM_GCC_484\Debug\BLE Lab 3.a(CyLib.o)
                0x0000299c                CySysClkEcoStart
 .text.CySysClkEcoReadStatus
                0x00002a10       0x18 .\CortexM0\ARM_GCC_484\Debug\BLE Lab 3.a(CyLib.o)
                0x00002a10                CySysClkEcoReadStatus
 .text.CySysClkWcoStart
                0x00002a28       0x20 .\CortexM0\ARM_GCC_484\Debug\BLE Lab 3.a(CyLib.o)
                0x00002a28                CySysClkWcoStart
 .text.CySysClkWcoSetPowerMode
                0x00002a48       0x40 .\CortexM0\ARM_GCC_484\Debug\BLE Lab 3.a(CyLib.o)
                0x00002a48                CySysClkWcoSetPowerMode
 .text.CyIntSetVector
                0x00002a88       0x4c .\CortexM0\ARM_GCC_484\Debug\BLE Lab 3.a(CyLib.o)
                0x00002a88                CyIntSetVector
 .text.CyIntSetPriority
                0x00002ad4       0xa8 .\CortexM0\ARM_GCC_484\Debug\BLE Lab 3.a(CyLib.o)
                0x00002ad4                CyIntSetPriority
 .text.CyIntEnable
                0x00002b7c       0x2c .\CortexM0\ARM_GCC_484\Debug\BLE Lab 3.a(CyLib.o)
                0x00002b7c                CyIntEnable
 .text.CyIntDisable
                0x00002ba8       0x2c .\CortexM0\ARM_GCC_484\Debug\BLE Lab 3.a(CyLib.o)
                0x00002ba8                CyIntDisable
 .text.CyIntClearPending
                0x00002bd4       0x2c .\CortexM0\ARM_GCC_484\Debug\BLE Lab 3.a(CyLib.o)
                0x00002bd4                CyIntClearPending
 .text.CyHalt   0x00002c00       0x14 .\CortexM0\ARM_GCC_484\Debug\BLE Lab 3.a(CyLib.o)
                0x00002c00                CyHalt
 .text.CyDelay  0x00002c14       0x48 .\CortexM0\ARM_GCC_484\Debug\BLE Lab 3.a(CyLib.o)
                0x00002c14                CyDelay
 .text.CyDelayUs
                0x00002c5c       0x28 .\CortexM0\ARM_GCC_484\Debug\BLE Lab 3.a(CyLib.o)
                0x00002c5c                CyDelayUs
 .text.CalibrateOneDAC_P4_v2_20
                0x00002c84       0x40 D:\program\CY8\PSoC Creator\3.2\PSoC Creator\psoc\content\cycomponentlibrary\CyComponentLibrary.cylib\CapSense_CSD_P4_v2_20\PSoC4\Library\CapsenseP4Library_GCC.a(CSD_P4_SmartSense_v2_20.o)
                0x00002c84                CalibrateOneDAC_P4_v2_20
 .text.CalibrateSensors_P4_v2_20
                0x00002cc4       0x22 D:\program\CY8\PSoC Creator\3.2\PSoC Creator\psoc\content\cycomponentlibrary\CyComponentLibrary.cylib\CapSense_CSD_P4_v2_20\PSoC4\Library\CapsenseP4Library_GCC.a(CSD_P4_SmartSense_v2_20.o)
                0x00002cc4                CalibrateSensors_P4_v2_20
 *fill*         0x00002ce6        0x2 
 .text.TunePrescalers_P4_v2_20
                0x00002ce8       0x48 D:\program\CY8\PSoC Creator\3.2\PSoC Creator\psoc\content\cycomponentlibrary\CyComponentLibrary.cylib\CapSense_CSD_P4_v2_20\PSoC4\Library\CapsenseP4Library_GCC.a(CSD_P4_SmartSense_v2_20.o)
                0x00002ce8                TunePrescalers_P4_v2_20
 .text.TuneSensitivity_P4_v2_20
                0x00002d30      0x100 D:\program\CY8\PSoC Creator\3.2\PSoC Creator\psoc\content\cycomponentlibrary\CyComponentLibrary.cylib\CapSense_CSD_P4_v2_20\PSoC4\Library\CapsenseP4Library_GCC.a(CSD_P4_SmartSense_v2_20.o)
                0x00002d30                TuneSensitivity_P4_v2_20
 .text.MeasureNoiseEnvelope_P4_v2_20
                0x00002e30      0x118 D:\program\CY8\PSoC Creator\3.2\PSoC Creator\psoc\content\cycomponentlibrary\CyComponentLibrary.cylib\CapSense_CSD_P4_v2_20\PSoC4\Library\CapsenseP4Library_GCC.a(CSD_P4_SmartSense_v2_20.o)
                0x00002e30                MeasureNoiseEnvelope_P4_v2_20
 .text.CalculateThresholds_P4_v2_20
                0x00002f48       0x40 D:\program\CY8\PSoC Creator\3.2\PSoC Creator\psoc\content\cycomponentlibrary\CyComponentLibrary.cylib\CapSense_CSD_P4_v2_20\PSoC4\Library\CapsenseP4Library_GCC.a(CSD_P4_SmartSense_v2_20.o)
                0x00002f48                CalculateThresholds_P4_v2_20
 .text.CyBLE_Bless_LlRegWrite
                0x00002f88       0x1c .\CortexM0\ARM_GCC_484\Debug\BLE Lab 3.a(BLE_HAL_PVT.o)
                0x00002f88                CyBLE_Bless_LlRegWrite
 .text.CyBLE_Bless_RfRegWrite
                0x00002fa4       0x1c .\CortexM0\ARM_GCC_484\Debug\BLE Lab 3.a(BLE_HAL_PVT.o)
                0x00002fa4                CyBLE_Bless_RfRegWrite
 .text.CyBLE_BlessDeviceConfig
                0x00002fc0      0x110 .\CortexM0\ARM_GCC_484\Debug\BLE Lab 3.a(BLE_HAL_PVT.o)
                0x00002fc0                CyBLE_BlessDeviceConfig
 .text.CyBleHal_DelayUs
                0x000030d0       0x1c .\CortexM0\ARM_GCC_484\Debug\BLE Lab 3.a(BLE_HAL_PVT.o)
                0x000030d0                CyBleHal_DelayUs
 .text.CyBleHal_DelayMs
                0x000030ec       0x18 .\CortexM0\ARM_GCC_484\Debug\BLE Lab 3.a(BLE_HAL_PVT.o)
                0x000030ec                CyBleHal_DelayMs
 .text.CyBleHal_EnableGlobalInterrupts
                0x00003104        0xc .\CortexM0\ARM_GCC_484\Debug\BLE Lab 3.a(BLE_HAL_PVT.o)
                0x00003104                CyBleHal_EnableGlobalInterrupts
 .text.CyBleHal_DisableGlobalInterrupts
                0x00003110        0xc .\CortexM0\ARM_GCC_484\Debug\BLE Lab 3.a(BLE_HAL_PVT.o)
                0x00003110                CyBleHal_DisableGlobalInterrupts
 .text.CyBle_HalInit
                0x0000311c       0x20 .\CortexM0\ARM_GCC_484\Debug\BLE Lab 3.a(BLE_HAL_PVT.o)
                0x0000311c                CyBle_HalInit
 .text.CYBLE_BlessStart
                0x0000313c       0x14 .\CortexM0\ARM_GCC_484\Debug\BLE Lab 3.a(BLE_HAL_PVT.o)
                0x0000313c                CYBLE_BlessStart
 .text.BLE_bless_isr_StartEx
                0x00003150       0x24 .\CortexM0\ARM_GCC_484\Debug\BLE Lab 3.a(BLE_bless_isr.o)
                0x00003150                BLE_bless_isr_StartEx
 .text.BLE_bless_isr_SetVector
                0x00003174       0x18 .\CortexM0\ARM_GCC_484\Debug\BLE Lab 3.a(BLE_bless_isr.o)
                0x00003174                BLE_bless_isr_SetVector
 .text.BLE_bless_isr_SetPriority
                0x0000318c       0x50 .\CortexM0\ARM_GCC_484\Debug\BLE Lab 3.a(BLE_bless_isr.o)
                0x0000318c                BLE_bless_isr_SetPriority
 .text.BLE_bless_isr_Enable
                0x000031dc       0x14 .\CortexM0\ARM_GCC_484\Debug\BLE Lab 3.a(BLE_bless_isr.o)
                0x000031dc                BLE_bless_isr_Enable
 .text.BLE_bless_isr_Disable
                0x000031f0       0x14 .\CortexM0\ARM_GCC_484\Debug\BLE Lab 3.a(BLE_bless_isr.o)
                0x000031f0                BLE_bless_isr_Disable
 .text.CySysPmSleep
                0x00003204       0x34 .\CortexM0\ARM_GCC_484\Debug\BLE Lab 3.a(cyPm.o)
                0x00003204                CySysPmSleep
 .text.CyBLE_Bless_Interrupt
                0x00003238        0xc .\CortexM0\ARM_GCC_484\Debug\BLE Lab 3.a(BLE_HAL_INT.o)
                0x00003238                CyBLE_Bless_Interrupt
 .text          0x00003244       0x9c d:/program/cy8/psoc creator/3.2/psoc creator/import/gnu/arm/4.8.4/bin/../lib/gcc/arm-none-eabi/4.8.4/armv6-m\libgcc.a(_udivsi3.o)
                0x00003244                __aeabi_uidiv
                0x00003244                __udivsi3
                0x000032cc                __aeabi_uidivmod
 .text          0x000032e0       0xc0 d:/program/cy8/psoc creator/3.2/psoc creator/import/gnu/arm/4.8.4/bin/../lib/gcc/arm-none-eabi/4.8.4/armv6-m\libgcc.a(_divsi3.o)
                0x000032e0                __divsi3
                0x000032e0                __aeabi_idiv
                0x0000338c                __aeabi_idivmod
 .text          0x000033a0        0x4 d:/program/cy8/psoc creator/3.2/psoc creator/import/gnu/arm/4.8.4/bin/../lib/gcc/arm-none-eabi/4.8.4/armv6-m\libgcc.a(_dvmd_tls.o)
                0x000033a0                __aeabi_idiv0
                0x000033a0                __aeabi_ldiv0
 .text.__libc_init_array
                0x000033a4       0x4c d:/program/cy8/psoc creator/3.2/psoc creator/import/gnu/arm/4.8.4/bin/../lib/gcc/arm-none-eabi/4.8.4/../../../../arm-none-eabi/lib/armv6-m\libg_s.a(lib_a-init.o)
                0x000033a4                __libc_init_array
 .text.memcmp   0x000033f0       0x1e d:/program/cy8/psoc creator/3.2/psoc creator/import/gnu/arm/4.8.4/bin/../lib/gcc/arm-none-eabi/4.8.4/../../../../arm-none-eabi/lib/armv6-m\libg_s.a(lib_a-memcmp.o)
                0x000033f0                memcmp
 .text.memcpy   0x0000340e       0x12 d:/program/cy8/psoc creator/3.2/psoc creator/import/gnu/arm/4.8.4/bin/../lib/gcc/arm-none-eabi/4.8.4/../../../../arm-none-eabi/lib/armv6-m\libg_s.a(lib_a-memcpy-stub.o)
                0x0000340e                memcpy
 .text.memset   0x00003420       0x10 d:/program/cy8/psoc creator/3.2/psoc creator/import/gnu/arm/4.8.4/bin/../lib/gcc/arm-none-eabi/4.8.4/../../../../arm-none-eabi/lib/armv6-m\libg_s.a(lib_a-memset.o)
                0x00003420                memset
 *(.plt)
 *(.gnu.warning)
 *(.glue_7t)
 .glue_7t       0x00000000        0x0 linker stubs
 *(.glue_7)
 .glue_7        0x00000000        0x0 linker stubs
 *(.vfp11_veneer)
 .vfp11_veneer  0x00000000        0x0 linker stubs
 *(.bootloader)
 *(.ARM.extab* .gnu.linkonce.armextab.*)
 *(.gcc_except_table)

.v4_bx          0x00003430        0x0
 .v4_bx         0x00000000        0x0 linker stubs

.iplt           0x00003430        0x0
 .iplt          0x00000000        0x0 d:/program/cy8/psoc creator/3.2/psoc creator/import/gnu/arm/4.8.4/bin/../lib/gcc/arm-none-eabi/4.8.4/armv6-m/crtbegin.o

i.CyBle_ExitLPM
                0x00003430        0x8
 i.CyBle_ExitLPM
                0x00003430        0x8 D:\program\CY8\PSoC Creator\3.2\PSoC Creator\psoc\content\cycomponentlibrary\CyComponentLibrary.cylib\BLE_v2_0\Library\gccCyBLEStack_BLE_SOC_PERIPHERAL.a(CyBle.o)
                0x00003430                CyBle_ExitLPM

i.CyBle_ProcessEvents
                0x00003438        0x8
 i.CyBle_ProcessEvents
                0x00003438        0x8 D:\program\CY8\PSoC Creator\3.2\PSoC Creator\psoc\content\cycomponentlibrary\CyComponentLibrary.cylib\BLE_v2_0\Library\gccCyBLEStack_BLE_SOC_PERIPHERAL.a(CyBle.o)
                0x00003438                CyBle_ProcessEvents

i.CyBle_SetDeviceAddress
                0x00003440       0x24
 i.CyBle_SetDeviceAddress
                0x00003440       0x24 D:\program\CY8\PSoC Creator\3.2\PSoC Creator\psoc\content\cycomponentlibrary\CyComponentLibrary.cylib\BLE_v2_0\Library\gccCyBLEStack_BLE_SOC_PERIPHERAL.a(CyBle.o)
                0x00003440                CyBle_SetDeviceAddress

i.CyBle_StackInit
                0x00003464       0x80
 i.CyBle_StackInit
                0x00003464       0x80 D:\program\CY8\PSoC Creator\3.2\PSoC Creator\psoc\content\cycomponentlibrary\CyComponentLibrary.cylib\BLE_v2_0\Library\gccCyBLEStack_BLE_SOC_PERIPHERAL.a(CyBle.o)
                0x00003464                CyBle_StackInit

i.CyBleStackMgr_Init
                0x000034e4       0xb4
 i.CyBleStackMgr_Init
                0x000034e4       0xb4 D:\program\CY8\PSoC Creator\3.2\PSoC Creator\psoc\content\cycomponentlibrary\CyComponentLibrary.cylib\BLE_v2_0\Library\gccCyBLEStack_BLE_SOC_PERIPHERAL.a(CyBleStackMgrIP_Interface.o)
                0x000034e4                CyBleStackMgr_Init

i.CyBleStackMgr_ProcessBleEvents
                0x00003598       0x14
 i.CyBleStackMgr_ProcessBleEvents
                0x00003598       0x14 D:\program\CY8\PSoC Creator\3.2\PSoC Creator\psoc\content\cycomponentlibrary\CyComponentLibrary.cylib\BLE_v2_0\Library\gccCyBLEStack_BLE_SOC_PERIPHERAL.a(CyBleStackMgrIP_Interface.o)
                0x00003598                CyBleStackMgr_ProcessBleEvents

i.CyBle_GetHeapMemory
                0x000035ac       0x28
 i.CyBle_GetHeapMemory
                0x000035ac       0x28 D:\program\CY8\PSoC Creator\3.2\PSoC Creator\psoc\content\cycomponentlibrary\CyComponentLibrary.cylib\BLE_v2_0\Library\gccCyBLEStack_BLE_SOC_PERIPHERAL.a(CyBleStackMgrIP_Interface.o)
                0x000035ac                CyBle_GetHeapMemory

i.CyBle_GetNumAppBufferPools
                0x000035d4        0xc
 i.CyBle_GetNumAppBufferPools
                0x000035d4        0xc D:\program\CY8\PSoC Creator\3.2\PSoC Creator\psoc\content\cycomponentlibrary\CyComponentLibrary.cylib\BLE_v2_0\Library\gccCyBLEStack_BLE_SOC_PERIPHERAL.a(CyBleStackMgrIP_Interface.o)
                0x000035d4                CyBle_GetNumAppBufferPools

i.CyBle_GetReservedPoolInfo
                0x000035e0       0x3c
 i.CyBle_GetReservedPoolInfo
                0x000035e0       0x3c D:\program\CY8\PSoC Creator\3.2\PSoC Creator\psoc\content\cycomponentlibrary\CyComponentLibrary.cylib\BLE_v2_0\Library\gccCyBLEStack_BLE_SOC_PERIPHERAL.a(CyBleStackMgrIP_Interface.o)
                0x000035e0                CyBle_GetReservedPoolInfo

i.CyBle_HostStackBufferPoolInit
                0x0000361c       0x7c
 i.CyBle_HostStackBufferPoolInit
                0x0000361c       0x7c D:\program\CY8\PSoC Creator\3.2\PSoC Creator\psoc\content\cycomponentlibrary\CyComponentLibrary.cylib\BLE_v2_0\Library\gccCyBLEStack_BLE_SOC_PERIPHERAL.a(CyBleStackMgrIP_Interface.o)

i.ble_stack_idle_task_callback
                0x00003698        0x2
 i.ble_stack_idle_task_callback
                0x00003698        0x2 D:\program\CY8\PSoC Creator\3.2\PSoC Creator\psoc\content\cycomponentlibrary\CyComponentLibrary.cylib\BLE_v2_0\Library\gccCyBLEStack_BLE_SOC_PERIPHERAL.a(CyBleStackMgrIP_Interface.o)
                0x00003698                ble_stack_idle_task_callback

i.BT_OSFreeBuf  0x0000369c       0x20
 i.BT_OSFreeBuf
                0x0000369c       0x20 D:\program\CY8\PSoC Creator\3.2\PSoC Creator\psoc\content\cycomponentlibrary\CyComponentLibrary.cylib\BLE_v2_0\Library\gccCyBLEStack_BLE_SOC_PERIPHERAL.a(BT_os.o)
                0x0000369c                BT_OSFreeBuf

i.BT_OSGetBuF   0x000036bc       0x30
 i.BT_OSGetBuF  0x000036bc       0x30 D:\program\CY8\PSoC Creator\3.2\PSoC Creator\psoc\content\cycomponentlibrary\CyComponentLibrary.cylib\BLE_v2_0\Library\gccCyBLEStack_BLE_SOC_PERIPHERAL.a(BT_os.o)
                0x000036bc                BT_OSGetBuF

i.BT_OSMemCreate
                0x000036ec       0x3c
 i.BT_OSMemCreate
                0x000036ec       0x3c D:\program\CY8\PSoC Creator\3.2\PSoC Creator\psoc\content\cycomponentlibrary\CyComponentLibrary.cylib\BLE_v2_0\Library\gccCyBLEStack_BLE_SOC_PERIPHERAL.a(BT_os.o)
                0x000036ec                BT_OSMemCreate

i.BT_alloc_mem_ext
                0x00003728       0x40
 i.BT_alloc_mem_ext
                0x00003728       0x40 D:\program\CY8\PSoC Creator\3.2\PSoC Creator\psoc\content\cycomponentlibrary\CyComponentLibrary.cylib\BLE_v2_0\Library\gccCyBLEStack_BLE_SOC_PERIPHERAL.a(BT_os.o)
                0x00003728                BT_alloc_mem_ext

i.BT_buff_alloc_from_cfg_pool_ext
                0x00003768       0x18
 i.BT_buff_alloc_from_cfg_pool_ext
                0x00003768       0x18 D:\program\CY8\PSoC Creator\3.2\PSoC Creator\psoc\content\cycomponentlibrary\CyComponentLibrary.cylib\BLE_v2_0\Library\gccCyBLEStack_BLE_SOC_PERIPHERAL.a(BT_os.o)
                0x00003768                BT_buff_alloc_from_cfg_pool_ext

i.BT_free_mem   0x00003780        0xc
 i.BT_free_mem  0x00003780        0xc D:\program\CY8\PSoC Creator\3.2\PSoC Creator\psoc\content\cycomponentlibrary\CyComponentLibrary.cylib\BLE_v2_0\Library\gccCyBLEStack_BLE_SOC_PERIPHERAL.a(BT_os.o)
                0x00003780                BT_free_mem

i.bt_stack_create_buffer_pool
                0x0000378c       0x30
 i.bt_stack_create_buffer_pool
                0x0000378c       0x30 D:\program\CY8\PSoC Creator\3.2\PSoC Creator\psoc\content\cycomponentlibrary\CyComponentLibrary.cylib\BLE_v2_0\Library\gccCyBLEStack_BLE_SOC_PERIPHERAL.a(BT_os.o)
                0x0000378c                bt_stack_create_buffer_pool

i.CyBle_CheckBleStackTaskStatus
                0x000037bc        0x4
 i.CyBle_CheckBleStackTaskStatus
                0x000037bc        0x4 D:\program\CY8\PSoC Creator\3.2\PSoC Creator\psoc\content\cycomponentlibrary\CyComponentLibrary.cylib\BLE_v2_0\Library\gccCyBLEStack_BLE_SOC_PERIPHERAL.a(CyBleStackMgr_StackTaskHandler.o)
                0x000037bc                CyBle_CheckBleStackTaskStatus

i.CyBle_CreateBleStackTask
                0x000037c0       0x2c
 i.CyBle_CreateBleStackTask
                0x000037c0       0x2c D:\program\CY8\PSoC Creator\3.2\PSoC Creator\psoc\content\cycomponentlibrary\CyComponentLibrary.cylib\BLE_v2_0\Library\gccCyBLEStack_BLE_SOC_PERIPHERAL.a(CyBleStackMgr_StackTaskHandler.o)
                0x000037c0                CyBle_CreateBleStackTask

i.CyBle_SignalBleStackTask
                0x000037ec       0x50
 i.CyBle_SignalBleStackTask
                0x000037ec       0x50 D:\program\CY8\PSoC Creator\3.2\PSoC Creator\psoc\content\cycomponentlibrary\CyComponentLibrary.cylib\BLE_v2_0\Library\gccCyBLEStack_BLE_SOC_PERIPHERAL.a(CyBleStackMgr_StackTaskHandler.o)
                0x000037ec                CyBle_SignalBleStackTask

i.CyBle_StackTaskHandler
                0x0000383c       0x5c
 i.CyBle_StackTaskHandler
                0x0000383c       0x5c D:\program\CY8\PSoC Creator\3.2\PSoC Creator\psoc\content\cycomponentlibrary\CyComponentLibrary.cylib\BLE_v2_0\Library\gccCyBLEStack_BLE_SOC_PERIPHERAL.a(CyBleStackMgr_StackTaskHandler.o)
                0x0000383c                CyBle_StackTaskHandler

i.__ARM_common_switch8
                0x00003898       0x1a
 i.__ARM_common_switch8
                0x00003898       0x1a D:\program\CY8\PSoC Creator\3.2\PSoC Creator\psoc\content\cycomponentlibrary\CyComponentLibrary.cylib\BLE_v2_0\Library\gccCyBLEStack_BLE_SOC_PERIPHERAL.a(CyBleStackMgr_StackTaskHandler.o)
                0x00003898                __ARM_common_switch8

i.hci_soft_transport_notify_data_received
                0x000038b4        0xc
 i.hci_soft_transport_notify_data_received
                0x000038b4        0xc D:\program\CY8\PSoC Creator\3.2\PSoC Creator\psoc\content\cycomponentlibrary\CyComponentLibrary.cylib\BLE_v2_0\Library\gccCyBLEStack_BLE_SOC_PERIPHERAL.a(transport_sf.o)
                0x000038b4                hci_soft_transport_notify_data_received

i.hci_soft_transport_rx_data
                0x000038c0       0x40
 i.hci_soft_transport_rx_data
                0x000038c0       0x40 D:\program\CY8\PSoC Creator\3.2\PSoC Creator\psoc\content\cycomponentlibrary\CyComponentLibrary.cylib\BLE_v2_0\Library\gccCyBLEStack_BLE_SOC_PERIPHERAL.a(transport_sf.o)
                0x000038c0                hci_soft_transport_rx_data

i.hci_transport_bt_init
                0x00003900        0x2
 i.hci_transport_bt_init
                0x00003900        0x2 D:\program\CY8\PSoC Creator\3.2\PSoC Creator\psoc\content\cycomponentlibrary\CyComponentLibrary.cylib\BLE_v2_0\Library\gccCyBLEStack_BLE_SOC_PERIPHERAL.a(transport_sf.o)
                0x00003900                hci_transport_bt_init

i.hci_transport_init
                0x00003904       0x10
 i.hci_transport_init
                0x00003904       0x10 D:\program\CY8\PSoC Creator\3.2\PSoC Creator\psoc\content\cycomponentlibrary\CyComponentLibrary.cylib\BLE_v2_0\Library\gccCyBLEStack_BLE_SOC_PERIPHERAL.a(transport_sf.o)
                0x00003904                hci_transport_init

i.hci_transport_write_data
                0x00003914       0xd4
 i.hci_transport_write_data
                0x00003914       0xd4 D:\program\CY8\PSoC Creator\3.2\PSoC Creator\psoc\content\cycomponentlibrary\CyComponentLibrary.cylib\BLE_v2_0\Library\gccCyBLEStack_BLE_SOC_PERIPHERAL.a(transport_sf.o)
                0x00003914                hci_transport_write_data

i.pf_hci_soft_transport_write
                0x000039e8       0x44
 i.pf_hci_soft_transport_write
                0x000039e8       0x44 D:\program\CY8\PSoC Creator\3.2\PSoC Creator\psoc\content\cycomponentlibrary\CyComponentLibrary.cylib\BLE_v2_0\Library\gccCyBLEStack_BLE_SOC_PERIPHERAL.a(transport_sf.o)
                0x000039e8                pf_hci_soft_transport_write

i.pf_soft_hci_transport_init
                0x00003a2c        0xc
 i.pf_soft_hci_transport_init
                0x00003a2c        0xc D:\program\CY8\PSoC Creator\3.2\PSoC Creator\psoc\content\cycomponentlibrary\CyComponentLibrary.cylib\BLE_v2_0\Library\gccCyBLEStack_BLE_SOC_PERIPHERAL.a(transport_sf.o)
                0x00003a2c                pf_soft_hci_transport_init

i.CyBleStackMgr_GetTime
                0x00003a38       0x14
 i.CyBleStackMgr_GetTime
                0x00003a38       0x14 D:\program\CY8\PSoC Creator\3.2\PSoC Creator\psoc\content\cycomponentlibrary\CyComponentLibrary.cylib\BLE_v2_0\Library\gccCyBLEStack_BLE_SOC_PERIPHERAL.a(CyBleStackMgr_PSoCHal.o)
                0x00003a38                CyBleStackMgr_GetTime

i.CyBleStackMgr_HalInit
                0x00003a4c       0x24
 i.CyBleStackMgr_HalInit
                0x00003a4c       0x24 D:\program\CY8\PSoC Creator\3.2\PSoC Creator\psoc\content\cycomponentlibrary\CyComponentLibrary.cylib\BLE_v2_0\Library\gccCyBLEStack_BLE_SOC_PERIPHERAL.a(CyBleStackMgr_PSoCHal.o)
                0x00003a4c                CyBleStackMgr_HalInit

i.CyBleStackMgr_HalIntrEnable
                0x00003a70        0x8
 i.CyBleStackMgr_HalIntrEnable
                0x00003a70        0x8 D:\program\CY8\PSoC Creator\3.2\PSoC Creator\psoc\content\cycomponentlibrary\CyComponentLibrary.cylib\BLE_v2_0\Library\gccCyBLEStack_BLE_SOC_PERIPHERAL.a(CyBleStackMgr_PSoCHal.o)
                0x00003a70                CyBleStackMgr_HalIntrEnable

i.CyBleStackMgr_HandleLinkLayerTick
                0x00003a78       0x5c
 i.CyBleStackMgr_HandleLinkLayerTick
                0x00003a78       0x5c D:\program\CY8\PSoC Creator\3.2\PSoC Creator\psoc\content\cycomponentlibrary\CyComponentLibrary.cylib\BLE_v2_0\Library\gccCyBLEStack_BLE_SOC_PERIPHERAL.a(CyBleStackMgr_PSoCHal.o)
                0x00003a78                CyBleStackMgr_HandleLinkLayerTick

i.CyBleStackMgr_HciPortInit
                0x00003ad4        0xc
 i.CyBleStackMgr_HciPortInit
                0x00003ad4        0xc D:\program\CY8\PSoC Creator\3.2\PSoC Creator\psoc\content\cycomponentlibrary\CyComponentLibrary.cylib\BLE_v2_0\Library\gccCyBLEStack_BLE_SOC_PERIPHERAL.a(CyBleStackMgr_PSoCHal.o)
                0x00003ad4                CyBleStackMgr_HciPortInit

i.CyBleStackMgr_HciPortReset
                0x00003ae0        0x2
 i.CyBleStackMgr_HciPortReset
                0x00003ae0        0x2 D:\program\CY8\PSoC Creator\3.2\PSoC Creator\psoc\content\cycomponentlibrary\CyComponentLibrary.cylib\BLE_v2_0\Library\gccCyBLEStack_BLE_SOC_PERIPHERAL.a(CyBleStackMgr_PSoCHal.o)
                0x00003ae0                CyBleStackMgr_HciPortReset

i.CyBleStackMgr_HciPortWrite
                0x00003ae2        0x8
 i.CyBleStackMgr_HciPortWrite
                0x00003ae2        0x8 D:\program\CY8\PSoC Creator\3.2\PSoC Creator\psoc\content\cycomponentlibrary\CyComponentLibrary.cylib\BLE_v2_0\Library\gccCyBLEStack_BLE_SOC_PERIPHERAL.a(CyBleStackMgr_PSoCHal.o)
                0x00003ae2                CyBleStackMgr_HciPortWrite

i.CyBleStackMgr_ResetLinkLayerTimerEntity
                0x00003aec       0x14
 i.CyBleStackMgr_ResetLinkLayerTimerEntity
                0x00003aec       0x14 D:\program\CY8\PSoC Creator\3.2\PSoC Creator\psoc\content\cycomponentlibrary\CyComponentLibrary.cylib\BLE_v2_0\Library\gccCyBLEStack_BLE_SOC_PERIPHERAL.a(CyBleStackMgr_PSoCHal.o)
                0x00003aec                CyBleStackMgr_ResetLinkLayerTimerEntity

i.CyBleStackMgr_TimerStart
                0x00003b00       0x2c
 i.CyBleStackMgr_TimerStart
                0x00003b00       0x2c D:\program\CY8\PSoC Creator\3.2\PSoC Creator\psoc\content\cycomponentlibrary\CyComponentLibrary.cylib\BLE_v2_0\Library\gccCyBLEStack_BLE_SOC_PERIPHERAL.a(CyBleStackMgr_PSoCHal.o)
                0x00003b00                CyBleStackMgr_TimerStart

i.CyBleStackMgr_TimerStop
                0x00003b2c       0x18
 i.CyBleStackMgr_TimerStop
                0x00003b2c       0x18 D:\program\CY8\PSoC Creator\3.2\PSoC Creator\psoc\content\cycomponentlibrary\CyComponentLibrary.cylib\BLE_v2_0\Library\gccCyBLEStack_BLE_SOC_PERIPHERAL.a(CyBleStackMgr_PSoCHal.o)
                0x00003b2c                CyBleStackMgr_TimerStop

i.CyBleStackMgr_isTimerRunning
                0x00003b44       0x10
 i.CyBleStackMgr_isTimerRunning
                0x00003b44       0x10 D:\program\CY8\PSoC Creator\3.2\PSoC Creator\psoc\content\cycomponentlibrary\CyComponentLibrary.cylib\BLE_v2_0\Library\gccCyBLEStack_BLE_SOC_PERIPHERAL.a(CyBleStackMgr_PSoCHal.o)
                0x00003b44                CyBleStackMgr_isTimerRunning

i.CyBleAtlantisRadioInit
                0x00003b54      0x150
 i.CyBleAtlantisRadioInit
                0x00003b54      0x150 D:\program\CY8\PSoC Creator\3.2\PSoC Creator\psoc\content\cycomponentlibrary\CyComponentLibrary.cylib\BLE_v2_0\Library\gccCyBLEStack_BLE_SOC_PERIPHERAL.a(CyBleStackMgr_BleSSDriver.o)

i.CyBleStackMgr_BleSSFifoRead
                0x00003ca4       0x38
 i.CyBleStackMgr_BleSSFifoRead
                0x00003ca4       0x38 D:\program\CY8\PSoC Creator\3.2\PSoC Creator\psoc\content\cycomponentlibrary\CyComponentLibrary.cylib\BLE_v2_0\Library\gccCyBLEStack_BLE_SOC_PERIPHERAL.a(CyBleStackMgr_BleSSDriver.o)
                0x00003ca4                CyBleStackMgr_BleSSFifoRead

i.CyBleStackMgr_BleSSFifoWrite
                0x00003cdc       0x30
 i.CyBleStackMgr_BleSSFifoWrite
                0x00003cdc       0x30 D:\program\CY8\PSoC Creator\3.2\PSoC Creator\psoc\content\cycomponentlibrary\CyComponentLibrary.cylib\BLE_v2_0\Library\gccCyBLEStack_BLE_SOC_PERIPHERAL.a(CyBleStackMgr_BleSSDriver.o)
                0x00003cdc                CyBleStackMgr_BleSSFifoWrite

i.CyBleStackMgr_BleSSInit
                0x00003d0c       0x50
 i.CyBleStackMgr_BleSSInit
                0x00003d0c       0x50 D:\program\CY8\PSoC Creator\3.2\PSoC Creator\psoc\content\cycomponentlibrary\CyComponentLibrary.cylib\BLE_v2_0\Library\gccCyBLEStack_BLE_SOC_PERIPHERAL.a(CyBleStackMgr_BleSSDriver.o)
                0x00003d0c                CyBleStackMgr_BleSSInit

i.CyBleStackMgr_BleSSMemRead
                0x00003d5c       0x26
 i.CyBleStackMgr_BleSSMemRead
                0x00003d5c       0x26 D:\program\CY8\PSoC Creator\3.2\PSoC Creator\psoc\content\cycomponentlibrary\CyComponentLibrary.cylib\BLE_v2_0\Library\gccCyBLEStack_BLE_SOC_PERIPHERAL.a(CyBleStackMgr_BleSSDriver.o)
                0x00003d5c                CyBleStackMgr_BleSSMemRead

i.CyBleStackMgr_BleSSMemWrite
                0x00003d84       0x34
 i.CyBleStackMgr_BleSSMemWrite
                0x00003d84       0x34 D:\program\CY8\PSoC Creator\3.2\PSoC Creator\psoc\content\cycomponentlibrary\CyComponentLibrary.cylib\BLE_v2_0\Library\gccCyBLEStack_BLE_SOC_PERIPHERAL.a(CyBleStackMgr_BleSSDriver.o)
                0x00003d84                CyBleStackMgr_BleSSMemWrite

i.CyBleStackMgr_BleSSRegRead
                0x00003db8        0xc
 i.CyBleStackMgr_BleSSRegRead
                0x00003db8        0xc D:\program\CY8\PSoC Creator\3.2\PSoC Creator\psoc\content\cycomponentlibrary\CyComponentLibrary.cylib\BLE_v2_0\Library\gccCyBLEStack_BLE_SOC_PERIPHERAL.a(CyBleStackMgr_BleSSDriver.o)
                0x00003db8                CyBleStackMgr_BleSSRegRead

i.CyBleStackMgr_BleSSRegWrite
                0x00003dc4        0xc
 i.CyBleStackMgr_BleSSRegWrite
                0x00003dc4        0xc D:\program\CY8\PSoC Creator\3.2\PSoC Creator\psoc\content\cycomponentlibrary\CyComponentLibrary.cylib\BLE_v2_0\Library\gccCyBLEStack_BLE_SOC_PERIPHERAL.a(CyBleStackMgr_BleSSDriver.o)
                0x00003dc4                CyBleStackMgr_BleSSRegWrite

i.CyBleStackMgr_BleSSReset
                0x00003dd0       0x38
 i.CyBleStackMgr_BleSSReset
                0x00003dd0       0x38 D:\program\CY8\PSoC Creator\3.2\PSoC Creator\psoc\content\cycomponentlibrary\CyComponentLibrary.cylib\BLE_v2_0\Library\gccCyBLEStack_BLE_SOC_PERIPHERAL.a(CyBleStackMgr_BleSSDriver.o)
                0x00003dd0                CyBleStackMgr_BleSSReset

i.CyBleStackMgr_GenericIface
                0x00003e08       0x3c
 i.CyBleStackMgr_GenericIface
                0x00003e08       0x3c D:\program\CY8\PSoC Creator\3.2\PSoC Creator\psoc\content\cycomponentlibrary\CyComponentLibrary.cylib\BLE_v2_0\Library\gccCyBLEStack_BLE_SOC_PERIPHERAL.a(CyBleStackMgr_BleSSDriver.o)
                0x00003e08                CyBleStackMgr_GenericIface

i.CyBleStackMgr_HandleBleSSIntr
                0x00003e44       0x90
 i.CyBleStackMgr_HandleBleSSIntr
                0x00003e44       0x90 D:\program\CY8\PSoC Creator\3.2\PSoC Creator\psoc\content\cycomponentlibrary\CyComponentLibrary.cylib\BLE_v2_0\Library\gccCyBLEStack_BLE_SOC_PERIPHERAL.a(CyBleStackMgr_BleSSDriver.o)
                0x00003e44                CyBleStackMgr_HandleBleSSIntr

i.CyBleStackMgr_SetClockParam
                0x00003ed4       0xb4
 i.CyBleStackMgr_SetClockParam
                0x00003ed4       0xb4 D:\program\CY8\PSoC Creator\3.2\PSoC Creator\psoc\content\cycomponentlibrary\CyComponentLibrary.cylib\BLE_v2_0\Library\gccCyBLEStack_BLE_SOC_PERIPHERAL.a(CyBleStackMgr_BleSSDriver.o)

i.CyBle_ExitDsmMode
                0x00003f88       0x2c
 i.CyBle_ExitDsmMode
                0x00003f88       0x2c D:\program\CY8\PSoC Creator\3.2\PSoC Creator\psoc\content\cycomponentlibrary\CyComponentLibrary.cylib\BLE_v2_0\Library\gccCyBLEStack_BLE_SOC_PERIPHERAL.a(CyBleStackMgr_BleSSDriver.o)
                0x00003f88                CyBle_ExitDsmMode

i.CyBle_GetBleSsOperationalMode
                0x00003fb4        0xc
 i.CyBle_GetBleSsOperationalMode
                0x00003fb4        0xc D:\program\CY8\PSoC Creator\3.2\PSoC Creator\psoc\content\cycomponentlibrary\CyComponentLibrary.cylib\BLE_v2_0\Library\gccCyBLEStack_BLE_SOC_PERIPHERAL.a(CyBleStackMgr_BleSSDriver.o)
                0x00003fb4                CyBle_GetBleSsOperationalMode

i.CyBle_GetLpMode
                0x00003fc0       0x26
 i.CyBle_GetLpMode
                0x00003fc0       0x26 D:\program\CY8\PSoC Creator\3.2\PSoC Creator\psoc\content\cycomponentlibrary\CyComponentLibrary.cylib\BLE_v2_0\Library\gccCyBLEStack_BLE_SOC_PERIPHERAL.a(CyBleStackMgr_BleSSDriver.o)
                0x00003fc0                CyBle_GetLpMode

i.CyBle_GetTxGainMode
                0x00003fe8       0x2c
 i.CyBle_GetTxGainMode
                0x00003fe8       0x2c D:\program\CY8\PSoC Creator\3.2\PSoC Creator\psoc\content\cycomponentlibrary\CyComponentLibrary.cylib\BLE_v2_0\Library\gccCyBLEStack_BLE_SOC_PERIPHERAL.a(CyBleStackMgr_BleSSDriver.o)
                0x00003fe8                CyBle_GetTxGainMode

i.CyBle_SetBleSsOperationalMode
                0x00004014       0x20
 i.CyBle_SetBleSsOperationalMode
                0x00004014       0x20 D:\program\CY8\PSoC Creator\3.2\PSoC Creator\psoc\content\cycomponentlibrary\CyComponentLibrary.cylib\BLE_v2_0\Library\gccCyBLEStack_BLE_SOC_PERIPHERAL.a(CyBleStackMgr_BleSSDriver.o)
                0x00004014                CyBle_SetBleSsOperationalMode

i.CyBle_SetEventCloseState
                0x00004034        0xc
 i.CyBle_SetEventCloseState
                0x00004034        0xc D:\program\CY8\PSoC Creator\3.2\PSoC Creator\psoc\content\cycomponentlibrary\CyComponentLibrary.cylib\BLE_v2_0\Library\gccCyBLEStack_BLE_SOC_PERIPHERAL.a(CyBleStackMgr_BleSSDriver.o)
                0x00004034                CyBle_SetEventCloseState

i.CyBle_SetRxGainMode
                0x00004040       0x20
 i.CyBle_SetRxGainMode
                0x00004040       0x20 D:\program\CY8\PSoC Creator\3.2\PSoC Creator\psoc\content\cycomponentlibrary\CyComponentLibrary.cylib\BLE_v2_0\Library\gccCyBLEStack_BLE_SOC_PERIPHERAL.a(CyBleStackMgr_BleSSDriver.o)
                0x00004040                CyBle_SetRxGainMode

i.CyBle_SetTxGainMode
                0x00004060       0x38
 i.CyBle_SetTxGainMode
                0x00004060       0x38 D:\program\CY8\PSoC Creator\3.2\PSoC Creator\psoc\content\cycomponentlibrary\CyComponentLibrary.cylib\BLE_v2_0\Library\gccCyBLEStack_BLE_SOC_PERIPHERAL.a(CyBleStackMgr_BleSSDriver.o)
                0x00004060                CyBle_SetTxGainMode

i.pf_rf_get_abs_rssi
                0x00004098       0x24
 i.pf_rf_get_abs_rssi
                0x00004098       0x24 D:\program\CY8\PSoC Creator\3.2\PSoC Creator\psoc\content\cycomponentlibrary\CyComponentLibrary.cylib\BLE_v2_0\Library\gccCyBLEStack_BLE_SOC_PERIPHERAL.a(CyBleStackMgr_BleSSDriver.o)
                0x00004098                pf_rf_get_abs_rssi

i.OS_init       0x000040bc       0x64
 i.OS_init      0x000040bc       0x64 D:\program\CY8\PSoC Creator\3.2\PSoC Creator\psoc\content\cycomponentlibrary\CyComponentLibrary.cylib\BLE_v2_0\Library\gccCyBLEStack_BLE_SOC_PERIPHERAL.a(mint_os.o)
                0x000040bc                OS_init

i.mintos_malloc
                0x00004120       0x34
 i.mintos_malloc
                0x00004120       0x34 D:\program\CY8\PSoC Creator\3.2\PSoC Creator\psoc\content\cycomponentlibrary\CyComponentLibrary.cylib\BLE_v2_0\Library\gccCyBLEStack_BLE_SOC_PERIPHERAL.a(mint_os.o)
                0x00004120                mintos_malloc

i.OS_create_queue
                0x00004154       0x64
 i.OS_create_queue
                0x00004154       0x64 D:\program\CY8\PSoC Creator\3.2\PSoC Creator\psoc\content\cycomponentlibrary\CyComponentLibrary.cylib\BLE_v2_0\Library\gccCyBLEStack_BLE_SOC_PERIPHERAL.a(mint_os_queue.o)
                0x00004154                OS_create_queue

i.OS_enqueue_item
                0x000041b8       0x8c
 i.OS_enqueue_item
                0x000041b8       0x8c D:\program\CY8\PSoC Creator\3.2\PSoC Creator\psoc\content\cycomponentlibrary\CyComponentLibrary.cylib\BLE_v2_0\Library\gccCyBLEStack_BLE_SOC_PERIPHERAL.a(mint_os_queue.o)
                0x000041b8                OS_enqueue_item

i.OS_queue_get_num_of_items
                0x00004244       0x28
 i.OS_queue_get_num_of_items
                0x00004244       0x28 D:\program\CY8\PSoC Creator\3.2\PSoC Creator\psoc\content\cycomponentlibrary\CyComponentLibrary.cylib\BLE_v2_0\Library\gccCyBLEStack_BLE_SOC_PERIPHERAL.a(mint_os_queue.o)
                0x00004244                OS_queue_get_num_of_items

i.OS_queue_mgmt_init
                0x0000426c       0x40
 i.OS_queue_mgmt_init
                0x0000426c       0x40 D:\program\CY8\PSoC Creator\3.2\PSoC Creator\psoc\content\cycomponentlibrary\CyComponentLibrary.cylib\BLE_v2_0\Library\gccCyBLEStack_BLE_SOC_PERIPHERAL.a(mint_os_queue.o)
                0x0000426c                OS_queue_mgmt_init

i.OS_remove_item
                0x000042ac       0xa0
 i.OS_remove_item
                0x000042ac       0xa0 D:\program\CY8\PSoC Creator\3.2\PSoC Creator\psoc\content\cycomponentlibrary\CyComponentLibrary.cylib\BLE_v2_0\Library\gccCyBLEStack_BLE_SOC_PERIPHERAL.a(mint_os_queue.o)
                0x000042ac                OS_remove_item

i.OS_create_task
                0x0000434c       0x88
 i.OS_create_task
                0x0000434c       0x88 D:\program\CY8\PSoC Creator\3.2\PSoC Creator\psoc\content\cycomponentlibrary\CyComponentLibrary.cylib\BLE_v2_0\Library\gccCyBLEStack_BLE_SOC_PERIPHERAL.a(mint_os_task.o)
                0x0000434c                OS_create_task

i.OS_isr_send_signal_to_task
                0x000043d4        0xc
 i.OS_isr_send_signal_to_task
                0x000043d4        0xc D:\program\CY8\PSoC Creator\3.2\PSoC Creator\psoc\content\cycomponentlibrary\CyComponentLibrary.cylib\BLE_v2_0\Library\gccCyBLEStack_BLE_SOC_PERIPHERAL.a(mint_os_task.o)
                0x000043d4                OS_isr_send_signal_to_task

i.OS_scheduler  0x000043e0       0x64
 i.OS_scheduler
                0x000043e0       0x64 D:\program\CY8\PSoC Creator\3.2\PSoC Creator\psoc\content\cycomponentlibrary\CyComponentLibrary.cylib\BLE_v2_0\Library\gccCyBLEStack_BLE_SOC_PERIPHERAL.a(mint_os_task.o)
                0x000043e0                OS_scheduler

i.OS_send_signal_to_task
                0x00004444        0xc
 i.OS_send_signal_to_task
                0x00004444        0xc D:\program\CY8\PSoC Creator\3.2\PSoC Creator\psoc\content\cycomponentlibrary\CyComponentLibrary.cylib\BLE_v2_0\Library\gccCyBLEStack_BLE_SOC_PERIPHERAL.a(mint_os_task.o)
                0x00004444                OS_send_signal_to_task

i.OS_send_signal_to_task_context
                0x00004450       0x3c
 i.OS_send_signal_to_task_context
                0x00004450       0x3c D:\program\CY8\PSoC Creator\3.2\PSoC Creator\psoc\content\cycomponentlibrary\CyComponentLibrary.cylib\BLE_v2_0\Library\gccCyBLEStack_BLE_SOC_PERIPHERAL.a(mint_os_task.o)

i.OS_task_mgmt_init
                0x0000448c       0x50
 i.OS_task_mgmt_init
                0x0000448c       0x50 D:\program\CY8\PSoC Creator\3.2\PSoC Creator\psoc\content\cycomponentlibrary\CyComponentLibrary.cylib\BLE_v2_0\Library\gccCyBLEStack_BLE_SOC_PERIPHERAL.a(mint_os_task.o)
                0x0000448c                OS_task_mgmt_init

i.mint_buf_mgmt_allocate_buffer
                0x000044dc       0x4c
 i.mint_buf_mgmt_allocate_buffer
                0x000044dc       0x4c D:\program\CY8\PSoC Creator\3.2\PSoC Creator\psoc\content\cycomponentlibrary\CyComponentLibrary.cylib\BLE_v2_0\Library\gccCyBLEStack_BLE_SOC_PERIPHERAL.a(mint_buf_mgmt.o)
                0x000044dc                mint_buf_mgmt_allocate_buffer

i.mint_buf_mgmt_create_pool
                0x00004528       0xd0
 i.mint_buf_mgmt_create_pool
                0x00004528       0xd0 D:\program\CY8\PSoC Creator\3.2\PSoC Creator\psoc\content\cycomponentlibrary\CyComponentLibrary.cylib\BLE_v2_0\Library\gccCyBLEStack_BLE_SOC_PERIPHERAL.a(mint_buf_mgmt.o)
                0x00004528                mint_buf_mgmt_create_pool

i.mint_buf_mgmt_free_buffer
                0x000045f8       0xa4
 i.mint_buf_mgmt_free_buffer
                0x000045f8       0xa4 D:\program\CY8\PSoC Creator\3.2\PSoC Creator\psoc\content\cycomponentlibrary\CyComponentLibrary.cylib\BLE_v2_0\Library\gccCyBLEStack_BLE_SOC_PERIPHERAL.a(mint_buf_mgmt.o)
                0x000045f8                mint_buf_mgmt_free_buffer

i.mint_buf_mgmt_init
                0x0000469c       0x44
 i.mint_buf_mgmt_init
                0x0000469c       0x44 D:\program\CY8\PSoC Creator\3.2\PSoC Creator\psoc\content\cycomponentlibrary\CyComponentLibrary.cylib\BLE_v2_0\Library\gccCyBLEStack_BLE_SOC_PERIPHERAL.a(mint_buf_mgmt.o)
                0x0000469c                mint_buf_mgmt_init

i.mint_buf_mgmt_malloc
                0x000046e0       0x2c
 i.mint_buf_mgmt_malloc
                0x000046e0       0x2c D:\program\CY8\PSoC Creator\3.2\PSoC Creator\psoc\content\cycomponentlibrary\CyComponentLibrary.cylib\BLE_v2_0\Library\gccCyBLEStack_BLE_SOC_PERIPHERAL.a(mint_buf_mgmt.o)
                0x000046e0                mint_buf_mgmt_malloc

i.mint_buf_mgmt_pl_init
                0x0000470c       0x40
 i.mint_buf_mgmt_pl_init
                0x0000470c       0x40 D:\program\CY8\PSoC Creator\3.2\PSoC Creator\psoc\content\cycomponentlibrary\CyComponentLibrary.cylib\BLE_v2_0\Library\gccCyBLEStack_BLE_SOC_PERIPHERAL.a(mint_buf_mgmt.o)
                0x0000470c                mint_buf_mgmt_pl_init

i.mint_buf_mgmt_reset_pool
                0x0000474c       0x70
 i.mint_buf_mgmt_reset_pool
                0x0000474c       0x70 D:\program\CY8\PSoC Creator\3.2\PSoC Creator\psoc\content\cycomponentlibrary\CyComponentLibrary.cylib\BLE_v2_0\Library\gccCyBLEStack_BLE_SOC_PERIPHERAL.a(mint_buf_mgmt.o)
                0x0000474c                mint_buf_mgmt_reset_pool

i.mint_buf_mgmt_stack_init
                0x000047bc       0x24
 i.mint_buf_mgmt_stack_init
                0x000047bc       0x24 D:\program\CY8\PSoC Creator\3.2\PSoC Creator\psoc\content\cycomponentlibrary\CyComponentLibrary.cylib\BLE_v2_0\Library\gccCyBLEStack_BLE_SOC_PERIPHERAL.a(mint_buf_mgmt.o)
                0x000047bc                mint_buf_mgmt_stack_init

i.mint_buf_mgmt_stack_pop
                0x000047e0       0x36
 i.mint_buf_mgmt_stack_pop
                0x000047e0       0x36 D:\program\CY8\PSoC Creator\3.2\PSoC Creator\psoc\content\cycomponentlibrary\CyComponentLibrary.cylib\BLE_v2_0\Library\gccCyBLEStack_BLE_SOC_PERIPHERAL.a(mint_buf_mgmt.o)
                0x000047e0                mint_buf_mgmt_stack_pop

i.mint_buf_mgmt_stack_push
                0x00004816       0x36
 i.mint_buf_mgmt_stack_push
                0x00004816       0x36 D:\program\CY8\PSoC Creator\3.2\PSoC Creator\psoc\content\cycomponentlibrary\CyComponentLibrary.cylib\BLE_v2_0\Library\gccCyBLEStack_BLE_SOC_PERIPHERAL.a(mint_buf_mgmt.o)
                0x00004816                mint_buf_mgmt_stack_push

i.mint_buf_mgmt_stack_reset
                0x0000484c       0x1e
 i.mint_buf_mgmt_stack_reset
                0x0000484c       0x1e D:\program\CY8\PSoC Creator\3.2\PSoC Creator\psoc\content\cycomponentlibrary\CyComponentLibrary.cylib\BLE_v2_0\Library\gccCyBLEStack_BLE_SOC_PERIPHERAL.a(mint_buf_mgmt.o)
                0x0000484c                mint_buf_mgmt_stack_reset

i.mint_buf_mgmt_stack_search_item
                0x0000486a       0x30
 i.mint_buf_mgmt_stack_search_item
                0x0000486a       0x30 D:\program\CY8\PSoC Creator\3.2\PSoC Creator\psoc\content\cycomponentlibrary\CyComponentLibrary.cylib\BLE_v2_0\Library\gccCyBLEStack_BLE_SOC_PERIPHERAL.a(mint_buf_mgmt.o)
                0x0000486a                mint_buf_mgmt_stack_search_item

i.CyBleControllerIP_GetPingState
                0x0000489c        0xc
 i.CyBleControllerIP_GetPingState
                0x0000489c        0xc D:\program\CY8\PSoC Creator\3.2\PSoC Creator\psoc\content\cycomponentlibrary\CyComponentLibrary.cylib\BLE_v2_0\Library\gccCyBLEStack_BLE_SOC_PERIPHERAL.a(CyBleControllerIP_Interface.o)
                0x0000489c                CyBleControllerIP_GetPingState

i.CyBleController_AddDeviceToWhiteList
                0x000048a8       0x40
 i.CyBleController_AddDeviceToWhiteList
                0x000048a8       0x40 D:\program\CY8\PSoC Creator\3.2\PSoC Creator\psoc\content\cycomponentlibrary\CyComponentLibrary.cylib\BLE_v2_0\Library\gccCyBLEStack_BLE_SOC_PERIPHERAL.a(CyBleControllerIP_Interface.o)
                0x000048a8                CyBleController_AddDeviceToWhiteList

i.CyBleController_ExitLowPowerMode
                0x000048e8       0x10
 i.CyBleController_ExitLowPowerMode
                0x000048e8       0x10 D:\program\CY8\PSoC Creator\3.2\PSoC Creator\psoc\content\cycomponentlibrary\CyComponentLibrary.cylib\BLE_v2_0\Library\gccCyBLEStack_BLE_SOC_PERIPHERAL.a(CyBleControllerIP_Interface.o)
                0x000048e8                CyBleController_ExitLowPowerMode

i.CyBleController_Init
                0x000048f8       0x32
 i.CyBleController_Init
                0x000048f8       0x32 D:\program\CY8\PSoC Creator\3.2\PSoC Creator\psoc\content\cycomponentlibrary\CyComponentLibrary.cylib\BLE_v2_0\Library\gccCyBLEStack_BLE_SOC_PERIPHERAL.a(CyBleControllerIP_Interface.o)
                0x000048f8                CyBleController_Init

i.CyBleController_SetDeviceAddress
                0x0000492a       0x2e
 i.CyBleController_SetDeviceAddress
                0x0000492a       0x2e D:\program\CY8\PSoC Creator\3.2\PSoC Creator\psoc\content\cycomponentlibrary\CyComponentLibrary.cylib\BLE_v2_0\Library\gccCyBLEStack_BLE_SOC_PERIPHERAL.a(CyBleControllerIP_Interface.o)
                0x0000492a                CyBleController_SetDeviceAddress

i.CyBle_GetTxPowerLevel
                0x00004958       0x4e
 i.CyBle_GetTxPowerLevel
                0x00004958       0x4e D:\program\CY8\PSoC Creator\3.2\PSoC Creator\psoc\content\cycomponentlibrary\CyComponentLibrary.cylib\BLE_v2_0\Library\gccCyBLEStack_BLE_SOC_PERIPHERAL.a(CyBleControllerIP_Interface.o)
                0x00004958                CyBle_GetTxPowerLevel

i.CyBle_SetTxPowerLevel
                0x000049a6       0x56
 i.CyBle_SetTxPowerLevel
                0x000049a6       0x56 D:\program\CY8\PSoC Creator\3.2\PSoC Creator\psoc\content\cycomponentlibrary\CyComponentLibrary.cylib\BLE_v2_0\Library\gccCyBLEStack_BLE_SOC_PERIPHERAL.a(CyBleControllerIP_Interface.o)
                0x000049a6                CyBle_SetTxPowerLevel

i.ll_check_and_mark_packet_ready_for_transmission
                0x000049fc       0x28
 i.ll_check_and_mark_packet_ready_for_transmission
                0x000049fc       0x28 D:\program\CY8\PSoC Creator\3.2\PSoC Creator\psoc\content\cycomponentlibrary\CyComponentLibrary.cylib\BLE_v2_0\Library\gccCyBLEStack_BLE_SOC_PERIPHERAL.a(ll.o)
                0x000049fc                ll_check_and_mark_packet_ready_for_transmission

i.ll_cleanup_pending_data_pdu
                0x00004a24       0x38
 i.ll_cleanup_pending_data_pdu
                0x00004a24       0x38 D:\program\CY8\PSoC Creator\3.2\PSoC Creator\psoc\content\cycomponentlibrary\CyComponentLibrary.cylib\BLE_v2_0\Library\gccCyBLEStack_BLE_SOC_PERIPHERAL.a(ll.o)
                0x00004a24                ll_cleanup_pending_data_pdu

i.ll_exit_low_power_mode
                0x00004a5c       0xac
 i.ll_exit_low_power_mode
                0x00004a5c       0xac D:\program\CY8\PSoC Creator\3.2\PSoC Creator\psoc\content\cycomponentlibrary\CyComponentLibrary.cylib\BLE_v2_0\Library\gccCyBLEStack_BLE_SOC_PERIPHERAL.a(ll.o)
                0x00004a5c                ll_exit_low_power_mode

i.ll_get_ack_status
                0x00004b08       0x3c
 i.ll_get_ack_status
                0x00004b08       0x3c D:\program\CY8\PSoC Creator\3.2\PSoC Creator\psoc\content\cycomponentlibrary\CyComponentLibrary.cylib\BLE_v2_0\Library\gccCyBLEStack_BLE_SOC_PERIPHERAL.a(ll.o)
                0x00004b08                ll_get_ack_status

i.ll_get_adv_ch_tx_power
                0x00004b44       0x20
 i.ll_get_adv_ch_tx_power
                0x00004b44       0x20 D:\program\CY8\PSoC Creator\3.2\PSoC Creator\psoc\content\cycomponentlibrary\CyComponentLibrary.cylib\BLE_v2_0\Library\gccCyBLEStack_BLE_SOC_PERIPHERAL.a(ll.o)
                0x00004b44                ll_get_adv_ch_tx_power

i.ll_get_data_channel_map
                0x00004b64       0x24
 i.ll_get_data_channel_map
                0x00004b64       0x24 D:\program\CY8\PSoC Creator\3.2\PSoC Creator\psoc\content\cycomponentlibrary\CyComponentLibrary.cylib\BLE_v2_0\Library\gccCyBLEStack_BLE_SOC_PERIPHERAL.a(ll.o)
                0x00004b64                ll_get_data_channel_map

i.ll_get_max_white_list_size
                0x00004b88        0xc
 i.ll_get_max_white_list_size
                0x00004b88        0xc D:\program\CY8\PSoC Creator\3.2\PSoC Creator\psoc\content\cycomponentlibrary\CyComponentLibrary.cylib\BLE_v2_0\Library\gccCyBLEStack_BLE_SOC_PERIPHERAL.a(ll.o)
                0x00004b88                ll_get_max_white_list_size

i.ll_get_my_role
                0x00004b94        0xc
 i.ll_get_my_role
                0x00004b94        0xc D:\program\CY8\PSoC Creator\3.2\PSoC Creator\psoc\content\cycomponentlibrary\CyComponentLibrary.cylib\BLE_v2_0\Library\gccCyBLEStack_BLE_SOC_PERIPHERAL.a(ll.o)
                0x00004b94                ll_get_my_role

i.ll_get_next_available_fifo_for_data_pdu
                0x00004ba0        0x8
 i.ll_get_next_available_fifo_for_data_pdu
                0x00004ba0        0x8 D:\program\CY8\PSoC Creator\3.2\PSoC Creator\psoc\content\cycomponentlibrary\CyComponentLibrary.cylib\BLE_v2_0\Library\gccCyBLEStack_BLE_SOC_PERIPHERAL.a(ll.o)
                0x00004ba0                ll_get_next_available_fifo_for_data_pdu

i.ll_get_next_available_fifo_for_ll_pdu
                0x00004ba8       0x24
 i.ll_get_next_available_fifo_for_ll_pdu
                0x00004ba8       0x24 D:\program\CY8\PSoC Creator\3.2\PSoC Creator\psoc\content\cycomponentlibrary\CyComponentLibrary.cylib\BLE_v2_0\Library\gccCyBLEStack_BLE_SOC_PERIPHERAL.a(ll.o)
                0x00004ba8                ll_get_next_available_fifo_for_ll_pdu

i.ll_get_rssi_value
                0x00004bcc       0x26
 i.ll_get_rssi_value
                0x00004bcc       0x26 D:\program\CY8\PSoC Creator\3.2\PSoC Creator\psoc\content\cycomponentlibrary\CyComponentLibrary.cylib\BLE_v2_0\Library\gccCyBLEStack_BLE_SOC_PERIPHERAL.a(ll.o)
                0x00004bcc                ll_get_rssi_value

i.ll_get_transmit_power_level
                0x00004bf4       0x2c
 i.ll_get_transmit_power_level
                0x00004bf4       0x2c D:\program\CY8\PSoC Creator\3.2\PSoC Creator\psoc\content\cycomponentlibrary\CyComponentLibrary.cylib\BLE_v2_0\Library\gccCyBLEStack_BLE_SOC_PERIPHERAL.a(ll.o)
                0x00004bf4                ll_get_transmit_power_level

i.ll_handle_ack_received
                0x00004c20       0x74
 i.ll_handle_ack_received
                0x00004c20       0x74 D:\program\CY8\PSoC Creator\3.2\PSoC Creator\psoc\content\cycomponentlibrary\CyComponentLibrary.cylib\BLE_v2_0\Library\gccCyBLEStack_BLE_SOC_PERIPHERAL.a(ll.o)
                0x00004c20                ll_handle_ack_received

i.ll_handle_add_device_in_whitelist
                0x00004c94       0x3a
 i.ll_handle_add_device_in_whitelist
                0x00004c94       0x3a D:\program\CY8\PSoC Creator\3.2\PSoC Creator\psoc\content\cycomponentlibrary\CyComponentLibrary.cylib\BLE_v2_0\Library\gccCyBLEStack_BLE_SOC_PERIPHERAL.a(ll.o)
                0x00004c94                ll_handle_add_device_in_whitelist

i.ll_handle_clear_whitelist
                0x00004cce       0x16
 i.ll_handle_clear_whitelist
                0x00004cce       0x16 D:\program\CY8\PSoC Creator\3.2\PSoC Creator\psoc\content\cycomponentlibrary\CyComponentLibrary.cylib\BLE_v2_0\Library\gccCyBLEStack_BLE_SOC_PERIPHERAL.a(ll.o)
                0x00004cce                ll_handle_clear_whitelist

i.ll_handle_encrypt_host_data
                0x00004ce4       0x36
 i.ll_handle_encrypt_host_data
                0x00004ce4       0x36 D:\program\CY8\PSoC Creator\3.2\PSoC Creator\psoc\content\cycomponentlibrary\CyComponentLibrary.cylib\BLE_v2_0\Library\gccCyBLEStack_BLE_SOC_PERIPHERAL.a(ll.o)
                0x00004ce4                ll_handle_encrypt_host_data

i.ll_handle_host_data_packet
                0x00004d1a       0x54
 i.ll_handle_host_data_packet
                0x00004d1a       0x54 D:\program\CY8\PSoC Creator\3.2\PSoC Creator\psoc\content\cycomponentlibrary\CyComponentLibrary.cylib\BLE_v2_0\Library\gccCyBLEStack_BLE_SOC_PERIPHERAL.a(ll.o)
                0x00004d1a                ll_handle_host_data_packet

i.ll_handle_read_host_channel_map
                0x00004d6e        0x4
 i.ll_handle_read_host_channel_map
                0x00004d6e        0x4 D:\program\CY8\PSoC Creator\3.2\PSoC Creator\psoc\content\cycomponentlibrary\CyComponentLibrary.cylib\BLE_v2_0\Library\gccCyBLEStack_BLE_SOC_PERIPHERAL.a(ll.o)
                0x00004d6e                ll_handle_read_host_channel_map

i.ll_handle_remove_device_in_whitelist
                0x00004d72       0x2a
 i.ll_handle_remove_device_in_whitelist
                0x00004d72       0x2a D:\program\CY8\PSoC Creator\3.2\PSoC Creator\psoc\content\cycomponentlibrary\CyComponentLibrary.cylib\BLE_v2_0\Library\gccCyBLEStack_BLE_SOC_PERIPHERAL.a(ll.o)
                0x00004d72                ll_handle_remove_device_in_whitelist

i.ll_handle_reset
                0x00004d9c        0xe
 i.ll_handle_reset
                0x00004d9c        0xe D:\program\CY8\PSoC Creator\3.2\PSoC Creator\psoc\content\cycomponentlibrary\CyComponentLibrary.cylib\BLE_v2_0\Library\gccCyBLEStack_BLE_SOC_PERIPHERAL.a(ll.o)
                0x00004d9c                ll_handle_reset

i.ll_handle_set_random_address
                0x00004daa       0x36
 i.ll_handle_set_random_address
                0x00004daa       0x36 D:\program\CY8\PSoC Creator\3.2\PSoC Creator\psoc\content\cycomponentlibrary\CyComponentLibrary.cylib\BLE_v2_0\Library\gccCyBLEStack_BLE_SOC_PERIPHERAL.a(ll.o)
                0x00004daa                ll_handle_set_random_address

i.ll_init       0x00004de0       0x18
 i.ll_init      0x00004de0       0x18 D:\program\CY8\PSoC Creator\3.2\PSoC Creator\psoc\content\cycomponentlibrary\CyComponentLibrary.cylib\BLE_v2_0\Library\gccCyBLEStack_BLE_SOC_PERIPHERAL.a(ll.o)
                0x00004de0                ll_init

i.ll_initialize_device_attributes
                0x00004df8       0x4c
 i.ll_initialize_device_attributes
                0x00004df8       0x4c D:\program\CY8\PSoC Creator\3.2\PSoC Creator\psoc\content\cycomponentlibrary\CyComponentLibrary.cylib\BLE_v2_0\Library\gccCyBLEStack_BLE_SOC_PERIPHERAL.a(ll.o)
                0x00004df8                ll_initialize_device_attributes

i.ll_is_pkt_pending
                0x00004e44       0x2a
 i.ll_is_pkt_pending
                0x00004e44       0x2a D:\program\CY8\PSoC Creator\3.2\PSoC Creator\psoc\content\cycomponentlibrary\CyComponentLibrary.cylib\BLE_v2_0\Library\gccCyBLEStack_BLE_SOC_PERIPHERAL.a(ll.o)
                0x00004e44                ll_is_pkt_pending

i.ll_is_sent_pkt_pending
                0x00004e6e       0x1a
 i.ll_is_sent_pkt_pending
                0x00004e6e       0x1a D:\program\CY8\PSoC Creator\3.2\PSoC Creator\psoc\content\cycomponentlibrary\CyComponentLibrary.cylib\BLE_v2_0\Library\gccCyBLEStack_BLE_SOC_PERIPHERAL.a(ll.o)
                0x00004e6e                ll_is_sent_pkt_pending

i.ll_isr_exit_low_power_mode
                0x00004e88       0x16
 i.ll_isr_exit_low_power_mode
                0x00004e88       0x16 D:\program\CY8\PSoC Creator\3.2\PSoC Creator\psoc\content\cycomponentlibrary\CyComponentLibrary.cylib\BLE_v2_0\Library\gccCyBLEStack_BLE_SOC_PERIPHERAL.a(ll.o)
                0x00004e88                ll_isr_exit_low_power_mode

i.ll_load_host_data_packet
                0x00004e9e       0x4a
 i.ll_load_host_data_packet
                0x00004e9e       0x4a D:\program\CY8\PSoC Creator\3.2\PSoC Creator\psoc\content\cycomponentlibrary\CyComponentLibrary.cylib\BLE_v2_0\Library\gccCyBLEStack_BLE_SOC_PERIPHERAL.a(ll.o)
                0x00004e9e                ll_load_host_data_packet

i.ll_load_packet_to_fifo
                0x00004ee8       0x6e
 i.ll_load_packet_to_fifo
                0x00004ee8       0x6e D:\program\CY8\PSoC Creator\3.2\PSoC Creator\psoc\content\cycomponentlibrary\CyComponentLibrary.cylib\BLE_v2_0\Library\gccCyBLEStack_BLE_SOC_PERIPHERAL.a(ll.o)
                0x00004ee8                ll_load_packet_to_fifo

i.ll_process_acks
                0x00004f56       0x3c
 i.ll_process_acks
                0x00004f56       0x3c D:\program\CY8\PSoC Creator\3.2\PSoC Creator\psoc\content\cycomponentlibrary\CyComponentLibrary.cylib\BLE_v2_0\Library\gccCyBLEStack_BLE_SOC_PERIPHERAL.a(ll.o)
                0x00004f56                ll_process_acks

i.ll_reset      0x00004f92       0x12
 i.ll_reset     0x00004f92       0x12 D:\program\CY8\PSoC Creator\3.2\PSoC Creator\psoc\content\cycomponentlibrary\CyComponentLibrary.cylib\BLE_v2_0\Library\gccCyBLEStack_BLE_SOC_PERIPHERAL.a(ll.o)
                0x00004f92                ll_reset

i.ll_update_active_features
                0x00004fa4       0x58
 i.ll_update_active_features
                0x00004fa4       0x58 D:\program\CY8\PSoC Creator\3.2\PSoC Creator\psoc\content\cycomponentlibrary\CyComponentLibrary.cylib\BLE_v2_0\Library\gccCyBLEStack_BLE_SOC_PERIPHERAL.a(ll.o)
                0x00004fa4                ll_update_active_features

i.ll_update_device_fsm
                0x00004ffc        0x8
 i.ll_update_device_fsm
                0x00004ffc        0x8 D:\program\CY8\PSoC Creator\3.2\PSoC Creator\psoc\content\cycomponentlibrary\CyComponentLibrary.cylib\BLE_v2_0\Library\gccCyBLEStack_BLE_SOC_PERIPHERAL.a(ll.o)
                0x00004ffc                ll_update_device_fsm

i.pf_le_start_timer
                0x00005004       0x16
 i.pf_le_start_timer
                0x00005004       0x16 D:\program\CY8\PSoC Creator\3.2\PSoC Creator\psoc\content\cycomponentlibrary\CyComponentLibrary.cylib\BLE_v2_0\Library\gccCyBLEStack_BLE_SOC_PERIPHERAL.a(ll.o)
                0x00005004                pf_le_start_timer

i.pf_le_stop_timer
                0x0000501a       0x12
 i.pf_le_stop_timer
                0x0000501a       0x12 D:\program\CY8\PSoC Creator\3.2\PSoC Creator\psoc\content\cycomponentlibrary\CyComponentLibrary.cylib\BLE_v2_0\Library\gccCyBLEStack_BLE_SOC_PERIPHERAL.a(ll.o)
                0x0000501a                pf_le_stop_timer

i.CyBleControllerIP_TuneAdvEventInterPktSlots
                0x0000502c       0x44
 i.CyBleControllerIP_TuneAdvEventInterPktSlots
                0x0000502c       0x44 D:\program\CY8\PSoC Creator\3.2\PSoC Creator\psoc\content\cycomponentlibrary\CyComponentLibrary.cylib\BLE_v2_0\Library\gccCyBLEStack_BLE_SOC_PERIPHERAL.a(ll_advertiser.o)
                0x0000502c                CyBleControllerIP_TuneAdvEventInterPktSlots

i.ll_adv_is_configured_connection_adv
                0x00005070       0x1e
 i.ll_adv_is_configured_connection_adv
                0x00005070       0x1e D:\program\CY8\PSoC Creator\3.2\PSoC Creator\psoc\content\cycomponentlibrary\CyComponentLibrary.cylib\BLE_v2_0\Library\gccCyBLEStack_BLE_SOC_PERIPHERAL.a(ll_advertiser.o)
                0x00005070                ll_adv_is_configured_connection_adv

i.ll_check_random_address_in_use_by_advertiser
                0x0000508e       0x10
 i.ll_check_random_address_in_use_by_advertiser
                0x0000508e       0x10 D:\program\CY8\PSoC Creator\3.2\PSoC Creator\psoc\content\cycomponentlibrary\CyComponentLibrary.cylib\BLE_v2_0\Library\gccCyBLEStack_BLE_SOC_PERIPHERAL.a(ll_advertiser.o)
                0x0000508e                ll_check_random_address_in_use_by_advertiser

i.ll_check_whitelist_in_use_by_advertiser
                0x0000509e       0x10
 i.ll_check_whitelist_in_use_by_advertiser
                0x0000509e       0x10 D:\program\CY8\PSoC Creator\3.2\PSoC Creator\psoc\content\cycomponentlibrary\CyComponentLibrary.cylib\BLE_v2_0\Library\gccCyBLEStack_BLE_SOC_PERIPHERAL.a(ll_advertiser.o)
                0x0000509e                ll_check_whitelist_in_use_by_advertiser

i.ll_get_adv_status
                0x000050ae        0xc
 i.ll_get_adv_status
                0x000050ae        0xc D:\program\CY8\PSoC Creator\3.2\PSoC Creator\psoc\content\cycomponentlibrary\CyComponentLibrary.cylib\BLE_v2_0\Library\gccCyBLEStack_BLE_SOC_PERIPHERAL.a(ll_advertiser.o)
                0x000050ae                ll_get_adv_status

i.ll_get_adv_type
                0x000050ba       0x16
 i.ll_get_adv_type
                0x000050ba       0x16 D:\program\CY8\PSoC Creator\3.2\PSoC Creator\psoc\content\cycomponentlibrary\CyComponentLibrary.cylib\BLE_v2_0\Library\gccCyBLEStack_BLE_SOC_PERIPHERAL.a(ll_advertiser.o)
                0x000050ba                ll_get_adv_type

i.ll_handle_adv_intr
                0x000050d0       0x50
 i.ll_handle_adv_intr
                0x000050d0       0x50 D:\program\CY8\PSoC Creator\3.2\PSoC Creator\psoc\content\cycomponentlibrary\CyComponentLibrary.cylib\BLE_v2_0\Library\gccCyBLEStack_BLE_SOC_PERIPHERAL.a(ll_advertiser.o)
                0x000050d0                ll_handle_adv_intr

i.ll_handle_set_adv_data
                0x00005120       0x14
 i.ll_handle_set_adv_data
                0x00005120       0x14 D:\program\CY8\PSoC Creator\3.2\PSoC Creator\psoc\content\cycomponentlibrary\CyComponentLibrary.cylib\BLE_v2_0\Library\gccCyBLEStack_BLE_SOC_PERIPHERAL.a(ll_advertiser.o)
                0x00005120                ll_handle_set_adv_data

i.ll_handle_set_adv_parameters
                0x00005134       0x84
 i.ll_handle_set_adv_parameters
                0x00005134       0x84 D:\program\CY8\PSoC Creator\3.2\PSoC Creator\psoc\content\cycomponentlibrary\CyComponentLibrary.cylib\BLE_v2_0\Library\gccCyBLEStack_BLE_SOC_PERIPHERAL.a(ll_advertiser.o)
                0x00005134                ll_handle_set_adv_parameters

i.ll_handle_set_advertise_enable
                0x000051b8       0x70
 i.ll_handle_set_advertise_enable
                0x000051b8       0x70 D:\program\CY8\PSoC Creator\3.2\PSoC Creator\psoc\content\cycomponentlibrary\CyComponentLibrary.cylib\BLE_v2_0\Library\gccCyBLEStack_BLE_SOC_PERIPHERAL.a(ll_advertiser.o)
                0x000051b8                ll_handle_set_advertise_enable

i.ll_handle_set_scan_resp_data
                0x00005228       0x14
 i.ll_handle_set_scan_resp_data
                0x00005228       0x14 D:\program\CY8\PSoC Creator\3.2\PSoC Creator\psoc\content\cycomponentlibrary\CyComponentLibrary.cylib\BLE_v2_0\Library\gccCyBLEStack_BLE_SOC_PERIPHERAL.a(ll_advertiser.o)
                0x00005228                ll_handle_set_scan_resp_data

i.ll_init_advertiser
                0x0000523c       0x68
 i.ll_init_advertiser
                0x0000523c       0x68 D:\program\CY8\PSoC Creator\3.2\PSoC Creator\psoc\content\cycomponentlibrary\CyComponentLibrary.cylib\BLE_v2_0\Library\gccCyBLEStack_BLE_SOC_PERIPHERAL.a(ll_advertiser.o)
                0x0000523c                ll_init_advertiser

i.is_le_connection_handle
                0x000052a4       0x28
 i.is_le_connection_handle
                0x000052a4       0x28 D:\program\CY8\PSoC Creator\3.2\PSoC Creator\psoc\content\cycomponentlibrary\CyComponentLibrary.cylib\BLE_v2_0\Library\gccCyBLEStack_BLE_SOC_PERIPHERAL.a(ll_connection.o)
                0x000052a4                is_le_connection_handle

i.le_assign_connection_handle
                0x000052cc       0x28
 i.le_assign_connection_handle
                0x000052cc       0x28 D:\program\CY8\PSoC Creator\3.2\PSoC Creator\psoc\content\cycomponentlibrary\CyComponentLibrary.cylib\BLE_v2_0\Library\gccCyBLEStack_BLE_SOC_PERIPHERAL.a(ll_connection.o)
                0x000052cc                le_assign_connection_handle

i.le_get_connection_index
                0x000052f4        0x6
 i.le_get_connection_index
                0x000052f4        0x6 D:\program\CY8\PSoC Creator\3.2\PSoC Creator\psoc\content\cycomponentlibrary\CyComponentLibrary.cylib\BLE_v2_0\Library\gccCyBLEStack_BLE_SOC_PERIPHERAL.a(ll_connection.o)
                0x000052f4                le_get_connection_index

i.ll_allocate_connection
                0x000052fc       0x44
 i.ll_allocate_connection
                0x000052fc       0x44 D:\program\CY8\PSoC Creator\3.2\PSoC Creator\psoc\content\cycomponentlibrary\CyComponentLibrary.cylib\BLE_v2_0\Library\gccCyBLEStack_BLE_SOC_PERIPHERAL.a(ll_connection.o)
                0x000052fc                ll_allocate_connection

i.ll_calculate_and_program_def_win_widen_drift
                0x00005340       0x14
 i.ll_calculate_and_program_def_win_widen_drift
                0x00005340       0x14 D:\program\CY8\PSoC Creator\3.2\PSoC Creator\psoc\content\cycomponentlibrary\CyComponentLibrary.cylib\BLE_v2_0\Library\gccCyBLEStack_BLE_SOC_PERIPHERAL.a(ll_connection.o)
                0x00005340                ll_calculate_and_program_def_win_widen_drift

i.ll_calculate_drift
                0x00005354       0x2c
 i.ll_calculate_drift
                0x00005354       0x2c D:\program\CY8\PSoC Creator\3.2\PSoC Creator\psoc\content\cycomponentlibrary\CyComponentLibrary.cylib\BLE_v2_0\Library\gccCyBLEStack_BLE_SOC_PERIPHERAL.a(ll_connection.o)
                0x00005354                ll_calculate_drift

i.ll_check_and_decrypt_ll_pdu
                0x00005380       0x68
 i.ll_check_and_decrypt_ll_pdu
                0x00005380       0x68 D:\program\CY8\PSoC Creator\3.2\PSoC Creator\psoc\content\cycomponentlibrary\CyComponentLibrary.cylib\BLE_v2_0\Library\gccCyBLEStack_BLE_SOC_PERIPHERAL.a(ll_connection.o)
                0x00005380                ll_check_and_decrypt_ll_pdu

i.ll_check_and_decrypt_packet
                0x000053e8       0x6a
 i.ll_check_and_decrypt_packet
                0x000053e8       0x6a D:\program\CY8\PSoC Creator\3.2\PSoC Creator\psoc\content\cycomponentlibrary\CyComponentLibrary.cylib\BLE_v2_0\Library\gccCyBLEStack_BLE_SOC_PERIPHERAL.a(ll_connection.o)
                0x000053e8                ll_check_and_decrypt_packet

i.ll_check_and_encrypt_ll_pdu
                0x00005452       0x72
 i.ll_check_and_encrypt_ll_pdu
                0x00005452       0x72 D:\program\CY8\PSoC Creator\3.2\PSoC Creator\psoc\content\cycomponentlibrary\CyComponentLibrary.cylib\BLE_v2_0\Library\gccCyBLEStack_BLE_SOC_PERIPHERAL.a(ll_connection.o)
                0x00005452                ll_check_and_encrypt_ll_pdu

i.ll_check_and_encrypt_packet
                0x000054c4       0x8a
 i.ll_check_and_encrypt_packet
                0x000054c4       0x8a D:\program\CY8\PSoC Creator\3.2\PSoC Creator\psoc\content\cycomponentlibrary\CyComponentLibrary.cylib\BLE_v2_0\Library\gccCyBLEStack_BLE_SOC_PERIPHERAL.a(ll_connection.o)
                0x000054c4                ll_check_and_encrypt_packet

i.ll_check_for_allowing_incoming_connection_update
                0x0000554e       0x42
 i.ll_check_for_allowing_incoming_connection_update
                0x0000554e       0x42 D:\program\CY8\PSoC Creator\3.2\PSoC Creator\psoc\content\cycomponentlibrary\CyComponentLibrary.cylib\BLE_v2_0\Library\gccCyBLEStack_BLE_SOC_PERIPHERAL.a(ll_connection.o)
                0x0000554e                ll_check_for_allowing_incoming_connection_update

i.ll_check_if_pdu_is_loaded_to_hardware
                0x00005590       0x1c
 i.ll_check_if_pdu_is_loaded_to_hardware
                0x00005590       0x1c D:\program\CY8\PSoC Creator\3.2\PSoC Creator\psoc\content\cycomponentlibrary\CyComponentLibrary.cylib\BLE_v2_0\Library\gccCyBLEStack_BLE_SOC_PERIPHERAL.a(ll_connection.o)
                0x00005590                ll_check_if_pdu_is_loaded_to_hardware

i.ll_check_random_address_in_use_by_initiator
                0x000055ac       0x30
 i.ll_check_random_address_in_use_by_initiator
                0x000055ac       0x30 D:\program\CY8\PSoC Creator\3.2\PSoC Creator\psoc\content\cycomponentlibrary\CyComponentLibrary.cylib\BLE_v2_0\Library\gccCyBLEStack_BLE_SOC_PERIPHERAL.a(ll_connection.o)
                0x000055ac                ll_check_random_address_in_use_by_initiator

i.ll_check_white_list_in_use_by_initiator
                0x000055dc       0x30
 i.ll_check_white_list_in_use_by_initiator
                0x000055dc       0x30 D:\program\CY8\PSoC Creator\3.2\PSoC Creator\psoc\content\cycomponentlibrary\CyComponentLibrary.cylib\BLE_v2_0\Library\gccCyBLEStack_BLE_SOC_PERIPHERAL.a(ll_connection.o)
                0x000055dc                ll_check_white_list_in_use_by_initiator

i.ll_conn_free_enc_txn_buffer
                0x0000560c       0x16
 i.ll_conn_free_enc_txn_buffer
                0x0000560c       0x16 D:\program\CY8\PSoC Creator\3.2\PSoC Creator\psoc\content\cycomponentlibrary\CyComponentLibrary.cylib\BLE_v2_0\Library\gccCyBLEStack_BLE_SOC_PERIPHERAL.a(ll_connection.o)
                0x0000560c                ll_conn_free_enc_txn_buffer

i.ll_conn_fsm_update_channel_state
                0x00005622        0x6
 i.ll_conn_fsm_update_channel_state
                0x00005622        0x6 D:\program\CY8\PSoC Creator\3.2\PSoC Creator\psoc\content\cycomponentlibrary\CyComponentLibrary.cylib\BLE_v2_0\Library\gccCyBLEStack_BLE_SOC_PERIPHERAL.a(ll_connection.o)
                0x00005622                ll_conn_fsm_update_channel_state

i.ll_conn_fsm_update_conn_update_state
                0x00005628        0x6
 i.ll_conn_fsm_update_conn_update_state
                0x00005628        0x6 D:\program\CY8\PSoC Creator\3.2\PSoC Creator\psoc\content\cycomponentlibrary\CyComponentLibrary.cylib\BLE_v2_0\Library\gccCyBLEStack_BLE_SOC_PERIPHERAL.a(ll_connection.o)
                0x00005628                ll_conn_fsm_update_conn_update_state

i.ll_conn_fsm_update_enc_state
                0x0000562e        0x6
 i.ll_conn_fsm_update_enc_state
                0x0000562e        0x6 D:\program\CY8\PSoC Creator\3.2\PSoC Creator\psoc\content\cycomponentlibrary\CyComponentLibrary.cylib\BLE_v2_0\Library\gccCyBLEStack_BLE_SOC_PERIPHERAL.a(ll_connection.o)
                0x0000562e                ll_conn_fsm_update_enc_state

i.ll_conn_fsm_update_state
                0x00005634        0x4
 i.ll_conn_fsm_update_state
                0x00005634        0x4 D:\program\CY8\PSoC Creator\3.2\PSoC Creator\psoc\content\cycomponentlibrary\CyComponentLibrary.cylib\BLE_v2_0\Library\gccCyBLEStack_BLE_SOC_PERIPHERAL.a(ll_connection.o)
                0x00005634                ll_conn_fsm_update_state

i.ll_conn_handle_data_pdu_from_host_when_data_paused
                0x00005638        0x8
 i.ll_conn_handle_data_pdu_from_host_when_data_paused
                0x00005638        0x8 D:\program\CY8\PSoC Creator\3.2\PSoC Creator\psoc\content\cycomponentlibrary\CyComponentLibrary.cylib\BLE_v2_0\Library\gccCyBLEStack_BLE_SOC_PERIPHERAL.a(ll_connection.o)
                0x00005638                ll_conn_handle_data_pdu_from_host_when_data_paused

i.ll_conn_handle_direct_adv_timeout
                0x00005640       0x2a
 i.ll_conn_handle_direct_adv_timeout
                0x00005640       0x2a D:\program\CY8\PSoC Creator\3.2\PSoC Creator\psoc\content\cycomponentlibrary\CyComponentLibrary.cylib\BLE_v2_0\Library\gccCyBLEStack_BLE_SOC_PERIPHERAL.a(ll_connection.o)
                0x00005640                ll_conn_handle_direct_adv_timeout

i.ll_conn_handle_ping_timer_expired_interrupt
                0x0000566c       0x1c
 i.ll_conn_handle_ping_timer_expired_interrupt
                0x0000566c       0x1c D:\program\CY8\PSoC Creator\3.2\PSoC Creator\psoc\content\cycomponentlibrary\CyComponentLibrary.cylib\BLE_v2_0\Library\gccCyBLEStack_BLE_SOC_PERIPHERAL.a(ll_connection.o)
                0x0000566c                ll_conn_handle_ping_timer_expired_interrupt

i.ll_conn_handle_ping_timer_nearly_expired_interrupt
                0x00005688       0x20
 i.ll_conn_handle_ping_timer_nearly_expired_interrupt
                0x00005688       0x20 D:\program\CY8\PSoC Creator\3.2\PSoC Creator\psoc\content\cycomponentlibrary\CyComponentLibrary.cylib\BLE_v2_0\Library\gccCyBLEStack_BLE_SOC_PERIPHERAL.a(ll_connection.o)
                0x00005688                ll_conn_handle_ping_timer_nearly_expired_interrupt

i.ll_conn_handle_stop_connectable_adv
                0x000056a8       0x12
 i.ll_conn_handle_stop_connectable_adv
                0x000056a8       0x12 D:\program\CY8\PSoC Creator\3.2\PSoC Creator\psoc\content\cycomponentlibrary\CyComponentLibrary.cylib\BLE_v2_0\Library\gccCyBLEStack_BLE_SOC_PERIPHERAL.a(ll_connection.o)
                0x000056a8                ll_conn_handle_stop_connectable_adv

i.ll_conn_process_pending_transactions
                0x000056ba        0x4
 i.ll_conn_process_pending_transactions
                0x000056ba        0x4 D:\program\CY8\PSoC Creator\3.2\PSoC Creator\psoc\content\cycomponentlibrary\CyComponentLibrary.cylib\BLE_v2_0\Library\gccCyBLEStack_BLE_SOC_PERIPHERAL.a(ll_connection.o)
                0x000056ba                ll_conn_process_pending_transactions

i.ll_conn_program_authenticated_payload_timer
                0x000056c0       0x50
 i.ll_conn_program_authenticated_payload_timer
                0x000056c0       0x50 D:\program\CY8\PSoC Creator\3.2\PSoC Creator\psoc\content\cycomponentlibrary\CyComponentLibrary.cylib\BLE_v2_0\Library\gccCyBLEStack_BLE_SOC_PERIPHERAL.a(ll_connection.o)
                0x000056c0                ll_conn_program_authenticated_payload_timer

i.ll_conn_read_data_pdu_from_hardware
                0x00005710       0x14
 i.ll_conn_read_data_pdu_from_hardware
                0x00005710       0x14 D:\program\CY8\PSoC Creator\3.2\PSoC Creator\psoc\content\cycomponentlibrary\CyComponentLibrary.cylib\BLE_v2_0\Library\gccCyBLEStack_BLE_SOC_PERIPHERAL.a(ll_connection.o)
                0x00005710                ll_conn_read_data_pdu_from_hardware

i.ll_conn_send_ping_req_pdu
                0x00005724       0x40
 i.ll_conn_send_ping_req_pdu
                0x00005724       0x40 D:\program\CY8\PSoC Creator\3.2\PSoC Creator\psoc\content\cycomponentlibrary\CyComponentLibrary.cylib\BLE_v2_0\Library\gccCyBLEStack_BLE_SOC_PERIPHERAL.a(ll_connection.o)
                0x00005724                ll_conn_send_ping_req_pdu

i.ll_conn_store_pending_tx_pdu
                0x00005764       0x1a
 i.ll_conn_store_pending_tx_pdu
                0x00005764       0x1a D:\program\CY8\PSoC Creator\3.2\PSoC Creator\psoc\content\cycomponentlibrary\CyComponentLibrary.cylib\BLE_v2_0\Library\gccCyBLEStack_BLE_SOC_PERIPHERAL.a(ll_connection.o)
                0x00005764                ll_conn_store_pending_tx_pdu

i.ll_conn_update_rssi
                0x0000577e       0x16
 i.ll_conn_update_rssi
                0x0000577e       0x16 D:\program\CY8\PSoC Creator\3.2\PSoC Creator\psoc\content\cycomponentlibrary\CyComponentLibrary.cylib\BLE_v2_0\Library\gccCyBLEStack_BLE_SOC_PERIPHERAL.a(ll_connection.o)
                0x0000577e                ll_conn_update_rssi

i.ll_convert_hci_llid_to_ll_llid_host_to_controller
                0x00005794        0x8
 i.ll_convert_hci_llid_to_ll_llid_host_to_controller
                0x00005794        0x8 D:\program\CY8\PSoC Creator\3.2\PSoC Creator\psoc\content\cycomponentlibrary\CyComponentLibrary.cylib\BLE_v2_0\Library\gccCyBLEStack_BLE_SOC_PERIPHERAL.a(ll_connection.o)
                0x00005794                ll_convert_hci_llid_to_ll_llid_host_to_controller

i.ll_convert_ll_llid_to_hci_llid_controller_to_host
                0x0000579c        0x2
 i.ll_convert_ll_llid_to_hci_llid_controller_to_host
                0x0000579c        0x2 D:\program\CY8\PSoC Creator\3.2\PSoC Creator\psoc\content\cycomponentlibrary\CyComponentLibrary.cylib\BLE_v2_0\Library\gccCyBLEStack_BLE_SOC_PERIPHERAL.a(ll_connection.o)
                0x0000579c                ll_convert_ll_llid_to_hci_llid_controller_to_host

i.ll_decode_and_program_connect_req
                0x000057a0       0xec
 i.ll_decode_and_program_connect_req